Microchip MPLAB XC8 Compiler V1.44 ()

Linker command line:

-W-3 --edf=/opt/microchip/xc8/v1.44/dat/en_msgs.txt -cs \
  -h+dist/default/debug/Andre_8Chan_C.X.debug.sym \
  --cmf=dist/default/debug/Andre_8Chan_C.X.debug.cmf -z -Q18F47K40 \
  -o/tmp/xcXQQF4wL -Mdist/default/debug/Andre_8Chan_C.X.debug.map -E1 \
  -ver=XC8 -ASTACK=08Ch-0e87h -pstack=STACK -ACODE=00h-01FFFFh \
  -ACONST=00h-01FFFFh -ASMALLCONST=0F00h-0FFFhx497 \
  -AMEDIUMCONST=0F00h-0FFFFh,010F00h-01FFFFh -ACOMRAM=01h-05Fh \
  -AABS1=00h-0E87h -ABIGRAM=01h-0E87h \
  -ARAM=060h-0FFh,0100h-01FFhx13,0E00h-0E87h -ABANK0=060h-0FFh \
  -ABANK1=0100h-01FFh -ABANK2=0200h-02FFh -ABANK3=0300h-03FFh \
  -ABANK4=0400h-04FFh -ABANK5=0500h-05FFh -ABANK6=0600h-06FFh \
  -ABANK7=0700h-07FFh -ABANK8=0800h-08FFh -ABANK9=0900h-09FFh \
  -ABANK10=0A00h-0AFFh -ABANK11=0B00h-0BFFh -ABANK12=0C00h-0CFFh \
  -ABANK13=0D00h-0DFFh -ABANK14=0E00h-0E87h \
  -ASFR=0E8Dh-0EFFh,0F00h-0F5Fh,0F60h-0FFFh \
  -preset_vec=00h,intcode=08h,intcodelo,powerup,init -pramtop=0F00h \
  -psmallconst=SMALLCONST -pmediumconst=MEDIUMCONST -pconst=CONST \
  -AFARRAM=00h-00h -ACONFIG=0300000h-030000Bh -pconfig=CONFIG \
  -AIDLOC=0200000h-020000Fh -pidloc=IDLOC -AEEDATA=0310000h-03103FFh \
  -peeprom_data=EEDATA \
  -prdata=COMRAM,nvrram=COMRAM,nvbit=COMRAM,rbss=COMRAM,rbit=COMRAM \
  -pfarbss=FARRAM,fardata=FARRAM,nvFARRAM=FARRAM \
  -pintsave_regs=BIGRAM,bigbss=BIGRAM,bigdata=BIGRAM -pbss=RAM \
  -pidata=CODE,irdata=CODE,ibigdata=CODE,ifardata=CODE -prparam=COMRAM \
  /tmp/xcXdvp7T9.obj dist/default/debug/Andre_8Chan_C.X.debug.obj 

Object code version is 3.11

Machine type is 18F47K40

Call graph: (short form)




                Name                               Link     Load   Length Selector   Space Scale
/tmp/xcXdvp7T9.obj
                init                                 AA       AA        4        4       0
                reset_vec                             0        0        6        0       0
                idloc                            200000   200000       10   200000       0
                config                           300000   300000        C   300000       0
dist/default/debug/Andre_8Chan_C.X.debug.obj
                intcode                               8        8       A2        4       0
                temp                                 4B       4B        1        1       1
                mediumconst                        FDC6     FDC6      23A     7EE3       0
                text71                            1127E    1127E        6     8000       0
                text69                            1122C    1122C        E     8000       0
                text68                            111DC    111DC       14     8000       0
                text67                            1123A    1123A        C     8000       0
                text66                            111C6    111C6       16     8000       0
                text65                            1116C    1116C       18     8000       0
                text64                            1125E    1125E        8     8000       0
                text63                            11154    11154       18     8000       0
                text62                            1073E    1073E       B0     8000       0
                text61                            10F8C    10F8C       34     8000       0
                text60                            10F58    10F58       34     8000       0
                text59                            10F24    10F24       34     8000       0
                text58                            11050    11050       2A     8000       0
                text57                            1113C    1113C       18     8000       0
                text56                            10E4E    10E4E       3A     8000       0
                text55                            10C60    10C60       54     8000       0
                text54                            10B62    10B62       56     8000       0
                text53                            110A0    110A0       22     8000       0
                text52                            10A92    10A92       6A     8000       0
                text51                            10C0C    10C0C       54     8000       0
                text50                            1121E    1121E        E     8000       0
                text49                            11256    11256        8     8000       0
                text48                            1124E    1124E        8     8000       0
                text47                            10D98    10D98       42     8000       0
                text46                            10FC0    10FC0       32     8000       0
                text45                            111B0    111B0       16     8000       0
                text44                            10AFC    10AFC       66     8000       0
                text43                            10688    10688       B6     8000       0
                text42                            1041E    1041E       E8     8000       0
                text41                            10EF0    10EF0       34     8000       0
                text40                            10122    10122      106     8000       0
                text39                            10FF2    10FF2       30     8000       0
                text38                            1128E    1128E        2     8000       0
                text37                            1128C    1128C        2     8000       0
                text36                            1128A    1128A        2     8000       0
                text35                            11288    11288        2     8000       0
                text34                            11286    11286        2     8000       0
                text33                            11284    11284        2     8000       0
                text32                            111F0    111F0       12     8000       0
                text31                            1107A    1107A       26     8000       0
                text30                            11278    11278        6     8000       0
                text29                            11210    11210        E     8000       0
                text28                            11272    11272        6     8000       0
                text27                            11202    11202        E     8000       0
                text26                            1126C    1126C        6     8000       0
                text25                            10324    10324       FA     8000       0
                text24                            1092A    1092A       86     8000       0
                text23                            109B0    109B0       78     8000       0
                text22                            10E14    10E14       3A     8000       0
                text21                            11120    11120       1C     8000       0
                text20                            10CB4    10CB4       52     8000       0
                text19                            10BB8    10BB8       54     8000       0
                text18                            10506    10506       CA     8000       0
                text17                            10896    10896       94     8000       0
                text16                            1119A    1119A       16     8000       0
                text15                            107EE    107EE       A8     8000       0
                text14                            10000    10000      122     8000       0
                text13                            11246    11246        8     8000       0
                text12                            11102    11102       1E     8000       0
                text11                            10228    10228       FC     8000       0
                text10                            110E2    110E2       20     8000       0
                text9                             11266    11266        6     8000       0
                text8                             10EBC    10EBC       34     8000       0
                text7                             11022    11022       2E     8000       0
                text6                             11184    11184       16     8000       0
                text5                             10D54    10D54       44     8000       0
                text4                             10DDA    10DDA       3A     8000       0
                text3                             110C2    110C2       20     8000       0
                text2                             10D06    10D06       4E     8000       0
                text1                             10A28    10A28       6A     8000       0
                text0                             105D0    105D0       B8     8000       0
                cstackCOMRAM                          1        1       22        1       1
                cstackBANK0                          80       80        C       60       1
                bssBANK0                             60       60       20       60       1
                dataCOMRAM                           4A       4A        1        1       1
                bssCOMRAM                            23       23       20        1       1
                cinit                             10E88    10E88       34     8000       0
                nvCOMRAM                             43       43        7        1       1
                idataCOMRAM                       11290    11290        1     8000       0

TOTAL           Name                               Link     Load   Length     Space
        CLASS   STACK          

        CLASS   CODE           
                intcode                               8        8       A2         0
                init                                 AA       AA        4         0
                reset_vec                             0        0        6         0
                text71                            1127E    1127E        6         0
                text69                            1122C    1122C        E         0
                text68                            111DC    111DC       14         0
                text67                            1123A    1123A        C         0
                text66                            111C6    111C6       16         0
                text65                            1116C    1116C       18         0
                text64                            1125E    1125E        8         0
                text63                            11154    11154       18         0
                text62                            1073E    1073E       B0         0
                text61                            10F8C    10F8C       34         0
                text60                            10F58    10F58       34         0
                text59                            10F24    10F24       34         0
                text58                            11050    11050       2A         0
                text57                            1113C    1113C       18         0
                text56                            10E4E    10E4E       3A         0
                text55                            10C60    10C60       54         0
                text54                            10B62    10B62       56         0
                text53                            110A0    110A0       22         0
                text52                            10A92    10A92       6A         0
                text51                            10C0C    10C0C       54         0
                text50                            1121E    1121E        E         0
                text49                            11256    11256        8         0
                text48                            1124E    1124E        8         0
                text47                            10D98    10D98       42         0
                text46                            10FC0    10FC0       32         0
                text45                            111B0    111B0       16         0
                text44                            10AFC    10AFC       66         0
                text43                            10688    10688       B6         0
                text42                            1041E    1041E       E8         0
                text41                            10EF0    10EF0       34         0
                text40                            10122    10122      106         0
                text39                            10FF2    10FF2       30         0
                text38                            1128E    1128E        2         0
                text37                            1128C    1128C        2         0
                text36                            1128A    1128A        2         0
                text35                            11288    11288        2         0
                text34                            11286    11286        2         0
                text33                            11284    11284        2         0
                text32                            111F0    111F0       12         0
                text31                            1107A    1107A       26         0
                text30                            11278    11278        6         0
                text29                            11210    11210        E         0
                text28                            11272    11272        6         0
                text27                            11202    11202        E         0
                text26                            1126C    1126C        6         0
                text25                            10324    10324       FA         0
                text24                            1092A    1092A       86         0
                text23                            109B0    109B0       78         0
                text22                            10E14    10E14       3A         0
                text21                            11120    11120       1C         0
                text20                            10CB4    10CB4       52         0
                text19                            10BB8    10BB8       54         0
                text18                            10506    10506       CA         0
                text17                            10896    10896       94         0
                text16                            1119A    1119A       16         0
                text15                            107EE    107EE       A8         0
                text14                            10000    10000      122         0
                text13                            11246    11246        8         0
                text12                            11102    11102       1E         0
                text11                            10228    10228       FC         0
                text10                            110E2    110E2       20         0
                text9                             11266    11266        6         0
                text8                             10EBC    10EBC       34         0
                text7                             11022    11022       2E         0
                text6                             11184    11184       16         0
                text5                             10D54    10D54       44         0
                text4                             10DDA    10DDA       3A         0
                text3                             110C2    110C2       20         0
                text2                             10D06    10D06       4E         0
                text1                             10A28    10A28       6A         0
                text0                             105D0    105D0       B8         0
                cinit                             10E88    10E88       34         0
                idataCOMRAM                       11290    11290        1         0

        CLASS   CONST          

        CLASS   SMALLCONST     

        CLASS   MEDIUMCONST    
                mediumconst                        FDC6     FDC6      23A         0

        CLASS   COMRAM         
                temp                                 4B       4B        1         1
                cstackCOMRAM                          1        1       22         1
                dataCOMRAM                           4A       4A        1         1
                bssCOMRAM                            23       23       20         1
                nvCOMRAM                             43       43        7         1

        CLASS   ABS1           

        CLASS   BIGRAM         

        CLASS   RAM            

        CLASS   BANK0          
                cstackBANK0                          80       80        C         1
                bssBANK0                             60       60       20         1

        CLASS   BANK1          

        CLASS   BANK2          

        CLASS   BANK3          

        CLASS   BANK4          

        CLASS   BANK5          

        CLASS   BANK6          

        CLASS   BANK7          

        CLASS   BANK8          

        CLASS   BANK9          

        CLASS   BANK10         

        CLASS   BANK11         

        CLASS   BANK12         

        CLASS   BANK13         

        CLASS   BANK14         

        CLASS   SFR            

        CLASS   FARRAM         

        CLASS   CONFIG         
                config                           300000   300000        C         0

        CLASS   IDLOC          
                idloc                            200000   200000       10         0

        CLASS   EEDATA         



SEGMENTS        Name                           Load    Length   Top    Selector   Space  Class

                reset_vec                      000000  000006  000006         0       0  CODE    
                cstackCOMRAM                   000001  00004B  00004C         1       1  COMRAM  
                intcode                        000008  0000A6  0000AE         4       0  CODE    
                bssBANK0                       000060  00002C  00008C        60       1  BANK0   
                mediumconst                    00FDC6  00023A  010000      7EE3       0  MEDIUMCO
                text14                         010000  001291  011291      8000       0  CODE    
                idloc                          200000  000010  200010    200000       0  IDLOC   
                config                         300000  00000C  30000C    300000       0  CONFIG  


UNUSED ADDRESS RANGES

        Name                Unused          Largest block    Delta
        BANK0            00008C-0000FF               74
        BANK1            000100-0001FF              100
        BANK10           000A00-000AFF              100
        BANK11           000B00-000BFF              100
        BANK12           000C00-000CFF              100
        BANK13           000D00-000DFF              100
        BANK14           000E00-000E87               88
        BANK2            000200-0002FF              100
        BANK3            000300-0003FF              100
        BANK4            000400-0004FF              100
        BANK5            000500-0005FF              100
        BANK6            000600-0006FF              100
        BANK7            000700-0007FF              100
        BANK8            000800-0008FF              100
        BANK9            000900-0009FF              100
        BIGRAM           00004C-00005F               14
                         00008C-000E87              DFC
        CODE             000006-000007                2
                         0000AE-00FDC5             FD18
                         011291-01FFFF             ED6F
        COMRAM           00004C-00005F               14
        CONST            000006-000007                2
                         0000AE-00FDC5             FD18
                         011291-01FFFF             ED6F
        EEDATA           310000-3103FF              400
        MEDIUMCONST      000F00-00FDC5             EEC6
                         011291-01FFFF             ED6F
        RAM              00008C-000E87              100
        SFR              000E8D-000FFF               73
        SMALLCONST       000F00-00FDC5              100
                         011291-01FFFF              100
        STACK            00008C-000E87              DFC

                                  Symbol Table

?___ltdiv                                cstackCOMRAM 000013
?___ltmod                                cstackCOMRAM 000013
DAC1_SetOutput@inputData                 cstackCOMRAM 000013
DATAEE_ReadByte@bAdd                     cstackCOMRAM 000013
DATAEE_WriteByte@GIEBitValue             cstackCOMRAM 000016
DATAEE_WriteByte@bAdd                    cstackCOMRAM 000013
DATAEE_WriteByte@bData                   cstackCOMRAM 000015
EUSART1_Write@txData                     cstackCOMRAM 000013
PIN_MANAGER_Initialize@state             cstackCOMRAM 000013
_ANSELA                                  (abs)        000F11
_ANSELB                                  (abs)        000F19
_ANSELC                                  (abs)        000F21
_ANSELD                                  (abs)        000F26
_ANSELE                                  (abs)        000F2E
_Audit                                   text38       01128E
_BAUD1CON                                (abs)        000F9F
_BAUD1CONbits                            (abs)        000F9F
_BAUD2CON                                (abs)        000E9F
_CM1CON0                                 (abs)        000F39
_CM1CON1                                 (abs)        000F3A
_CM1NCH                                  (abs)        000F3B
_CM1PCH                                  (abs)        000F3C
_CMOUTbits                               (abs)        000F3D
_CMP1_GetOutputStatus                    text69       01122C
_CMP1_Initialize                         text68       0111DC
_Clear_cred                              text37       01128C
_DAC1CON0                                (abs)        000F33
_DAC1CON1                                (abs)        000F34
_DAC1_Initialize                         text67       01123A
_DAC1_SetOutput                          text13       011246
_DATAEE_ReadByte                         text57       01113C
_DATAEE_WriteByte                        text56       010E4E
_EUSART1_Initialize                      text66       0111C6
_EUSART1_Read                            text32       0111F0
_EUSART1_Write                           text29       011210
_EUSART2_Initialize                      text65       01116C
_GIE                                     (abs)        007F97
_Hopper_coin                             text36       01128A
_INTCONbits                              (abs)        000FF2
_INTERRUPT_Initialize                    text64       01125E
_INTERRUPT_InterruptManagerHigh          intcode      000008
_IPR0bits                                (abs)        000EBA
_LATA                                    (abs)        000F83
_LATA6                                   (abs)        007C1E
_LATA7                                   (abs)        007C1F
_LATB                                    (abs)        000F84
_LATC                                    (abs)        000F85
_LATCbits                                (abs)        000F85
_LATD                                    (abs)        000F86
_LATE                                    (abs)        000F87
_NVMADRH                                 (abs)        000F7F
_NVMADRL                                 (abs)        000F7E
_NVMCON1bits                             (abs)        000F81
_NVMCON2                                 (abs)        000F82
_NVMDAT                                  (abs)        000F80
_Note_test                               text35       011288
_ODCONA                                  (abs)        000F0F
_ODCONB                                  (abs)        000F17
_ODCONC                                  (abs)        000F1F
_ODCOND                                  (abs)        000F24
_ODCONE                                  (abs)        000F2C
_OSCCON1                                 (abs)        000ED8
_OSCCON3                                 (abs)        000EDA
_OSCEN                                   (abs)        000EDC
_OSCFRQ                                  (abs)        000EDE
_OSCILLATOR_Initialize                   text63       011154
_OSCTUNE                                 (abs)        000EDD
_PIE0bits                                (abs)        000EC2
_PIN_MANAGER_IOC                         text71       01127E
_PIN_MANAGER_Initialize                  text62       01073E
_PIR0bits                                (abs)        000ECA
_PIR3bits                                (abs)        000ECD
_PIR4bits                                (abs)        000ECE
_PIR7bits                                (abs)        000ED1
_PORTA                                   (abs)        000F8D
_PORTD                                   (abs)        000F90
_PPSLOCK                                 (abs)        000EA0
_PPSLOCKbits                             (abs)        000EA0
_RB5PPS                                  (abs)        000EF4
_RC1REG                                  (abs)        000F99
_RC1STA                                  (abs)        000F9D
_RC1STAbits                              (abs)        000F9D
_RC2REG                                  (abs)        000E99
_RC2STA                                  (abs)        000E9D
_RC2STAbits                              (abs)        000E9D
_RC6PPS                                  (abs)        000EFD
_RX1PPSbits                              (abs)        000EB5
_RX2PPSbits                              (abs)        000E8D
_SP1BRGH                                 (abs)        000F9C
_SP1BRGL                                 (abs)        000F9B
_SP2BRGH                                 (abs)        000E9C
_SP2BRGL                                 (abs)        000E9B
_SYSTEM_Initialize                       text58       011050
_Sensor_set                              text34       011286
_T1CLK                                   (abs)        000FD2
_T1CON                                   (abs)        000FCF
_T1CONbits                               (abs)        000FCF
_T1GATE                                  (abs)        000FD1
_T1GCON                                  (abs)        000FD0
_T1GCONbits                              (abs)        000FD0
_T3CLK                                   (abs)        000FCC
_T3CON                                   (abs)        000FC9
_T3CONbits                               (abs)        000FC9
_T3GATE                                  (abs)        000FCB
_T3GCON                                  (abs)        000FCA
_T3GCONbits                              (abs)        000FCA
_T5CLK                                   (abs)        000FC6
_T5CON                                   (abs)        000FC3
_T5CONbits                               (abs)        000FC3
_T5GATE                                  (abs)        000FC5
_T5GCON                                  (abs)        000FC4
_T5GCONbits                              (abs)        000FC4
_TABLAT                                  (abs)        000FF5
_TBLPTRH                                 (abs)        000FF7
_TBLPTRL                                 (abs)        000FF6
_TBLPTRU                                 (abs)        000FF8
_TMR1H                                   (abs)        000FCE
_TMR1L                                   (abs)        000FCD
_TMR1_Initialize                         text61       010F8C
_TMR3H                                   (abs)        000FC8
_TMR3L                                   (abs)        000FC7
_TMR3_Initialize                         text60       010F58
_TMR5H                                   (abs)        000FC2
_TMR5L                                   (abs)        000FC1
_TMR5_Initialize                         text59       010F24
_TRISA                                   (abs)        000F88
_TRISB                                   (abs)        000F89
_TRISC                                   (abs)        000F8A
_TRISD                                   (abs)        000F8B
_TRISE                                   (abs)        000F8C
_TX1REG                                  (abs)        000F9A
_TX1STA                                  (abs)        000F9E
_TX1STAbits                              (abs)        000F9E
_TX2REG                                  (abs)        000E9A
_TX2STA                                  (abs)        000E9E
_Vend_test                               text33       011284
_WPUA                                    (abs)        000F10
_WPUB                                    (abs)        000F18
_WPUC                                    (abs)        000F20
_WPUD                                    (abs)        000F25
_WPUE                                    (abs)        000F2D
__CFG_BOREN$SBORDIS                      (abs)        000000
__CFG_BORV$VBOR_2P45                     (abs)        000000
__CFG_CLKOUTEN$OFF                       (abs)        000000
__CFG_CP$OFF                             (abs)        000000
__CFG_CPD$OFF                            (abs)        000000
__CFG_CSWEN$ON                           (abs)        000000
__CFG_DEBUG$OFF                          (abs)        000000
__CFG_EBTR0$OFF                          (abs)        000000
__CFG_EBTR1$OFF                          (abs)        000000
__CFG_EBTR2$OFF                          (abs)        000000
__CFG_EBTR3$OFF                          (abs)        000000
__CFG_EBTR4$OFF                          (abs)        000000
__CFG_EBTR5$OFF                          (abs)        000000
__CFG_EBTR6$OFF                          (abs)        000000
__CFG_EBTR7$OFF                          (abs)        000000
__CFG_EBTRB$OFF                          (abs)        000000
__CFG_FCMEN$ON                           (abs)        000000
__CFG_FEXTOSC$OFF                        (abs)        000000
__CFG_LPBOREN$OFF                        (abs)        000000
__CFG_LVP$ON                             (abs)        000000
__CFG_MCLRE$EXTMCLR                      (abs)        000000
__CFG_PPS1WAY$ON                         (abs)        000000
__CFG_PWRTE$OFF                          (abs)        000000
__CFG_RSTOSC$HFINTOSC_64MHZ              (abs)        000000
__CFG_SCANE$ON                           (abs)        000000
__CFG_STVREN$ON                          (abs)        000000
__CFG_WDTCCS$SC                          (abs)        000000
__CFG_WDTCPS$WDTCPS_31                   (abs)        000000
__CFG_WDTCWS$WDTCWS_7                    (abs)        000000
__CFG_WDTE$OFF                           (abs)        000000
__CFG_WRT0$OFF                           (abs)        000000
__CFG_WRT1$OFF                           (abs)        000000
__CFG_WRT2$OFF                           (abs)        000000
__CFG_WRT3$OFF                           (abs)        000000
__CFG_WRT4$OFF                           (abs)        000000
__CFG_WRT5$OFF                           (abs)        000000
__CFG_WRT6$OFF                           (abs)        000000
__CFG_WRT7$OFF                           (abs)        000000
__CFG_WRTB$OFF                           (abs)        000000
__CFG_WRTC$OFF                           (abs)        000000
__CFG_WRTD$OFF                           (abs)        000000
__CFG_XINST$OFF                          (abs)        000000
__CFG_ZCD$OFF                            (abs)        000000
__HRAM                                   (abs)        000000
__Habs1                                  abs1         000000
__Hbank0                                 bank0        000000
__Hbank1                                 bank1        000000
__Hbank10                                bank10       000000
__Hbank11                                bank11       000000
__Hbank12                                bank12       000000
__Hbank13                                bank13       000000
__Hbank14                                bank14       000000
__Hbank2                                 bank2        000000
__Hbank3                                 bank3        000000
__Hbank4                                 bank4        000000
__Hbank5                                 bank5        000000
__Hbank6                                 bank6        000000
__Hbank7                                 bank7        000000
__Hbank8                                 bank8        000000
__Hbank9                                 bank9        000000
__Hbigbss                                bigbss       000000
__Hbigdata                               bigdata      000000
__Hbigram                                bigram       000000
__Hbss                                   bss          000000
__HbssBANK0                              bssBANK0     000000
__HbssCOMRAM                             bssCOMRAM    000000
__Hcinit                                 cinit        000000
__Hclrtext                               clrtext      000000
__Hcomram                                comram       000000
__Hconfig                                config       30000C
__Hconst                                 const        000000
__HcstackBANK0                           cstackBANK0  000000
__HcstackCOMRAM                          cstackCOMRAM 000000
__Hdata                                  data         000000
__HdataCOMRAM                            dataCOMRAM   000000
__Heeprom_data                           eeprom_data  000000
__Hfarbss                                farbss       000000
__Hfardata                               fardata      000000
__Hibigdata                              ibigdata     000000
__Hidata                                 idata        000000
__HidataCOMRAM                           idataCOMRAM  000000
__Hidloc                                 idloc        200010
__Hifardata                              ifardata     000000
__Hinit                                  init         0000AE
__Hintcode                               intcode      0000AA
__Hintcode_body                          intcode_body 000000
__Hintcodelo                             intcodelo    0000AA
__Hintentry                              intentry     000000
__Hintret                                intret       000000
__Hintsave_regs                          intsave_regs 000000
__Hirdata                                irdata       000000
__Hmediumconst                           mediumconst  010000
__HnvCOMRAM                              nvCOMRAM     000000
__HnvFARRAM                              nvFARRAM     000000
__Hnvbit                                 nvbit        000000
__Hnvrram                                nvrram       000000
__Hparam                                 rparam       000000
__Hpowerup                               powerup      0000AA
__Hram                                   ram          000000
__Hramtop                                ramtop       000F00
__Hrbit                                  rbit         000000
__Hrbss                                  rbss         000000
__Hrdata                                 rdata        000000
__Hreset_vec                             reset_vec    000006
__Hrparam                                rparam       000000
__Hsfr                                   sfr          000000
__Hsmallconst                            smallconst   000000
__Hspace_0                               (abs)        30000C
__Hspace_1                               (abs)        00008C
__Hspace_2                               (abs)        000000
__Hstack                                 stack        000000
__Hstruct                                struct       000000
__Htemp                                  temp         00004C
__Htext                                  text         000000
__Htext0                                 text0        000000
__Htext1                                 text1        000000
__Htext10                                text10       000000
__Htext11                                text11       000000
__Htext12                                text12       000000
__Htext13                                text13       000000
__Htext14                                text14       000000
__Htext15                                text15       000000
__Htext16                                text16       000000
__Htext17                                text17       000000
__Htext18                                text18       000000
__Htext19                                text19       000000
__Htext2                                 text2        000000
__Htext20                                text20       000000
__Htext21                                text21       000000
__Htext22                                text22       000000
__Htext23                                text23       000000
__Htext24                                text24       000000
__Htext25                                text25       000000
__Htext26                                text26       000000
__Htext27                                text27       000000
__Htext28                                text28       000000
__Htext29                                text29       000000
__Htext3                                 text3        000000
__Htext30                                text30       000000
__Htext31                                text31       000000
__Htext32                                text32       000000
__Htext33                                text33       000000
__Htext34                                text34       000000
__Htext35                                text35       000000
__Htext36                                text36       000000
__Htext37                                text37       000000
__Htext38                                text38       000000
__Htext39                                text39       000000
__Htext4                                 text4        000000
__Htext40                                text40       000000
__Htext41                                text41       000000
__Htext42                                text42       000000
__Htext43                                text43       000000
__Htext44                                text44       000000
__Htext45                                text45       000000
__Htext46                                text46       000000
__Htext47                                text47       000000
__Htext48                                text48       000000
__Htext49                                text49       000000
__Htext5                                 text5        000000
__Htext50                                text50       000000
__Htext51                                text51       000000
__Htext52                                text52       000000
__Htext53                                text53       000000
__Htext54                                text54       000000
__Htext55                                text55       000000
__Htext56                                text56       000000
__Htext57                                text57       000000
__Htext58                                text58       000000
__Htext59                                text59       000000
__Htext6                                 text6        000000
__Htext60                                text60       000000
__Htext61                                text61       000000
__Htext62                                text62       000000
__Htext63                                text63       000000
__Htext64                                text64       000000
__Htext65                                text65       000000
__Htext66                                text66       000000
__Htext67                                text67       000000
__Htext68                                text68       000000
__Htext69                                text69       000000
__Htext7                                 text7        000000
__Htext71                                text71       000000
__Htext8                                 text8        000000
__Htext9                                 text9        000000
__LRAM                                   (abs)        000001
__Labs1                                  abs1         000000
__Lbank0                                 bank0        000000
__Lbank1                                 bank1        000000
__Lbank10                                bank10       000000
__Lbank11                                bank11       000000
__Lbank12                                bank12       000000
__Lbank13                                bank13       000000
__Lbank14                                bank14       000000
__Lbank2                                 bank2        000000
__Lbank3                                 bank3        000000
__Lbank4                                 bank4        000000
__Lbank5                                 bank5        000000
__Lbank6                                 bank6        000000
__Lbank7                                 bank7        000000
__Lbank8                                 bank8        000000
__Lbank9                                 bank9        000000
__Lbigbss                                bigbss       000000
__Lbigdata                               bigdata      000000
__Lbigram                                bigram       000000
__Lbss                                   bss          000000
__LbssBANK0                              bssBANK0     000000
__LbssCOMRAM                             bssCOMRAM    000000
__Lcinit                                 cinit        000000
__Lclrtext                               clrtext      000000
__Lcomram                                comram       000000
__Lconfig                                config       300000
__Lconst                                 const        000000
__LcstackBANK0                           cstackBANK0  000000
__LcstackCOMRAM                          cstackCOMRAM 000000
__Ldata                                  data         000000
__LdataCOMRAM                            dataCOMRAM   000000
__Leeprom_data                           eeprom_data  000000
__Lfarbss                                farbss       000000
__Lfardata                               fardata      000000
__Libigdata                              ibigdata     000000
__Lidata                                 idata        000000
__LidataCOMRAM                           idataCOMRAM  000000
__Lidloc                                 idloc        200000
__Lifardata                              ifardata     000000
__Linit                                  init         0000AA
__Lintcode                               intcode      000008
__Lintcode_body                          intcode_body 000000
__Lintcodelo                             intcodelo    0000AA
__Lintentry                              intentry     000000
__Lintret                                intret       000000
__Lintsave_regs                          intsave_regs 000000
__Lirdata                                irdata       000000
__Lmediumconst                           mediumconst  00FDC6
__LnvCOMRAM                              nvCOMRAM     000000
__LnvFARRAM                              nvFARRAM     000000
__Lnvbit                                 nvbit        000000
__Lnvrram                                nvrram       000000
__Lparam                                 rparam       000000
__Lpowerup                               powerup      0000AA
__Lram                                   ram          000000
__Lramtop                                ramtop       000F00
__Lrbit                                  rbit         000000
__Lrbss                                  rbss         000000
__Lrdata                                 rdata        000000
__Lreset_vec                             reset_vec    000000
__Lrparam                                rparam       000000
__Lsfr                                   sfr          000000
__Lsmallconst                            smallconst   000000
__Lspace_0                               (abs)        000000
__Lspace_1                               (abs)        000000
__Lspace_2                               (abs)        000000
__Lstack                                 stack        000000
__Lstruct                                struct       000000
__Ltemp                                  temp         00004B
__Ltext                                  text         000000
__Ltext0                                 text0        000000
__Ltext1                                 text1        000000
__Ltext10                                text10       000000
__Ltext11                                text11       000000
__Ltext12                                text12       000000
__Ltext13                                text13       000000
__Ltext14                                text14       000000
__Ltext15                                text15       000000
__Ltext16                                text16       000000
__Ltext17                                text17       000000
__Ltext18                                text18       000000
__Ltext19                                text19       000000
__Ltext2                                 text2        000000
__Ltext20                                text20       000000
__Ltext21                                text21       000000
__Ltext22                                text22       000000
__Ltext23                                text23       000000
__Ltext24                                text24       000000
__Ltext25                                text25       000000
__Ltext26                                text26       000000
__Ltext27                                text27       000000
__Ltext28                                text28       000000
__Ltext29                                text29       000000
__Ltext3                                 text3        000000
__Ltext30                                text30       000000
__Ltext31                                text31       000000
__Ltext32                                text32       000000
__Ltext33                                text33       000000
__Ltext34                                text34       000000
__Ltext35                                text35       000000
__Ltext36                                text36       000000
__Ltext37                                text37       000000
__Ltext38                                text38       000000
__Ltext39                                text39       000000
__Ltext4                                 text4        000000
__Ltext40                                text40       000000
__Ltext41                                text41       000000
__Ltext42                                text42       000000
__Ltext43                                text43       000000
__Ltext44                                text44       000000
__Ltext45                                text45       000000
__Ltext46                                text46       000000
__Ltext47                                text47       000000
__Ltext48                                text48       000000
__Ltext49                                text49       000000
__Ltext5                                 text5        000000
__Ltext50                                text50       000000
__Ltext51                                text51       000000
__Ltext52                                text52       000000
__Ltext53                                text53       000000
__Ltext54                                text54       000000
__Ltext55                                text55       000000
__Ltext56                                text56       000000
__Ltext57                                text57       000000
__Ltext58                                text58       000000
__Ltext59                                text59       000000
__Ltext6                                 text6        000000
__Ltext60                                text60       000000
__Ltext61                                text61       000000
__Ltext62                                text62       000000
__Ltext63                                text63       000000
__Ltext64                                text64       000000
__Ltext65                                text65       000000
__Ltext66                                text66       000000
__Ltext67                                text67       000000
__Ltext68                                text68       000000
__Ltext69                                text69       000000
__Ltext7                                 text7        000000
__Ltext71                                text71       000000
__Ltext8                                 text8        000000
__Ltext9                                 text9        000000
__S0                                     (abs)        30000C
__S1                                     (abs)        00008C
__S2                                     (abs)        000000
___inthi_sp                              stack        000000
___intlo_sp                              stack        000000
___ltdiv                                 text52       010A92
___ltdiv@counter                         cstackCOMRAM 00001C
___ltdiv@dividend                        cstackCOMRAM 000013
___ltdiv@divisor                         cstackCOMRAM 000016
___ltdiv@quotient                        cstackCOMRAM 000019
___ltmod                                 text51       010C0C
___ltmod@counter                         cstackCOMRAM 000019
___ltmod@dividend                        cstackCOMRAM 000013
___ltmod@divisor                         cstackCOMRAM 000016
___param_bank                            (abs)        000000
___rparam_used                           (abs)        000001
___sp                                    stack        000000
__accesstop                              (abs)        000060
__activetblptr                           (abs)        000003
__end_of_Audit                           text38       011290
__end_of_CMP1_GetOutputStatus            text69       01123A
__end_of_CMP1_Initialize                 text68       0111F0
__end_of_Clear_cred                      text37       01128E
__end_of_DAC1_Initialize                 text67       011246
__end_of_DAC1_SetOutput                  text13       01124E
__end_of_DATAEE_ReadByte                 text57       011154
__end_of_DATAEE_WriteByte                text56       010E88
__end_of_EUSART1_Initialize              text66       0111DC
__end_of_EUSART1_Read                    text32       011202
__end_of_EUSART1_Write                   text29       01121E
__end_of_EUSART2_Initialize              text65       011184
__end_of_Hopper_coin                     text36       01128C
__end_of_INTERRUPT_Initialize            text64       011266
__end_of_INTERRUPT_InterruptManagerHigh  intcode      0000AA
__end_of_Note_test                       text35       01128A
__end_of_OSCILLATOR_Initialize           text63       01116C
__end_of_PIN_MANAGER_IOC                 text71       011284
__end_of_PIN_MANAGER_Initialize          text62       0107EE
__end_of_SYSTEM_Initialize               text58       01107A
__end_of_Sensor_set                      text34       011288
__end_of_TMR1_Initialize                 text61       010FC0
__end_of_TMR3_Initialize                 text60       010F8C
__end_of_TMR5_Initialize                 text59       010F58
__end_of_Vend_test                       text33       011286
__end_of___ltdiv                         text52       010AFC
__end_of___ltmod                         text51       010C60
__end_of__initialization                 cinit        010EB2
__end_of_acept_disabled                  mediumconst  00FE93
__end_of_audit                           mediumconst  00FE6D
__end_of_butin                           text22       010E4E
__end_of_butindb                         text21       01113C
__end_of_cashbox_err                     mediumconst  00FE94
__end_of_cashint                         mediumconst  00FE7C
__end_of_cashinv                         mediumconst  00FE7E
__end_of_cc_adpoll                       mediumconst  00FE82
__end_of_cc_countrq                      mediumconst  00FE88
__end_of_cc_enable                       mediumconst  00FE8B
__end_of_cc_level                        mediumconst  00FE86
__end_of_cc_newpin                       mediumconst  00FE84
__end_of_cc_pay                          mediumconst  00FE89
__end_of_cc_pin                          mediumconst  00FE85
__end_of_cc_poll                         mediumconst  00FE81
__end_of_cc_reset                        mediumconst  00FE8D
__end_of_cc_serial                       mediumconst  00FE83
__end_of_cc_status                       mediumconst  00FE8A
__end_of_cc_stop                         mediumconst  00FE87
__end_of_cc_test                         mediumconst  00FE8C
__end_of_cctalk_adpoll                   text10       011102
__end_of_cctalk_comm                     text11       010324
__end_of_cctalk_init                     text5        010D98
__end_of_cctalk_on                       text9        01126C
__end_of_cctalk_pinenter                 text8        010EF0
__end_of_cctalk_poll                     text7        011050
__end_of_cctalk_read                     text12       011120
__end_of_credclr                         mediumconst  00FDF1
__end_of_credit_add                      text55       010CB4
__end_of_credit_check                    text53       0110C2
__end_of_credit_subtract                 text54       010BB8
__end_of_credits                         mediumconst  00FFC4
__end_of_credmem                         mediumconst  00FE80
__end_of_disabled                        mediumconst  00FFCD
__end_of_dispaddr                        mediumconst  00FEB0
__end_of_dispclr                         mediumconst  00FEB1
__end_of_dispcursor                      mediumconst  00FEAD
__end_of_dispfunc1                       mediumconst  00FEB5
__end_of_dispfunc2                       mediumconst  00FEB4
__end_of_dispfunc3                       mediumconst  00FEB3
__end_of_displ_code                      text40       010228
__end_of_displ_credit                    text41       010F24
__end_of_displ_hex                       text43       01073E
__end_of_displ_nendis                    text20       010D06
__end_of_displ_note                      text23       010A28
__end_of_displ_noteer                    text39       011022
__end_of_dispnormal                      mediumconst  00FEAE
__end_of_dispoff                         mediumconst  00FEAA
__end_of_dispon                          mediumconst  00FEB2
__end_of_dispshleft                      mediumconst  00FEAB
__end_of_dispshright                     mediumconst  00FEAC
__end_of_dispsl                          mediumconst  00FEA8
__end_of_dispsr                          mediumconst  00FEA9
__end_of_dsphome                         mediumconst  00FEAF
__end_of_enable_notes                    text19       010C0C
__end_of_enabled                         mediumconst  00FFD6
__end_of_enter_service                   text17       01092A
__end_of_eusartmdb_Initialize            text6        01119A
__end_of_exit                            mediumconst  00FE72
__end_of_fiftyrand                       mediumconst  00FFEE
__end_of_hopadd                          mediumconst  00FE8F
__end_of_hopcoin                         mediumconst  00FE0B
__end_of_hundredrand                     mediumconst  00FFE6
__end_of_init_mdbdata                    text31       0110A0
__end_of_inithop                         mediumconst  00FFB7
__end_of_initnote                        mediumconst  00FF71
__end_of_inscoin                         mediumconst  00FFA3
__end_of_invalid_escrow                  mediumconst  00FE92
__end_of_jammed_err                      mediumconst  00FE97
__end_of_just_busy                       mediumconst  00FE99
__end_of_just_reset                      mediumconst  00FE96
__end_of_lcd_clockE                      text50       01122C
__end_of_lcd_clockH                      text49       01125E
__end_of_lcd_clockL                      text48       011256
__end_of_lcd_dispadd                     text45       0111C6
__end_of_lcd_init                        text15       010896
__end_of_lcd_string                      text42       010506
__end_of_lcd_test                        text16       0111B0
__end_of_lcd_write                       text46       010FF2
__end_of_lcd_writeC                      text44       010B62
__end_of_line1                           mediumconst  00FEA7
__end_of_line2                           mediumconst  00FEA6
__end_of_line3                           mediumconst  00FEA5
__end_of_line4                           mediumconst  00FEA4
__end_of_main                            text0        010688
__end_of_mastadd                         mediumconst  00FE8E
__end_of_mdb_comm                        text25       01041E
__end_of_mdb_init                        text2        010D54
__end_of_mdb_noten                       text4        010E14
__end_of_mdb_on                          text30       01127E
__end_of_mdb_poll                        text14       010122
__end_of_mdb_reset                       text24       0109B0
__end_of_mdb_security                    text3        0110E2
__end_of_mdb_transmit                    text27       011210
__end_of_mdb_waitr                       text26       011272
__end_of_mdb_waitx                       text28       011278
__end_of_motr_error                      mediumconst  00FE9B
__end_of_nochange                        mediumconst  00FE34
__end_of_note_escrow                     mediumconst  00FE9E
__end_of_note_features                   mediumconst  00FE9C
__end_of_note_poll                       mediumconst  00FEA0
__end_of_note_rejected                   mediumconst  00FE91
__end_of_note_removed                    mediumconst  00FE95
__end_of_note_reset                      mediumconst  00FEA3
__end_of_note_security                   mediumconst  00FEA1
__end_of_note_setup                      mediumconst  00FEA2
__end_of_note_stacker                    mediumconst  00FE9D
__end_of_note_type                       mediumconst  00FE9F
__end_of_notebits                        mediumconst  00FE74
__end_of_noteerr                         mediumconst  00FF8D
__end_of_notetest                        mediumconst  00FE60
__end_of_pricestore                      mediumconst  00FE78
__end_of_read_busy                       text47       010DDA
__end_of_rom_error                       mediumconst  00FE98
__end_of_sens_error                      mediumconst  00FE9A
__end_of_senset                          mediumconst  00FE43
__end_of_service                         mediumconst  00FE52
__end_of_servmsg                         mediumconst  00FF07
__end_of_set_notes                       text18       0105D0
__end_of_setnotes                        mediumconst  00FF4C
__end_of_tenrand                         mediumconst  00FFFE
__end_of_theft_attempt                   mediumconst  00FE90
__end_of_twentyrand                      mediumconst  00FFF6
__end_of_twohundredrand                  mediumconst  00FFDE
__end_of_vend_init                       text1        010A92
__end_of_venderrors                      mediumconst  00FE76
__end_of_vendstore                       mediumconst  00FE7A
__end_of_vendtest                        mediumconst  00FE24
__initialization                         cinit        010E88
__mediumconst                            mediumconst  00FDC6
__pbssBANK0                              bssBANK0     000060
__pbssCOMRAM                             bssCOMRAM    000023
__pcinit                                 cinit        010E88
__pcstackBANK0                           cstackBANK0  000080
__pcstackCOMRAM                          cstackCOMRAM 000001
__pdataCOMRAM                            dataCOMRAM   00004A
__pidataCOMRAM                           idataCOMRAM  011290
__pintcode                               intcode      000008
__pmediumconst                           mediumconst  00FDC6
__pnvCOMRAM                              nvCOMRAM     000043
__ptext0                                 text0        0105D0
__ptext1                                 text1        010A28
__ptext10                                text10       0110E2
__ptext11                                text11       010228
__ptext12                                text12       011102
__ptext13                                text13       011246
__ptext14                                text14       010000
__ptext15                                text15       0107EE
__ptext16                                text16       01119A
__ptext17                                text17       010896
__ptext18                                text18       010506
__ptext19                                text19       010BB8
__ptext2                                 text2        010D06
__ptext20                                text20       010CB4
__ptext21                                text21       011120
__ptext22                                text22       010E14
__ptext23                                text23       0109B0
__ptext24                                text24       01092A
__ptext25                                text25       010324
__ptext26                                text26       01126C
__ptext27                                text27       011202
__ptext28                                text28       011272
__ptext29                                text29       011210
__ptext3                                 text3        0110C2
__ptext30                                text30       011278
__ptext31                                text31       01107A
__ptext32                                text32       0111F0
__ptext33                                text33       011284
__ptext34                                text34       011286
__ptext35                                text35       011288
__ptext36                                text36       01128A
__ptext37                                text37       01128C
__ptext38                                text38       01128E
__ptext39                                text39       010FF2
__ptext4                                 text4        010DDA
__ptext40                                text40       010122
__ptext41                                text41       010EF0
__ptext42                                text42       01041E
__ptext43                                text43       010688
__ptext44                                text44       010AFC
__ptext45                                text45       0111B0
__ptext46                                text46       010FC0
__ptext47                                text47       010D98
__ptext48                                text48       01124E
__ptext49                                text49       011256
__ptext5                                 text5        010D54
__ptext50                                text50       01121E
__ptext51                                text51       010C0C
__ptext52                                text52       010A92
__ptext53                                text53       0110A0
__ptext54                                text54       010B62
__ptext55                                text55       010C60
__ptext56                                text56       010E4E
__ptext57                                text57       01113C
__ptext58                                text58       011050
__ptext59                                text59       010F24
__ptext6                                 text6        011184
__ptext60                                text60       010F58
__ptext61                                text61       010F8C
__ptext62                                text62       01073E
__ptext63                                text63       011154
__ptext64                                text64       01125E
__ptext65                                text65       01116C
__ptext66                                text66       0111C6
__ptext67                                text67       01123A
__ptext68                                text68       0111DC
__ptext69                                text69       01122C
__ptext7                                 text7        011022
__ptext71                                text71       01127E
__ptext8                                 text8        010EBC
__ptext9                                 text9        011266
__ramtop                                 ramtop       000F00
__size_of_Audit                          (abs)        000000
__size_of_CMP1_GetOutputStatus           (abs)        000000
__size_of_CMP1_Initialize                (abs)        000000
__size_of_Clear_cred                     (abs)        000000
__size_of_DAC1_Initialize                (abs)        000000
__size_of_DAC1_SetOutput                 (abs)        000000
__size_of_DATAEE_ReadByte                (abs)        000000
__size_of_DATAEE_WriteByte               (abs)        000000
__size_of_EUSART1_Initialize             (abs)        000000
__size_of_EUSART1_Read                   (abs)        000000
__size_of_EUSART1_Write                  (abs)        000000
__size_of_EUSART2_Initialize             (abs)        000000
__size_of_Hopper_coin                    (abs)        000000
__size_of_INTERRUPT_Initialize           (abs)        000000
__size_of_INTERRUPT_InterruptManagerHigh (abs)        000000
__size_of_Note_test                      (abs)        000000
__size_of_OSCILLATOR_Initialize          (abs)        000000
__size_of_PIN_MANAGER_IOC                (abs)        000000
__size_of_PIN_MANAGER_Initialize         (abs)        000000
__size_of_SYSTEM_Initialize              (abs)        000000
__size_of_Sensor_set                     (abs)        000000
__size_of_TMR1_Initialize                (abs)        000000
__size_of_TMR3_Initialize                (abs)        000000
__size_of_TMR5_Initialize                (abs)        000000
__size_of_Vend_test                      (abs)        000000
__size_of___ltdiv                        (abs)        000000
__size_of___ltmod                        (abs)        000000
__size_of_butin                          (abs)        000000
__size_of_butindb                        (abs)        000000
__size_of_cctalk_adpoll                  (abs)        000000
__size_of_cctalk_comm                    (abs)        000000
__size_of_cctalk_init                    (abs)        000000
__size_of_cctalk_on                      (abs)        000000
__size_of_cctalk_pinenter                (abs)        000000
__size_of_cctalk_poll                    (abs)        000000
__size_of_cctalk_read                    (abs)        000000
__size_of_credit_add                     (abs)        000000
__size_of_credit_check                   (abs)        000000
__size_of_credit_subtract                (abs)        000000
__size_of_displ_code                     (abs)        000000
__size_of_displ_credit                   (abs)        000000
__size_of_displ_hex                      (abs)        000000
__size_of_displ_nendis                   (abs)        000000
__size_of_displ_note                     (abs)        000000
__size_of_displ_noteer                   (abs)        000000
__size_of_enable_notes                   (abs)        000000
__size_of_enter_service                  (abs)        000000
__size_of_eusartmdb_Initialize           (abs)        000000
__size_of_init_mdbdata                   (abs)        000000
__size_of_lcd_clockE                     (abs)        000000
__size_of_lcd_clockH                     (abs)        000000
__size_of_lcd_clockL                     (abs)        000000
__size_of_lcd_dispadd                    (abs)        000000
__size_of_lcd_init                       (abs)        000000
__size_of_lcd_string                     (abs)        000000
__size_of_lcd_test                       (abs)        000000
__size_of_lcd_write                      (abs)        000000
__size_of_lcd_writeC                     (abs)        000000
__size_of_main                           (abs)        000000
__size_of_mdb_comm                       (abs)        000000
__size_of_mdb_init                       (abs)        000000
__size_of_mdb_noten                      (abs)        000000
__size_of_mdb_on                         (abs)        000000
__size_of_mdb_poll                       (abs)        000000
__size_of_mdb_reset                      (abs)        000000
__size_of_mdb_security                   (abs)        000000
__size_of_mdb_transmit                   (abs)        000000
__size_of_mdb_waitr                      (abs)        000000
__size_of_mdb_waitx                      (abs)        000000
__size_of_read_busy                      (abs)        000000
__size_of_set_notes                      (abs)        000000
__size_of_vend_init                      (abs)        000000
__smallconst                             smallconst   000000
_acept_disabled                          mediumconst  00FE92
_audit                                   mediumconst  00FE60
_bflag                                   bssCOMRAM    000042
_butin                                   text22       010E14
_butindb                                 text21       011120
_buttons                                 bssCOMRAM    00002C
_cash                                    bssCOMRAM    00002D
_cashbox_err                             mediumconst  00FE93
_cashint                                 mediumconst  00FE7A
_cashinv                                 mediumconst  00FE7C
_cc_adpoll                               mediumconst  00FE81
_cc_countrq                              mediumconst  00FE87
_cc_enable                               mediumconst  00FE8A
_cc_level                                mediumconst  00FE85
_cc_newpin                               mediumconst  00FE83
_cc_pay                                  mediumconst  00FE88
_cc_pin                                  mediumconst  00FE84
_cc_poll                                 mediumconst  00FE80
_cc_reset                                mediumconst  00FE8C
_cc_serial                               mediumconst  00FE82
_cc_status                               mediumconst  00FE89
_cc_stop                                 mediumconst  00FE86
_cc_test                                 mediumconst  00FE8B
_cctalk_adpoll                           text10       0110E2
_cctalk_comm                             text11       010228
_cctalk_init                             text5        010D54
_cctalk_on                               text9        011266
_cctalk_pinenter                         text8        010EBC
_cctalk_poll                             text7        011022
_cctalk_read                             text12       011102
_cctflags                                bssCOMRAM    00002F
_chkbyte                                 bssCOMRAM    000038
_command                                 bssCOMRAM    000030
_count                                   nvCOMRAM     000049
_credclr                                 mediumconst  00FDC7
_credit                                  bssCOMRAM    00002E
_credit_add                              text55       010C60
_credit_check                            text53       0110A0
_credit_subtract                         text54       010B62
_credits                                 mediumconst  00FFB7
_credmem                                 mediumconst  00FE7E
_dbcount                                 bssCOMRAM    000029
_dest                                    bssCOMRAM    000032
_disabled                                mediumconst  00FFC4
_dispaddr                                mediumconst  00FEAF
_dispclr                                 mediumconst  00FEB0
_dispcursor                              mediumconst  00FEAC
_dispfunc1                               mediumconst  00FEB4
_dispfunc2                               mediumconst  00FEB3
_dispfunc3                               mediumconst  00FEB2
_displ_code                              text40       010122
_displ_credit                            text41       010EF0
_displ_hex                               text43       010688
_displ_nendis                            text20       010CB4
_displ_note                              text23       0109B0
_displ_noteer                            text39       010FF2
_dispnormal                              mediumconst  00FEAD
_dispoff                                 mediumconst  00FEA9
_dispon                                  mediumconst  00FEB1
_dispshleft                              mediumconst  00FEAA
_dispshright                             mediumconst  00FEAB
_dispsl                                  mediumconst  00FEA7
_dispsr                                  mediumconst  00FEA8
_dsphome                                 mediumconst  00FEAE
_enable_notes                            text19       010BB8
_enabled                                 mediumconst  00FFCD
_enter_service                           text17       010896
_ercode                                  bssCOMRAM    00003D
_errorflags                              bssCOMRAM    000034
_eusartmdb_Initialize                    text6        011184
_exit                                    mediumconst  00FE6D
_fiftyrand                               mediumconst  00FFE6
_hexnum                                  bssCOMRAM    000026
_hopadd                                  mediumconst  00FE8E
_hopcoin                                 mediumconst  00FDF1
_hpserial                                bssCOMRAM    000023
_hundredrand                             mediumconst  00FFDE
_init_mdbdata                            text31       01107A
_inithop                                 mediumconst  00FFA3
_initnote                                mediumconst  00FF4C
_inscoin                                 mediumconst  00FF8D
_invalid_escrow                          mediumconst  00FE91
_jammed_err                              mediumconst  00FE96
_just_busy                               mediumconst  00FE98
_just_reset                              mediumconst  00FE95
_lcd_clockE                              text50       01121E
_lcd_clockH                              text49       011256
_lcd_clockL                              text48       01124E
_lcd_dispadd                             text45       0111B0
_lcd_init                                text15       0107EE
_lcd_string                              text42       01041E
_lcd_test                                text16       01119A
_lcd_write                               text46       010FC0
_lcd_writeC                              text44       010AFC
_lcdaddress                              bssCOMRAM    00003C
_lcdata                                  bssCOMRAM    000040
_lcdfunc                                 bssCOMRAM    000041
_lcdline                                 bssCOMRAM    00003F
_line1                                   mediumconst  00FEA6
_line2                                   mediumconst  00FEA5
_line3                                   mediumconst  00FEA4
_line4                                   mediumconst  00FEA3
_main                                    text0        0105D0
_mastadd                                 mediumconst  00FE8D
_mcount                                  bssCOMRAM    00003A
_mdb_comm                                text25       010324
_mdb_init                                text2        010D06
_mdb_noten                               text4        010DDA
_mdb_on                                  text30       011278
_mdb_poll                                text14       010000
_mdb_reset                               text24       01092A
_mdb_security                            text3        0110C2
_mdb_transmit                            text27       011202
_mdb_waitr                               text26       01126C
_mdb_waitx                               text28       011272
_mdbdata                                 bssBANK0     000060
_mdbflags                                bssCOMRAM    000037
_mdbtxbyte                               bssCOMRAM    000033
_motr_error                              mediumconst  00FE9A
_nobytes                                 bssCOMRAM    000031
_nochange                                mediumconst  00FE24
_note_escrow                             mediumconst  00FE9D
_note_features                           mediumconst  00FE9B
_note_poll                               mediumconst  00FE9F
_note_rejected                           mediumconst  00FE90
_note_removed                            mediumconst  00FE94
_note_reset                              mediumconst  00FEA2
_note_security                           mediumconst  00FEA0
_note_setup                              mediumconst  00FEA1
_note_stacker                            mediumconst  00FE9C
_note_type                               mediumconst  00FE9E
_notebits                                mediumconst  00FE72
_notebyte                                bssCOMRAM    000039
_noteen                                  bssCOMRAM    000036
_noteen_byte                             bssCOMRAM    000035
_noteerr                                 mediumconst  00FF71
_notenum                                 dataCOMRAM   00004A
_notetest                                mediumconst  00FE52
_pricestore                              mediumconst  00FE76
_read_busy                               text47       010D98
_rom_error                               mediumconst  00FE97
_sens_error                              mediumconst  00FE99
_senset                                  mediumconst  00FE34
_service                                 mediumconst  00FE43
_servmsg                                 mediumconst  00FEB5
_set_notes                               text18       010506
_setnotes                                mediumconst  00FF07
_slvadd                                  bssCOMRAM    00003B
_stradd                                  bssCOMRAM    00003E
_tenrand                                 mediumconst  00FFF6
_theft_attempt                           mediumconst  00FE8F
_timer1ReloadVal                         nvCOMRAM     000047
_timer3ReloadVal                         nvCOMRAM     000045
_timer5ReloadVal                         nvCOMRAM     000043
_twentyrand                              mediumconst  00FFEE
_twohundredrand                          mediumconst  00FFD6
_vend_init                               text1        010A28
_venderrors                              mediumconst  00FE74
_vendstore                               mediumconst  00FE78
_vendtest                                mediumconst  00FE0B
_venflags                                bssCOMRAM    00002B
btemp                                    temp         00004B
butindb@butt                             cstackCOMRAM 000014
butindb@butval                           cstackCOMRAM 000015
cctalk_adpoll@i                          cstackCOMRAM 00001A
cctalk_comm@command                      cstackCOMRAM 000016
cctalk_comm@dest                         cstackCOMRAM 000019
cctalk_comm@i                            cstackCOMRAM 000018
cctalk_comm@nobytes                      cstackCOMRAM 000015
cctalk_pinenter@i                        cstackCOMRAM 00001A
cctalk_poll@i                            cstackCOMRAM 00001A
[...]
 Hardware stack levels required when called:    2
 This function calls:
		Nothing
 This function is called by:
		_SYSTEM_Initialize
 This function uses a non-reentrant model


 *************** function _INTERRUPT_Initialize *****************
 Defined at:
		line 51 in file "mcc_generated_files/interrupt_manager.c"
 Parameters:    Size  Location     Type
		None
 Auto vars:     Size  Location     Type
		None
 Return value:  Size  Location     Type
                  1    wreg      void 
 Registers used:
		None
 Tracked objects:
		On entry : 
		On exit  : 
		Unchanged: 
 Data sizes:     COMRAM   BANK0   BANK1   BANK2   BANK3   BANK4   BANK5   BANK6   BANK7   BANK8   BANK9  BANK10  BANK11  BANK12  BANK13  BANK14
      Params:         0       0       0       0       0       0       0       0       0       0       0       0       0       0       0       0
      Locals:         0       0       0       0       0       0       0       0       0       0       0       0       0       0       0       0
      Temps:          0       0       0       0       0       0       0       0       0       0       0       0       0       0       0       0
      Totals:         0       0       0       0       0       0       0       0       0       0       0       0       0       0       0       0
Total ram usage:        0 bytes
 Hardware stack levels used:    1
 Hardware stack levels required when called:    2
 This function calls:
		Nothing
 This function is called by:
		_SYSTEM_Initialize
 This function uses a non-reentrant model


 *************** function _EUSART2_Initialize *****************
 Defined at:
		line 53 in file "mcc_generated_files/eusart2.c"
 Parameters:    Size  Location     Type
		None
 Auto vars:     Size  Location     Type
		None
 Return value:  Size  Location     Type
                  1    wreg      void 
 Registers used:
		wreg, status,2
 Tracked objects:
		On entry : 
		On exit  : 
		Unchanged: 
 Data sizes:     COMRAM   BANK0   BANK1   BANK2   BANK3   BANK4   BANK5   BANK6   BANK7   BANK8   BANK9  BANK10  BANK11  BANK12  BANK13  BANK14
      Params:         0       0       0       0       0       0       0       0       0       0       0       0       0       0       0       0
      Locals:         0       0       0       0       0       0       0       0       0       0       0       0       0       0       0       0
      Temps:          0       0       0       0       0       0       0       0       0       0       0       0       0       0       0       0
      Totals:         0       0       0       0       0       0       0       0       0       0       0       0       0       0       0       0
Total ram usage:        0 bytes
 Hardware stack levels used:    1
 Hardware stack levels required when called:    2
 This function calls:
		Nothing
 This function is called by:
		_SYSTEM_Initialize
 This function uses a non-reentrant model


 *************** function _EUSART1_Initialize *****************
 Defined at:
		line 53 in file "mcc_generated_files/eusart1.c"
 Parameters:    Size  Location     Type
		None
 Auto vars:     Size  Location     Type
		None
 Return value:  Size  Location     Type
                  1    wreg      void 
 Registers used:
		wreg, status,2
 Tracked objects:
		On entry : 
		On exit  : 
		Unchanged: 
 Data sizes:     COMRAM   BANK0   BANK1   BANK2   BANK3   BANK4   BANK5   BANK6   BANK7   BANK8   BANK9  BANK10  BANK11  BANK12  BANK13  BANK14
      Params:         0       0       0       0       0       0       0       0       0       0       0       0       0       0       0       0
      Locals:         0       0       0       0       0       0       0       0       0       0       0       0       0       0       0       0
      Temps:          0       0       0       0       0       0       0       0       0       0       0       0       0       0       0       0
      Totals:         0       0       0       0       0       0       0       0       0       0       0       0       0       0       0       0
Total ram usage:        0 bytes
 Hardware stack levels used:    1
 Hardware stack levels required when called:    2
 This function calls:
		Nothing
 This function is called by:
		_SYSTEM_Initialize
 This function uses a non-reentrant model


 *************** function _DAC1_Initialize *****************
 Defined at:
		line 57 in file "mcc_generated_files/dac1.c"
 Parameters:    Size  Location     Type
		None
 Auto vars:     Size  Location     Type
		None
 Return value:  Size  Location     Type
                  1    wreg      void 
 Registers used:
		wreg, status,2
 Tracked objects:
		On entry : 
		On exit  : 
		Unchanged: 
 Data sizes:     COMRAM   BANK0   BANK1   BANK2   BANK3   BANK4   BANK5   BANK6   BANK7   BANK8   BANK9  BANK10  BANK11  BANK12  BANK13  BANK14
      Params:         0       0       0       0       0       0       0       0       0       0       0       0       0       0       0       0
      Locals:         0       0       0       0       0       0       0       0       0       0       0       0       0       0       0       0
      Temps:          0       0       0       0       0       0       0       0       0       0       0       0       0       0       0       0
      Totals:         0       0       0       0       0       0       0       0       0       0       0       0       0       0       0       0
Total ram usage:        0 bytes
 Hardware stack levels used:    1
 Hardware stack levels required when called:    2
 This function calls:
		Nothing
 This function is called by:
		_SYSTEM_Initialize
 This function uses a non-reentrant model


 *************** function _CMP1_Initialize *****************
 Defined at:
		line 56 in file "mcc_generated_files/cmp1.c"
 Parameters:    Size  Location     Type
		None
 Auto vars:     Size  Location     Type
		None
 Return value:  Size  Location     Type
                  1    wreg      void 
 Registers used:
		wreg, status,2
 Tracked objects:
		On entry : 
		On exit  : 
		Unchanged: 
 Data sizes:     COMRAM   BANK0   BANK1   BANK2   BANK3   BANK4   BANK5   BANK6   BANK7   BANK8   BANK9  BANK10  BANK11  BANK12  BANK13  BANK14
      Params:         0       0       0       0       0       0       0       0       0       0       0       0       0       0       0       0
      Locals:         0       0       0       0       0       0       0       0       0       0       0       0       0       0       0       0
      Temps:          0       0       0       0       0       0       0       0       0       0       0       0       0       0       0       0
      Totals:         0       0       0       0       0       0       0       0       0       0       0       0       0       0       0       0
Total ram usage:        0 bytes
 Hardware stack levels used:    1
 Hardware stack levels required when called:    2
 This function calls:
		Nothing
 This function is called by:
		_SYSTEM_Initialize
 This function uses a non-reentrant model


 *************** function _CMP1_GetOutputStatus *****************
 Defined at:
		line 74 in file "mcc_generated_files/cmp1.c"
 Parameters:    Size  Location     Type
		None
 Auto vars:     Size  Location     Type
		None
 Return value:  Size  Location     Type
                  1    wreg      unsigned char 
 Registers used:
		wreg
 Tracked objects:
		On entry : 
		On exit  : 
		Unchanged: 
 Data sizes:     COMRAM   BANK0   BANK1   BANK2   BANK3   BANK4   BANK5   BANK6   BANK7   BANK8   BANK9  BANK10  BANK11  BANK12  BANK13  BANK14
      Params:         0       0       0       0       0       0       0       0       0       0       0       0       0       0       0       0
      Locals:         0       0       0       0       0       0       0       0       0       0       0       0       0       0       0       0
      Temps:          0       0       0       0       0       0       0       0       0       0       0       0       0       0       0       0
      Totals:         0       0       0       0       0       0       0       0       0       0       0       0       0       0       0       0
Total ram usage:        0 bytes
 Hardware stack levels used:    1
 Hardware stack levels required when called:    2
 This function calls:
		Nothing
 This function is called by:
		_main
 This function uses a non-reentrant model


 *************** function _INTERRUPT_InterruptManagerHigh *****************
 Defined at:
		line 64 in file "mcc_generated_files/interrupt_manager.c"
 Parameters:    Size  Location     Type
		None
 Auto vars:     Size  Location     Type
		None
 Return value:  Size  Location     Type
                  1    wreg      void 
 Registers used:
		cstack
 Tracked objects:
		On entry : 
		On exit  : 
		Unchanged: 
 Data sizes:     COMRAM   BANK0   BANK1   BANK2   BANK3   BANK4   BANK5   BANK6   BANK7   BANK8   BANK9  BANK10  BANK11  BANK12  BANK13  BANK14
      Params:         0       0       0       0       0       0       0       0       0       0       0       0       0       0       0       0
      Locals:         0       0       0       0       0       0       0       0       0       0       0       0       0       0       0       0
      Temps:         18       0       0       0       0       0       0       0       0       0       0       0       0       0       0       0
      Totals:        18       0       0       0       0       0       0       0       0       0       0       0       0       0       0       0
Total ram usage:       18 bytes
 Hardware stack levels used:    1
 Hardware stack levels required when called:    1
 This function calls:
		_PIN_MANAGER_IOC
 This function is called by:
		Interrupt level 2
 This function uses a non-reentrant model


 *************** function _PIN_MANAGER_IOC *****************
 Defined at:
		line 124 in file "mcc_generated_files/pin_manager.c"
 Parameters:    Size  Location     Type
		None
 Auto vars:     Size  Location     Type
		None
 Return value:  Size  Location     Type
                  1    wreg      void 
 Registers used:
		None
 Tracked objects:
		On entry : 
		On exit  : 
		Unchanged: 
 Data sizes:     COMRAM   BANK0   BANK1   BANK2   BANK3   BANK4   BANK5   BANK6   BANK7   BANK8   BANK9  BANK10  BANK11  BANK12  BANK13  BANK14
      Params:         0       0       0       0       0       0       0       0       0       0       0       0       0       0       0       0
      Locals:         0       0       0       0       0       0       0       0       0       0       0       0       0       0       0       0
      Temps:          0       0       0       0       0       0       0       0       0       0       0       0       0       0       0       0
      Totals:         0       0       0       0       0       0       0       0       0       0       0       0       0       0       0       0
Total ram usage:        0 bytes
 Hardware stack levels used:    1
 This function calls:
		Nothing
 This function is called by:
		_INTERRUPT_InterruptManagerHigh
 This function uses a non-reentrant model



MODULE INFORMATION

Module		Function		Class		Link	Load	Size
mcc_generated_files/cmp1.c
		_CMP1_Initialize		CODE           	111DC	0000	21
		_CMP1_GetOutputStatus		CODE           	1122C	0000	15

mcc_generated_files/cmp1.c estimated size: 36

mcc_generated_files/eusart2.c
		_EUSART2_Initialize		CODE           	1116C	0000	25

mcc_generated_files/eusart2.c estimated size: 25

vend.c
		_Clear_cred    		CODE           	1128C	0000	3
		_Vend_test     		CODE           	11284	0000	3
		_butindb       		CODE           	11120	0000	29
		_credit_subtract		CODE           	10B62	0000	87
		_Sensor_set    		CODE           	11286	0000	3
		_Audit         		CODE           	1128E	0000	3
		_butin         		CODE           	10E14	0000	59
		_Hopper_coin   		CODE           	1128A	0000	3
		_Note_test     		CODE           	11288	0000	3
		_credit_add    		CODE           	10C60	0000	85
		_credit_check  		CODE           	110A0	0000	35
		_vend_init     		CODE           	10A28	0000	107

vend.c estimated size: 420

cctalk.c
		_cctalk_on     		CODE           	11266	0000	7
		_cctalk_read   		CODE           	11102	0000	31
		_cctalk_comm   		CODE           	10228	0000	253
		_cctalk_poll   		CODE           	11022	0000	47
		_cctalk_init   		CODE           	10D54	0000	69
		_cctalk_adpoll 		CODE           	110E2	0000	33
		_cctalk_pinenter		CODE           	10EBC	0000	53

cctalk.c estimated size: 493

mcc_generated_files/interrupt_manager.c
		_INTERRUPT_Initialize		CODE           	1125E	0000	9
		_INTERRUPT_InterruptManagerHigh		CODE           	0008	0000	163

mcc_generated_files/interrupt_manager.c estimated size: 172

/opt/microchip/xc8/v1.44/sources/common/ltmod.c
		___ltmod       		CODE           	10C0C	0000	85

/opt/microchip/xc8/v1.44/sources/common/ltmod.c estimated size: 85

mcc_generated_files/pin_manager.c
		_PIN_MANAGER_Initialize		CODE           	1073E	0000	177
		_PIN_MANAGER_IOC		CODE           	1127E	0000	7

mcc_generated_files/pin_manager.c estimated size: 184

/opt/microchip/xc8/v1.44/sources/common/ltdiv.c
		___ltdiv       		CODE           	10A92	0000	107

/opt/microchip/xc8/v1.44/sources/common/ltdiv.c estimated size: 107

mcc_generated_files/tmr5.c
		_TMR5_Initialize		CODE           	10F24	0000	53

mcc_generated_files/tmr5.c estimated size: 53

shared
		_credmem       		MEDIUMCONST    	FE7E	0000	3
		_cc_test       		MEDIUMCONST    	FE8B	0000	2
		_cc_serial     		MEDIUMCONST    	FE82	0000	2
		_cc_level      		MEDIUMCONST    	FE85	0000	2
		_note_stacker  		MEDIUMCONST    	FE9C	0000	2
		_notebits      		MEDIUMCONST    	FE72	0000	3
		_notetest      		MEDIUMCONST    	FE52	0000	15
		_service       		MEDIUMCONST    	FE43	0000	16
		_mastadd       		MEDIUMCONST    	FE8D	0000	2
		_credclr       		MEDIUMCONST    	FDC7	0000	43
		_cc_newpin     		MEDIUMCONST    	FE83	0000	2
		_inithop       		MEDIUMCONST    	FFA3	0000	21
		_theft_attempt 		MEDIUMCONST    	FE8F	0000	2
		_disabled      		MEDIUMCONST    	FFC4	0000	10
		_cashinv       		MEDIUMCONST    	FE7C	0000	3
		_just_busy     		MEDIUMCONST    	FE98	0000	2
		_hundredrand   		MEDIUMCONST    	FFDE	0000	9
		_exit          		MEDIUMCONST    	FE6D	0000	6
		_nochange      		MEDIUMCONST    	FE24	0000	17
		_enabled       		MEDIUMCONST    	FFCD	0000	10
		_cc_pay        		MEDIUMCONST    	FE88	0000	2
		_noteerr       		MEDIUMCONST    	FF71	0000	29
		_hopadd        		MEDIUMCONST    	FE8E	0000	2
		_line1         		MEDIUMCONST    	FEA6	0000	2
		_dispoff       		MEDIUMCONST    	FEA9	0000	2
		_tenrand       		MEDIUMCONST    	FFF6	0000	9
		_cc_status     		MEDIUMCONST    	FE89	0000	2
		_note_reset    		MEDIUMCONST    	FEA2	0000	2
		_senset        		MEDIUMCONST    	FE34	0000	16
		_note_features 		MEDIUMCONST    	FE9B	0000	2
		_setnotes      		MEDIUMCONST    	FF07	0000	70
		_note_removed  		MEDIUMCONST    	FE94	0000	2
		_cc_stop       		MEDIUMCONST    	FE86	0000	2
		_dsphome       		MEDIUMCONST    	FEAE	0000	2
		_dispfunc1     		MEDIUMCONST    	FEB4	0000	2
		_dispfunc2     		MEDIUMCONST    	FEB3	0000	2
		_dispfunc3     		MEDIUMCONST    	FEB2	0000	2
		_note_rejected 		MEDIUMCONST    	FE90	0000	2
		__initialization		CODE           	10E88	0000	43
		_jammed_err    		MEDIUMCONST    	FE96	0000	2
		_line2         		MEDIUMCONST    	FEA5	0000	2
		_pricestore    		MEDIUMCONST    	FE76	0000	3
		_cc_poll       		MEDIUMCONST    	FE80	0000	2
		_dispnormal    		MEDIUMCONST    	FEAD	0000	2
		_note_escrow   		MEDIUMCONST    	FE9D	0000	2
		_note_poll     		MEDIUMCONST    	FE9F	0000	2
		_fiftyrand     		MEDIUMCONST    	FFE6	0000	9
		_rom_error     		MEDIUMCONST    	FE97	0000	2
		_cc_reset      		MEDIUMCONST    	FE8C	0000	2
		_dispclr       		MEDIUMCONST    	FEB0	0000	2
		_credits       		MEDIUMCONST    	FFB7	0000	14
		_sens_error    		MEDIUMCONST    	FE99	0000	2
		_twohundredrand		MEDIUMCONST    	FFD6	0000	9
		_vendtest      		MEDIUMCONST    	FE0B	0000	26
		_line3         		MEDIUMCONST    	FEA4	0000	2
		_servmsg       		MEDIUMCONST    	FEB5	0000	83
		_twentyrand    		MEDIUMCONST    	FFEE	0000	9
		_dispcursor    		MEDIUMCONST    	FEAC	0000	2
		_just_reset    		MEDIUMCONST    	FE95	0000	2
		_note_setup    		MEDIUMCONST    	FEA1	0000	2
		_cashbox_err   		MEDIUMCONST    	FE93	0000	2
		_cc_enable     		MEDIUMCONST    	FE8A	0000	2
		_invalid_escrow		MEDIUMCONST    	FE91	0000	2
		_cc_adpoll     		MEDIUMCONST    	FE81	0000	2
		_hopcoin       		MEDIUMCONST    	FDF1	0000	27
		_note_type     		MEDIUMCONST    	FE9E	0000	2
		_cashint       		MEDIUMCONST    	FE7A	0000	3
		_line4         		MEDIUMCONST    	FEA3	0000	2
		_note_security 		MEDIUMCONST    	FEA0	0000	2
		_dispshleft    		MEDIUMCONST    	FEAA	0000	2
		_dispaddr      		MEDIUMCONST    	FEAF	0000	2
		_venderrors    		MEDIUMCONST    	FE74	0000	3
		_cc_pin        		MEDIUMCONST    	FE84	0000	2
		_cc_countrq    		MEDIUMCONST    	FE87	0000	2
		_vendstore     		MEDIUMCONST    	FE78	0000	3
		_audit         		MEDIUMCONST    	FE60	0000	14
		_dispon        		MEDIUMCONST    	FEB1	0000	2
		_dispsl        		MEDIUMCONST    	FEA7	0000	2
		_inscoin       		MEDIUMCONST    	FF8D	0000	23
		_acept_disabled		MEDIUMCONST    	FE92	0000	2
		_motr_error    		MEDIUMCONST    	FE9A	0000	2
		_initnote      		MEDIUMCONST    	FF4C	0000	38
		_dispsr        		MEDIUMCONST    	FEA8	0000	2
		_dispshright   		MEDIUMCONST    	FEAB	0000	2

shared estimated size: 693

mcc_generated_files/eusart1.c
		_EUSART1_Initialize		CODE           	111C6	0000	23
		_EUSART1_Read  		CODE           	111F0	0000	19
		_EUSART1_Write 		CODE           	11210	0000	15

mcc_generated_files/eusart1.c estimated size: 57

eusart_mdb.c
		_eusartmdb_Initialize		CODE           	11184	0000	23

eusart_mdb.c estimated size: 23

mcc_generated_files/mcc.c
		_OSCILLATOR_Initialize		CODE           	11154	0000	25
		_SYSTEM_Initialize		CODE           	11050	0000	43

mcc_generated_files/mcc.c estimated size: 68

mcc_generated_files/tmr3.c
		_TMR3_Initialize		CODE           	10F58	0000	53

mcc_generated_files/tmr3.c estimated size: 53

mcc_generated_files/tmr1.c
		_TMR1_Initialize		CODE           	10F8C	0000	53

mcc_generated_files/tmr1.c estimated size: 53

lcd.c
		_lcd_dispadd   		CODE           	111B0	0000	23
		_displ_code    		CODE           	10122	0000	263
		_lcd_clockE    		CODE           	1121E	0000	15
		_lcd_clockH    		CODE           	11256	0000	9
		_lcd_clockL    		CODE           	1124E	0000	9
		_displ_credit  		CODE           	10EF0	0000	53
		_lcd_test      		CODE           	1119A	0000	23
		_lcd_write     		CODE           	10FC0	0000	51
		_lcd_writeC    		CODE           	10AFC	0000	103
		_read_busy     		CODE           	10D98	0000	67
		_displ_hex     		CODE           	10688	0000	183
		_displ_note    		CODE           	109B0	0000	121
		_lcd_string    		CODE           	1041E	0000	233
		_lcd_init      		CODE           	107EE	0000	169
		_displ_noteer  		CODE           	10FF2	0000	49
		_displ_nendis  		CODE           	10CB4	0000	83

lcd.c estimated size: 1454

mcc_generated_files/memory.c
		_DATAEE_WriteByte		CODE           	10E4E	0000	59
		_DATAEE_ReadByte		CODE           	1113C	0000	25

mcc_generated_files/memory.c estimated size: 84

mdb.c
		_mdb_reset     		CODE           	1092A	0000	135
		_mdb_security  		CODE           	110C2	0000	33
		_mdb_poll      		CODE           	10000	0000	291
		_set_notes     		CODE           	10506	0000	203
		_mdb_noten     		CODE           	10DDA	0000	59
		_mdb_on        		CODE           	11278	0000	7
		_mdb_transmit  		CODE           	11202	0000	15
		_init_mdbdata  		CODE           	1107A	0000	39
		_mdb_waitr     		CODE           	1126C	0000	7
		_mdb_waitx     		CODE           	11272	0000	7
		_enable_notes  		CODE           	10BB8	0000	85
		_mdb_init      		CODE           	10D06	0000	79
		_mdb_comm      		CODE           	10324	0000	251

mdb.c estimated size: 1211

mcc_generated_files/dac1.c
		_DAC1_SetOutput		CODE           	11246	0000	9
		_DAC1_Initialize		CODE           	1123A	0000	13

mcc_generated_files/dac1.c estimated size: 22

main.c
		_main          		CODE           	105D0	0000	185
		_enter_service 		CODE           	10896	0000	149

main.c estimated size: 334

