Microchip MPLAB XC8 Compiler V1.44 ()

Linker command line:

-W-3 --edf=/opt/microchip/xc8/v1.44/dat/en_msgs.txt -cs \
  -h+dist/default/production/Andre_8Chan_C.X.production.sym \
  --cmf=dist/default/production/Andre_8Chan_C.X.production.cmf -z \
  -Q18F47K40 -o/tmp/xcXXxndKb \
  -Mdist/default/production/Andre_8Chan_C.X.production.map -E1 -ver=XC8 \
  -ASTACK=080h-0e87h -pstack=STACK -ACODE=00h-01FFFFh -ACONST=00h-01FFFFh \
  -ASMALLCONST=0F00h-0FFFhx497 -AMEDIUMCONST=0F00h-0FFFFh,010F00h-01FFFFh \
  -ACOMRAM=01h-05Fh -AABS1=00h-0E87h -ABIGRAM=01h-0E87h \
  -ARAM=060h-0FFh,0100h-01FFhx13,0E00h-0E87h -ABANK0=060h-0FFh \
  -ABANK1=0100h-01FFh -ABANK2=0200h-02FFh -ABANK3=0300h-03FFh \
  -ABANK4=0400h-04FFh -ABANK5=0500h-05FFh -ABANK6=0600h-06FFh \
  -ABANK7=0700h-07FFh -ABANK8=0800h-08FFh -ABANK9=0900h-09FFh \
  -ABANK10=0A00h-0AFFh -ABANK11=0B00h-0BFFh -ABANK12=0C00h-0CFFh \
  -ABANK13=0D00h-0DFFh -ABANK14=0E00h-0E87h \
  -ASFR=0E8Dh-0EFFh,0F00h-0F5Fh,0F60h-0FFFh \
  -preset_vec=00h,intcode=08h,intcodelo,powerup,init -pramtop=0F00h \
  -psmallconst=SMALLCONST -pmediumconst=MEDIUMCONST -pconst=CONST \
  -AFARRAM=00h-00h -ACONFIG=0300000h-030000Bh -pconfig=CONFIG \
  -AIDLOC=0200000h-020000Fh -pidloc=IDLOC -AEEDATA=0310000h-03103FFh \
  -peeprom_data=EEDATA \
  -prdata=COMRAM,nvrram=COMRAM,nvbit=COMRAM,rbss=COMRAM,rbit=COMRAM \
  -pfarbss=FARRAM,fardata=FARRAM,nvFARRAM=FARRAM \
  -pintsave_regs=BIGRAM,bigbss=BIGRAM,bigdata=BIGRAM -pbss=RAM \
  -pidata=CODE,irdata=CODE,ibigdata=CODE,ifardata=CODE -prparam=COMRAM \
  /tmp/xcXn3FCmB.obj dist/default/production/Andre_8Chan_C.X.production.obj 

Object code version is 3.11

Machine type is 18F47K40

Call graph: (short form)




                Name                               Link     Load   Length Selector   Space Scale
/tmp/xcXn3FCmB.obj
                init                                 AA       AA        4        4       0
                reset_vec                             0        0        4        0       0
                idloc                            200000   200000       10   200000       0
                config                           300000   300000        C   300000       0
dist/default/production/Andre_8Chan_C.X.production.obj
                intcode                               8        8       A2        4       0
                temp                                 43       43        1        1       1
                smallconst                          F00      F00       52      780       0
                text40                             1792     1792        6      7A9       0
                text38                             1726     1726       14      7A9       0
                text37                             1710     1710       16      7A9       0
                text36                             16E2     16E2       18      7A9       0
                text35                             176C     176C        8      7A9       0
                text34                             1764     1764        8      7A9       0
                text33                             16CA     16CA       18      7A9       0
                text32                             10FC     10FC       B0      7A9       0
                text31                             1798     1798        4      7A9       0
                text30                             1540     1540       38      7A9       0
                text29                             1676     1676       22      7A9       0
                text28                             16B2     16B2       18      7A9       0
                text27                             1506     1506       3A      7A9       0
                text26                             1408     1408       44      7A9       0
                text25                             13C2     13C2       46      7A9       0
                text24                             1698     1698       1A      7A9       0
                text23                             12A2     12A2       6A      7A9       0
                text22                             136E     136E       54      7A9       0
                text21                             175A     175A        A      7A9       0
                text20                             178C     178C        6      7A9       0
                text19                             1786     1786        6      7A9       0
                text18                             144C     144C       42      7A9       0
                text17                             1578     1578       32      7A9       0
                text16                             15DA     15DA       2C      7A9       0
                text15                             104C     104C       B0      7A9       0
                text14                             11AC     11AC       82      7A9       0
                text13                             1654     1654       22      7A9       0
                text12                             16FA     16FA       16      7A9       0
                text11                             122E     122E       74      7A9       0
                text10                             173A     173A       12      7A9       0
                text9                              174C     174C        E      7A9       0
                text8                              162E     162E       26      7A9       0
                text7                              1780     1780        6      7A9       0
                text6                              177A     177A        6      7A9       0
                text5                              1774     1774        6      7A9       0
                text4                               F52      F52       FA      7A9       0
                text3                              15AA     15AA       30      7A9       0
                text2                              130C     130C       62      7A9       0
                text1                              1606     1606       28      7A9       0
                text0                              14CA     14CA       3C      7A9       0
                cstackCOMRAM                          1        1       2C        1       1
                bssBANK0                             60       60       20       60       1
                dataCOMRAM                           42       42        1        1       1
                bssCOMRAM                            2D       2D       12        1       1
                cinit                              148E     148E       3C      7A9       0
                nvCOMRAM                             3F       3F        3        1       1
                idataCOMRAM                        179C     179C        1      7A9       0

TOTAL           Name                               Link     Load   Length     Space
        CLASS   STACK          

        CLASS   CODE           
                intcode                               8        8       A2         0
                init                                 AA       AA        4         0
                reset_vec                             0        0        4         0
                text40                             1792     1792        6         0
                text38                             1726     1726       14         0
                text37                             1710     1710       16         0
                text36                             16E2     16E2       18         0
                text35                             176C     176C        8         0
                text34                             1764     1764        8         0
                text33                             16CA     16CA       18         0
                text32                             10FC     10FC       B0         0
                text31                             1798     1798        4         0
                text30                             1540     1540       38         0
                text29                             1676     1676       22         0
                text28                             16B2     16B2       18         0
                text27                             1506     1506       3A         0
                text26                             1408     1408       44         0
                text25                             13C2     13C2       46         0
                text24                             1698     1698       1A         0
                text23                             12A2     12A2       6A         0
                text22                             136E     136E       54         0
                text21                             175A     175A        A         0
                text20                             178C     178C        6         0
                text19                             1786     1786        6         0
                text18                             144C     144C       42         0
                text17                             1578     1578       32         0
                text16                             15DA     15DA       2C         0
                text15                             104C     104C       B0         0
                text14                             11AC     11AC       82         0
                text13                             1654     1654       22         0
                text12                             16FA     16FA       16         0
                text11                             122E     122E       74         0
                text10                             173A     173A       12         0
                text9                              174C     174C        E         0
                text8                              162E     162E       26         0
                text7                              1780     1780        6         0
                text6                              177A     177A        6         0
                text5                              1774     1774        6         0
                text4                               F52      F52       FA         0
                text3                              15AA     15AA       30         0
                text2                              130C     130C       62         0
                text1                              1606     1606       28         0
                text0                              14CA     14CA       3C         0
                cinit                              148E     148E       3C         0
                idataCOMRAM                        179C     179C        1         0

        CLASS   CONST          

        CLASS   SMALLCONST     
                smallconst                          F00      F00       52         0

        CLASS   MEDIUMCONST    

        CLASS   COMRAM         
                temp                                 43       43        1         1
                cstackCOMRAM                          1        1       2C         1
                dataCOMRAM                           42       42        1         1
                bssCOMRAM                            2D       2D       12         1
                nvCOMRAM                             3F       3F        3         1

        CLASS   ABS1           

        CLASS   BIGRAM         

        CLASS   RAM            

        CLASS   BANK0          
                bssBANK0                             60       60       20         1

        CLASS   BANK1          

        CLASS   BANK2          

        CLASS   BANK3          

        CLASS   BANK4          

        CLASS   BANK5          

        CLASS   BANK6          

        CLASS   BANK7          

        CLASS   BANK8          

        CLASS   BANK9          

        CLASS   BANK10         

        CLASS   BANK11         

        CLASS   BANK12         

        CLASS   BANK13         

        CLASS   BANK14         

        CLASS   SFR            

        CLASS   FARRAM         

        CLASS   CONFIG         
                config                           300000   300000        C         0

        CLASS   IDLOC          
                idloc                            200000   200000       10         0

        CLASS   EEDATA         



SEGMENTS        Name                           Load    Length   Top    Selector   Space  Class

                reset_vec                      000000  000004  000004         0       0  CODE    
                cstackCOMRAM                   000001  000043  000044         1       1  COMRAM  
                intcode                        000008  0000A6  0000AE         4       0  CODE    
                bssBANK0                       000060  000020  000080        60       1  BANK0   
                smallconst                     000F00  000052  000F52       780       0  SMALLCON
                text4                          000F52  00084B  00179D       7A9       0  CODE    
                idloc                          200000  000010  200010    200000       0  IDLOC   
                config                         300000  00000C  30000C    300000       0  CONFIG  


UNUSED ADDRESS RANGES

        Name                Unused          Largest block    Delta
        BANK0            000080-0000FF               80
        BANK1            000100-0001FF              100
        BANK10           000A00-000AFF              100
        BANK11           000B00-000BFF              100
        BANK12           000C00-000CFF              100
        BANK13           000D00-000DFF              100
        BANK14           000E00-000E87               88
        BANK2            000200-0002FF              100
        BANK3            000300-0003FF              100
        BANK4            000400-0004FF              100
        BANK5            000500-0005FF              100
        BANK6            000600-0006FF              100
        BANK7            000700-0007FF              100
        BANK8            000800-0008FF              100
        BANK9            000900-0009FF              100
        BIGRAM           000044-00005F               1C
                         000080-000E87              E08
        CODE             000004-000007                4
                         0000AE-000EFF              E52
                         00179D-01FFFF            1E863
        COMRAM           000044-00005F               1C
        CONST            000004-000007                4
                         0000AE-000EFF              E52
                         00179D-01FFFF            1E863
        EEDATA           310000-3103FF              400
        MEDIUMCONST      00179D-00FFFF             E863
                         010F00-01FFFF             F100
        RAM              000080-000E87              100
        SFR              000E8D-000FFF               73
        SMALLCONST       00179D-01FFFF              100
        STACK            000080-000E87              E08

                                  Symbol Table

?___ltdiv                                cstackCOMRAM 000013
?___ltmod                                cstackCOMRAM 000013
DATAEE_ReadByte@bAdd                     cstackCOMRAM 000013
DATAEE_WriteByte@GIEBitValue             cstackCOMRAM 000016
DATAEE_WriteByte@bAdd                    cstackCOMRAM 000013
DATAEE_WriteByte@bData                   cstackCOMRAM 000015
EUSART1_Write@txData                     cstackCOMRAM 000013
PIN_MANAGER_Initialize@state             cstackCOMRAM 000013
_ANSELA                                  (abs)        000F11
_ANSELB                                  (abs)        000F19
_ANSELC                                  (abs)        000F21
_ANSELD                                  (abs)        000F26
_ANSELE                                  (abs)        000F2E
_BAUD1CON                                (abs)        000F9F
_BAUD1CONbits                            (abs)        000F9F
_BAUD2CON                                (abs)        000E9F
_CM1CON0                                 (abs)        000F39
_CM1CON1                                 (abs)        000F3A
_CM1NCH                                  (abs)        000F3B
_CM1PCH                                  (abs)        000F3C
_CMOUTbits                               (abs)        000F3D
_CMP1_Initialize                         text38       001726
_DATAEE_ReadByte                         text28       0016B2
_DATAEE_WriteByte                        text27       001506
_EUSART1_Initialize                      text37       001710
_EUSART1_Read                            text10       00173A
_EUSART1_Write                           text9        00174C
_EUSART2_Initialize                      text36       0016E2
_FVRCON                                  (abs)        000F31
_FVRCONbits                              (abs)        000F31
_FVR_Initialize                          text35       00176C
_GIE                                     (abs)        007F97
_INTCONbits                              (abs)        000FF2
_INTERRUPT_Initialize                    text34       001764
_INTERRUPT_InterruptManagerHigh          intcode      000008
_IPR0bits                                (abs)        000EBA
_LATA                                    (abs)        000F83
_LATB                                    (abs)        000F84
_LATC                                    (abs)        000F85
_LATCbits                                (abs)        000F85
_LATD                                    (abs)        000F86
_LATE                                    (abs)        000F87
_NVMADRH                                 (abs)        000F7F
_NVMADRL                                 (abs)        000F7E
_NVMCON1bits                             (abs)        000F81
_NVMCON2                                 (abs)        000F82
_NVMDAT                                  (abs)        000F80
_ODCONA                                  (abs)        000F0F
_ODCONB                                  (abs)        000F17
_ODCONC                                  (abs)        000F1F
_ODCOND                                  (abs)        000F24
_ODCONE                                  (abs)        000F2C
_OSCCON1                                 (abs)        000ED8
_OSCCON3                                 (abs)        000EDA
_OSCEN                                   (abs)        000EDC
_OSCFRQ                                  (abs)        000EDE
_OSCILLATOR_Initialize                   text33       0016CA
_OSCTUNE                                 (abs)        000EDD
_PIE0bits                                (abs)        000EC2
_PIN_MANAGER_IOC                         text40       001792
_PIN_MANAGER_Initialize                  text32       0010FC
_PIR0bits                                (abs)        000ECA
_PIR3bits                                (abs)        000ECD
_PIR4bits                                (abs)        000ECE
_PIR7bits                                (abs)        000ED1
_PORTD                                   (abs)        000F90
_PPSLOCK                                 (abs)        000EA0
_PPSLOCKbits                             (abs)        000EA0
_RB5PPS                                  (abs)        000EF4
_RC1REG                                  (abs)        000F99
_RC1STA                                  (abs)        000F9D
_RC1STAbits                              (abs)        000F9D
_RC2REG                                  (abs)        000E99
_RC2STA                                  (abs)        000E9D
_RC2STAbits                              (abs)        000E9D
_RC6PPS                                  (abs)        000EFD
_RX1PPSbits                              (abs)        000EB5
_RX2PPSbits                              (abs)        000E8D
_SP1BRGH                                 (abs)        000F9C
_SP1BRGL                                 (abs)        000F9B
_SP2BRGH                                 (abs)        000E9C
_SP2BRGL                                 (abs)        000E9B
_SYSTEM_Initialize                       text29       001676
_T1CLK                                   (abs)        000FD2
_T1CON                                   (abs)        000FCF
_T1CONbits                               (abs)        000FCF
_T1GATE                                  (abs)        000FD1
_T1GCON                                  (abs)        000FD0
_T1GCONbits                              (abs)        000FD0
_TABLAT                                  (abs)        000FF5
_TBLPTRH                                 (abs)        000FF7
_TBLPTRL                                 (abs)        000FF6
_TBLPTRU                                 (abs)        000FF8
_TMR1H                                   (abs)        000FCE
_TMR1L                                   (abs)        000FCD
_TMR1_Initialize                         text30       001540
_TMR1_StartTimer                         text31       001798
_TRISA                                   (abs)        000F88
_TRISB                                   (abs)        000F89
_TRISC                                   (abs)        000F8A
_TRISD                                   (abs)        000F8B
_TRISE                                   (abs)        000F8C
_TX1REG                                  (abs)        000F9A
_TX1STA                                  (abs)        000F9E
_TX1STAbits                              (abs)        000F9E
_TX2REG                                  (abs)        000E9A
_TX2STA                                  (abs)        000E9E
_WPUA                                    (abs)        000F10
_WPUB                                    (abs)        000F18
_WPUC                                    (abs)        000F20
_WPUD                                    (abs)        000F25
_WPUE                                    (abs)        000F2D
__CFG_BOREN$SBORDIS                      (abs)        000000
__CFG_BORV$VBOR_2P45                     (abs)        000000
__CFG_CLKOUTEN$OFF                       (abs)        000000
__CFG_CP$OFF                             (abs)        000000
__CFG_CPD$OFF                            (abs)        000000
__CFG_CSWEN$ON                           (abs)        000000
__CFG_DEBUG$OFF                          (abs)        000000
__CFG_EBTR0$OFF                          (abs)        000000
__CFG_EBTR1$OFF                          (abs)        000000
__CFG_EBTR2$OFF                          (abs)        000000
__CFG_EBTR3$OFF                          (abs)        000000
__CFG_EBTR4$OFF                          (abs)        000000
__CFG_EBTR5$OFF                          (abs)        000000
__CFG_EBTR6$OFF                          (abs)        000000
__CFG_EBTR7$OFF                          (abs)        000000
__CFG_EBTRB$OFF                          (abs)        000000
__CFG_FCMEN$ON                           (abs)        000000
__CFG_FEXTOSC$OFF                        (abs)        000000
__CFG_LPBOREN$OFF                        (abs)        000000
__CFG_LVP$ON                             (abs)        000000
__CFG_MCLRE$EXTMCLR                      (abs)        000000
__CFG_PPS1WAY$ON                         (abs)        000000
__CFG_PWRTE$OFF                          (abs)        000000
__CFG_RSTOSC$HFINTOSC_64MHZ              (abs)        000000
__CFG_SCANE$ON                           (abs)        000000
__CFG_STVREN$ON                          (abs)        000000
__CFG_WDTCCS$SC                          (abs)        000000
__CFG_WDTCPS$WDTCPS_31                   (abs)        000000
__CFG_WDTCWS$WDTCWS_7                    (abs)        000000
__CFG_WDTE$OFF                           (abs)        000000
__CFG_WRT0$OFF                           (abs)        000000
__CFG_WRT1$OFF                           (abs)        000000
__CFG_WRT2$OFF                           (abs)        000000
__CFG_WRT3$OFF                           (abs)        000000
__CFG_WRT4$OFF                           (abs)        000000
__CFG_WRT5$OFF                           (abs)        000000
__CFG_WRT6$OFF                           (abs)        000000
__CFG_WRT7$OFF                           (abs)        000000
__CFG_WRTB$OFF                           (abs)        000000
__CFG_WRTC$OFF                           (abs)        000000
__CFG_WRTD$OFF                           (abs)        000000
__CFG_XINST$OFF                          (abs)        000000
__CFG_ZCD$OFF                            (abs)        000000
__HRAM                                   (abs)        000000
__Habs1                                  abs1         000000
__Hbank0                                 bank0        000000
__Hbank1                                 bank1        000000
__Hbank10                                bank10       000000
__Hbank11                                bank11       000000
__Hbank12                                bank12       000000
__Hbank13                                bank13       000000
__Hbank14                                bank14       000000
__Hbank2                                 bank2        000000
__Hbank3                                 bank3        000000
__Hbank4                                 bank4        000000
__Hbank5                                 bank5        000000
__Hbank6                                 bank6        000000
__Hbank7                                 bank7        000000
__Hbank8                                 bank8        000000
__Hbank9                                 bank9        000000
__Hbigbss                                bigbss       000000
__Hbigdata                               bigdata      000000
__Hbigram                                bigram       000000
__Hbss                                   bss          000000
__HbssBANK0                              bssBANK0     000000
__HbssCOMRAM                             bssCOMRAM    000000
__Hcinit                                 cinit        000000
__Hclrtext                               clrtext      000000
__Hcomram                                comram       000000
__Hconfig                                config       30000C
__Hconst                                 const        000000
__HcstackCOMRAM                          cstackCOMRAM 000000
__Hdata                                  data         000000
__HdataCOMRAM                            dataCOMRAM   000000
__Heeprom_data                           eeprom_data  000000
__Hfarbss                                farbss       000000
__Hfardata                               fardata      000000
__Hibigdata                              ibigdata     000000
__Hidata                                 idata        000000
__HidataCOMRAM                           idataCOMRAM  000000
__Hidloc                                 idloc        200010
__Hifardata                              ifardata     000000
__Hinit                                  init         0000AE
__Hintcode                               intcode      0000AA
__Hintcode_body                          intcode_body 000000
__Hintcodelo                             intcodelo    0000AA
__Hintentry                              intentry     000000
__Hintret                                intret       000000
__Hintsave_regs                          intsave_regs 000000
__Hirdata                                irdata       000000
__Hmediumconst                           mediumconst  000000
__HnvCOMRAM                              nvCOMRAM     000000
__HnvFARRAM                              nvFARRAM     000000
__Hnvbit                                 nvbit        000000
__Hnvrram                                nvrram       000000
__Hparam                                 rparam       000000
__Hpowerup                               powerup      0000AA
__Hram                                   ram          000000
__Hramtop                                ramtop       000F00
__Hrbit                                  rbit         000000
__Hrbss                                  rbss         000000
__Hrdata                                 rdata        000000
__Hreset_vec                             reset_vec    000004
__Hrparam                                rparam       000000
__Hsfr                                   sfr          000000
__Hsmallconst                            smallconst   000F52
__Hspace_0                               (abs)        30000C
__Hspace_1                               (abs)        000080
__Hspace_2                               (abs)        000000
__Hstack                                 stack        000000
__Hstruct                                struct       000000
__Htemp                                  temp         000044
__Htext                                  text         000000
__Htext0                                 text0        000000
__Htext1                                 text1        000000
__Htext10                                text10       000000
__Htext11                                text11       000000
__Htext12                                text12       000000
__Htext13                                text13       000000
__Htext14                                text14       000000
__Htext15                                text15       000000
__Htext16                                text16       000000
__Htext17                                text17       000000
__Htext18                                text18       000000
__Htext19                                text19       000000
__Htext2                                 text2        000000
__Htext20                                text20       000000
__Htext21                                text21       000000
__Htext22                                text22       000000
__Htext23                                text23       000000
__Htext24                                text24       000000
__Htext25                                text25       000000
__Htext26                                text26       000000
__Htext27                                text27       000000
__Htext28                                text28       000000
__Htext29                                text29       000000
__Htext3                                 text3        000000
__Htext30                                text30       000000
__Htext31                                text31       000000
__Htext32                                text32       000000
__Htext33                                text33       000000
__Htext34                                text34       000000
__Htext35                                text35       000000
__Htext36                                text36       000000
__Htext37                                text37       000000
__Htext38                                text38       000000
__Htext4                                 text4        000000
__Htext40                                text40       000000
__Htext5                                 text5        000000
__Htext6                                 text6        000000
__Htext7                                 text7        000000
__Htext8                                 text8        000000
__Htext9                                 text9        000000
__LRAM                                   (abs)        000001
__Labs1                                  abs1         000000
__Lbank0                                 bank0        000000
__Lbank1                                 bank1        000000
__Lbank10                                bank10       000000
__Lbank11                                bank11       000000
__Lbank12                                bank12       000000
__Lbank13                                bank13       000000
__Lbank14                                bank14       000000
__Lbank2                                 bank2        000000
__Lbank3                                 bank3        000000
__Lbank4                                 bank4        000000
__Lbank5                                 bank5        000000
__Lbank6                                 bank6        000000
__Lbank7                                 bank7        000000
__Lbank8                                 bank8        000000
__Lbank9                                 bank9        000000
__Lbigbss                                bigbss       000000
__Lbigdata                               bigdata      000000
__Lbigram                                bigram       000000
__Lbss                                   bss          000000
__LbssBANK0                              bssBANK0     000000
__LbssCOMRAM                             bssCOMRAM    000000
__Lcinit                                 cinit        000000
__Lclrtext                               clrtext      000000
__Lcomram                                comram       000000
__Lconfig                                config       300000
__Lconst                                 const        000000
__LcstackCOMRAM                          cstackCOMRAM 000000
__Ldata                                  data         000000
__LdataCOMRAM                            dataCOMRAM   000000
__Leeprom_data                           eeprom_data  000000
__Lfarbss                                farbss       000000
__Lfardata                               fardata      000000
__Libigdata                              ibigdata     000000
__Lidata                                 idata        000000
__LidataCOMRAM                           idataCOMRAM  000000
__Lidloc                                 idloc        200000
__Lifardata                              ifardata     000000
__Linit                                  init         0000AA
__Lintcode                               intcode      000008
__Lintcode_body                          intcode_body 000000
__Lintcodelo                             intcodelo    0000AA
__Lintentry                              intentry     000000
__Lintret                                intret       000000
__Lintsave_regs                          intsave_regs 000000
__Lirdata                                irdata       000000
__Lmediumconst                           mediumconst  000000
__LnvCOMRAM                              nvCOMRAM     000000
__LnvFARRAM                              nvFARRAM     000000
__Lnvbit                                 nvbit        000000
__Lnvrram                                nvrram       000000
__Lparam                                 rparam       000000
__Lpowerup                               powerup      0000AA
__Lram                                   ram          000000
__Lramtop                                ramtop       000F00
__Lrbit                                  rbit         000000
__Lrbss                                  rbss         000000
__Lrdata                                 rdata        000000
__Lreset_vec                             reset_vec    000000
__Lrparam                                rparam       000000
__Lsfr                                   sfr          000000
__Lsmallconst                            smallconst   000F00
__Lspace_0                               (abs)        000000
__Lspace_1                               (abs)        000000
__Lspace_2                               (abs)        000000
__Lstack                                 stack        000000
__Lstruct                                struct       000000
__Ltemp                                  temp         000043
__Ltext                                  text         000000
__Ltext0                                 text0        000000
__Ltext1                                 text1        000000
__Ltext10                                text10       000000
__Ltext11                                text11       000000
__Ltext12                                text12       000000
__Ltext13                                text13       000000
__Ltext14                                text14       000000
__Ltext15                                text15       000000
__Ltext16                                text16       000000
__Ltext17                                text17       000000
__Ltext18                                text18       000000
__Ltext19                                text19       000000
__Ltext2                                 text2        000000
__Ltext20                                text20       000000
__Ltext21                                text21       000000
__Ltext22                                text22       000000
__Ltext23                                text23       000000
__Ltext24                                text24       000000
__Ltext25                                text25       000000
__Ltext26                                text26       000000
__Ltext27                                text27       000000
__Ltext28                                text28       000000
__Ltext29                                text29       000000
__Ltext3                                 text3        000000
__Ltext30                                text30       000000
__Ltext31                                text31       000000
__Ltext32                                text32       000000
__Ltext33                                text33       000000
__Ltext34                                text34       000000
__Ltext35                                text35       000000
__Ltext36                                text36       000000
__Ltext37                                text37       000000
__Ltext38                                text38       000000
__Ltext4                                 text4        000000
__Ltext40                                text40       000000
__Ltext5                                 text5        000000
__Ltext6                                 text6        000000
__Ltext7                                 text7        000000
__Ltext8                                 text8        000000
__Ltext9                                 text9        000000
__S0                                     (abs)        30000C
__S1                                     (abs)        000080
__S2                                     (abs)        000000
___inthi_sp                              stack        000000
___intlo_sp                              stack        000000
___ltdiv                                 text23       0012A2
___ltdiv@counter                         cstackCOMRAM 00001C
___ltdiv@dividend                        cstackCOMRAM 000013
___ltdiv@divisor                         cstackCOMRAM 000016
___ltdiv@quotient                        cstackCOMRAM 000019
___ltmod                                 text22       00136E
___ltmod@counter                         cstackCOMRAM 000019
___ltmod@dividend                        cstackCOMRAM 000013
___ltmod@divisor                         cstackCOMRAM 000016
___param_bank                            (abs)        000000
___rparam_used                           (abs)        000001
___sp                                    stack        000000
__accesstop                              (abs)        000060
__activetblptr                           (abs)        000001
__end_of_CMP1_Initialize                 text38       00173A
__end_of_DATAEE_ReadByte                 text28       0016CA
__end_of_DATAEE_WriteByte                text27       001540
__end_of_EUSART1_Initialize              text37       001726
__end_of_EUSART1_Read                    text10       00174C
__end_of_EUSART1_Write                   text9        00175A
__end_of_EUSART2_Initialize              text36       0016FA
__end_of_FVR_Initialize                  text35       001774
__end_of_INTERRUPT_Initialize            text34       00176C
__end_of_INTERRUPT_InterruptManagerHigh  intcode      0000AA
__end_of_OSCILLATOR_Initialize           text33       0016E2
__end_of_PIN_MANAGER_IOC                 text40       001798
__end_of_PIN_MANAGER_Initialize          text32       0011AC
__end_of_SYSTEM_Initialize               text29       001698
__end_of_TMR1_Initialize                 text30       001578
__end_of_TMR1_StartTimer                 text31       00179C
__end_of___ltdiv                         text23       00130C
__end_of___ltmod                         text22       0013C2
__end_of__initialization                 cinit        0014B8
__end_of_acept_disabled                  smallconst   000F11
__end_of_cashbox_err                     smallconst   000F12
__end_of_cashint                         smallconst   000F09
__end_of_cashinv                         smallconst   000F0B
__end_of_credit_add                      text26       00144C
__end_of_credit_check                    text24       0016B2
__end_of_credit_subtract                 text25       001408
__end_of_credits                         smallconst   000F51
__end_of_credmem                         smallconst   000F0D
__end_of_dispaddr                        smallconst   000F2A
__end_of_dispclr                         smallconst   000F2B
__end_of_dispcursor                      smallconst   000F27
__end_of_dispfunc1                       smallconst   000F2E
__end_of_dispfunc2                       smallconst   000F2D
__end_of_displ_credit                    text13       001676
__end_of_displ_hex                       text15       0010FC
__end_of_dispnormal                      smallconst   000F28
__end_of_dispoff                         smallconst   000F24
__end_of_dispon                          smallconst   000F2C
__end_of_dispshleft                      smallconst   000F25
__end_of_dispshright                     smallconst   000F26
__end_of_dispsl                          smallconst   000F22
__end_of_dispsr                          smallconst   000F23
__end_of_dsphome                         smallconst   000F29
__end_of_init_mdbdata                    text8        001654
__end_of_inscoin                         smallconst   000F44
__end_of_invalid_escrow                  smallconst   000F10
__end_of_jammed_err                      smallconst   000F15
__end_of_just_busy                       smallconst   000F17
__end_of_just_reset                      smallconst   000F14
__end_of_lcd_clockE                      text21       001764
__end_of_lcd_clockH                      text20       001792
__end_of_lcd_clockL                      text19       00178C
__end_of_lcd_init                        text11       0012A2
__end_of_lcd_string                      text14       00122E
__end_of_lcd_test                        text12       001710
__end_of_lcd_write                       text17       0015AA
__end_of_lcd_writeC                      text16       001606
__end_of_main                            text0        001506
__end_of_mdb_noten                       text3        0015DA
__end_of_mdb_on                          text7        001786
__end_of_mdb_poll                        text4        00104C
__end_of_mdb_reset                       text2        00136E
__end_of_mdb_waitr                       text6        001780
__end_of_mdb_waitx                       text5        00177A
__end_of_motr_error                      smallconst   000F19
__end_of_note_escrow                     smallconst   000F1C
__end_of_note_features                   smallconst   000F1A
__end_of_note_poll                       smallconst   000F1E
__end_of_note_rejected                   smallconst   000F0F
__end_of_note_removed                    smallconst   000F13
__end_of_note_reset                      smallconst   000F21
__end_of_note_security                   smallconst   000F1F
__end_of_note_setup                      smallconst   000F20
__end_of_note_stacker                    smallconst   000F1B
__end_of_note_type                       smallconst   000F1D
__end_of_pricestore                      smallconst   000F05
__end_of_read_busy                       text18       00148E
__end_of_rom_error                       smallconst   000F16
__end_of_sens_error                      smallconst   000F18
__end_of_theft_attempt                   smallconst   000F0E
__end_of_vend_init                       text1        00162E
__end_of_venderrors                      smallconst   000F03
__end_of_vendstore                       smallconst   000F07
__initialization                         cinit        00148E
__mediumconst                            mediumconst  000000
__pbssBANK0                              bssBANK0     000060
__pbssCOMRAM                             bssCOMRAM    00002D
__pcinit                                 cinit        00148E
__pcstackCOMRAM                          cstackCOMRAM 000001
__pdataCOMRAM                            dataCOMRAM   000042
__pidataCOMRAM                           idataCOMRAM  00179C
__pintcode                               intcode      000008
__pnvCOMRAM                              nvCOMRAM     00003F
__psmallconst                            smallconst   000F00
__ptext0                                 text0        0014CA
__ptext1                                 text1        001606
__ptext10                                text10       00173A
__ptext11                                text11       00122E
__ptext12                                text12       0016FA
__ptext13                                text13       001654
__ptext14                                text14       0011AC
__ptext15                                text15       00104C
__ptext16                                text16       0015DA
__ptext17                                text17       001578
__ptext18                                text18       00144C
__ptext19                                text19       001786
__ptext2                                 text2        00130C
__ptext20                                text20       00178C
__ptext21                                text21       00175A
__ptext22                                text22       00136E
__ptext23                                text23       0012A2
__ptext24                                text24       001698
__ptext25                                text25       0013C2
__ptext26                                text26       001408
__ptext27                                text27       001506
__ptext28                                text28       0016B2
__ptext29                                text29       001676
__ptext3                                 text3        0015AA
__ptext30                                text30       001540
__ptext31                                text31       001798
__ptext32                                text32       0010FC
__ptext33                                text33       0016CA
__ptext34                                text34       001764
__ptext35                                text35       00176C
__ptext36                                text36       0016E2
__ptext37                                text37       001710
__ptext38                                text38       001726
__ptext4                                 text4        000F52
__ptext40                                text40       001792
__ptext5                                 text5        001774
__ptext6                                 text6        00177A
__ptext7                                 text7        001780
__ptext8                                 text8        00162E
__ptext9                                 text9        00174C
__ramtop                                 ramtop       000F00
__size_of_CMP1_Initialize                (abs)        000000
__size_of_DATAEE_ReadByte                (abs)        000000
__size_of_DATAEE_WriteByte               (abs)        000000
__size_of_EUSART1_Initialize             (abs)        000000
__size_of_EUSART1_Read                   (abs)        000000
__size_of_EUSART1_Write                  (abs)        000000
__size_of_EUSART2_Initialize             (abs)        000000
__size_of_FVR_Initialize                 (abs)        000000
__size_of_INTERRUPT_Initialize           (abs)        000000
__size_of_INTERRUPT_InterruptManagerHigh (abs)        000000
__size_of_OSCILLATOR_Initialize          (abs)        000000
__size_of_PIN_MANAGER_IOC                (abs)        000000
__size_of_PIN_MANAGER_Initialize         (abs)        000000
__size_of_SYSTEM_Initialize              (abs)        000000
__size_of_TMR1_Initialize                (abs)        000000
__size_of_TMR1_StartTimer                (abs)        000000
__size_of___ltdiv                        (abs)        000000
__size_of___ltmod                        (abs)        000000
__size_of_credit_add                     (abs)        000000
__size_of_credit_check                   (abs)        000000
__size_of_credit_subtract                (abs)        000000
__size_of_displ_credit                   (abs)        000000
__size_of_displ_hex                      (abs)        000000
__size_of_init_mdbdata                   (abs)        000000
__size_of_lcd_clockE                     (abs)        000000
__size_of_lcd_clockH                     (abs)        000000
__size_of_lcd_clockL                     (abs)        000000
__size_of_lcd_init                       (abs)        000000
__size_of_lcd_string                     (abs)        000000
__size_of_lcd_test                       (abs)        000000
__size_of_lcd_write                      (abs)        000000
__size_of_lcd_writeC                     (abs)        000000
__size_of_main                           (abs)        000000
__size_of_mdb_noten                      (abs)        000000
__size_of_mdb_on                         (abs)        000000
__size_of_mdb_poll                       (abs)        000000
__size_of_mdb_reset                      (abs)        000000
__size_of_mdb_waitr                      (abs)        000000
__size_of_mdb_waitx                      (abs)        000000
__size_of_read_busy                      (abs)        000000
__size_of_vend_init                      (abs)        000000
__smallconst                             smallconst   000F00
_acept_disabled                          smallconst   000F10
_bflag                                   bssCOMRAM    00003A
_cash                                    bssCOMRAM    000035
_cashbox_err                             smallconst   000F11
_cashint                                 smallconst   000F07
_cashinv                                 smallconst   000F09
_chkbyte                                 bssCOMRAM    000032
_count                                   nvCOMRAM     000041
_credit                                  bssCOMRAM    000036
_credit_add                              text26       001408
_credit_check                            text24       001698
_credit_subtract                         text25       0013C2
_credits                                 smallconst   000F44
_credmem                                 smallconst   000F0B
_dbcount                                 bssCOMRAM    000030
_dispaddr                                smallconst   000F29
_dispclr                                 smallconst   000F2A
_dispcursor                              smallconst   000F26
_dispfunc1                               smallconst   000F2D
_dispfunc2                               smallconst   000F2C
_displ_credit                            text13       001654
_displ_hex                               text15       00104C
_dispnormal                              smallconst   000F27
_dispoff                                 smallconst   000F23
_dispon                                  smallconst   000F2B
_dispshleft                              smallconst   000F24
_dispshright                             smallconst   000F25
_dispsl                                  smallconst   000F21
_dispsr                                  smallconst   000F22
_dsphome                                 smallconst   000F28
_errorflags                              bssCOMRAM    00003B
_hexnum                                  bssCOMRAM    00002D
_init_mdbdata                            text8        00162E
_inscoin                                 smallconst   000F2E
_invalid_escrow                          smallconst   000F0F
_jammed_err                              smallconst   000F14
_just_busy                               smallconst   000F16
_just_reset                              smallconst   000F13
_lcd_clockE                              text21       00175A
_lcd_clockH                              text20       00178C
_lcd_clockL                              text19       001786
_lcd_init                                text11       00122E
_lcd_string                              text14       0011AC
_lcd_test                                text12       0016FA
_lcd_write                               text17       001578
_lcd_writeC                              text16       0015DA
_lcdata                                  bssCOMRAM    000038
_lcdfunc                                 bssCOMRAM    000039
_main                                    text0        0014CA
_mcount                                  bssCOMRAM    000033
_mdb_noten                               text3        0015AA
_mdb_on                                  text7        001780
_mdb_poll                                text4        000F52
_mdb_reset                               text2        00130C
_mdb_waitr                               text6        00177A
_mdb_waitx                               text5        001774
_mdbdata                                 bssBANK0     000060
_mdbflags                                bssCOMRAM    00003D
_motr_error                              smallconst   000F18
_note_escrow                             smallconst   000F1B
_note_features                           smallconst   000F19
_note_poll                               smallconst   000F1D
_note_rejected                           smallconst   000F0E
_note_removed                            smallconst   000F12
_note_reset                              smallconst   000F20
_note_security                           smallconst   000F1E
_note_setup                              smallconst   000F1F
_note_stacker                            smallconst   000F1A
_note_type                               smallconst   000F1C
_noteen                                  bssCOMRAM    00003C
_noteen_byte                             dataCOMRAM   000042
_pricestore                              smallconst   000F03
_read_busy                               text18       00144C
_rom_error                               smallconst   000F15
_sens_error                              smallconst   000F17
_slvadd                                  bssCOMRAM    000034
_stradd                                  bssCOMRAM    000037
_theft_attempt                           smallconst   000F0D
_timer1ReloadVal                         nvCOMRAM     00003F
_vend_init                               text1        001606
_venderrors                              smallconst   000F01
_vendstore                               smallconst   000F05
_venflags                                bssCOMRAM    00003E
btemp                                    temp         000043
credit_add@credit                        cstackCOMRAM 000017
credit_subtract@credit                   cstackCOMRAM 000017
displ_credit@cash                        cstackCOMRAM 00002C
displ_hex@hexnum                         cstackCOMRAM 00001D
displ_hex@hexnumsave                     cstackCOMRAM 000028
displ_hex@i                              cstackCOMRAM 00002B
displ_hex@value                          cstackCOMRAM 000020
end_of_initialization                    cinit        0014B8
init_mdbdata@i                           cstackCOMRAM 000014
init_mdbdata@initdata                    cstackCOMRAM 000013
int$flags                                temp         000043
intlevel0                                text         000000
intlevel1                                text         000000
intlevel2                                text         000000
intlevel3                                text         000000
lcd_string@lcdstring                     cstackCOMRAM 000019
lcd_test@character                       cstackCOMRAM 000019
lcd_write@lcdata                         cstackCOMRAM 000016
lcd_write@savelatd                       cstackCOMRAM 000015
lcd_writeC@lcdata                        cstackCOMRAM 000018
lcd_writeC@lcdatasave                    cstackCOMRAM 000017
mdb_poll@i                               cstackCOMRAM 000017
mdb_poll@mcount                          cstackCOMRAM 000015
mdb_poll@slvadd                          cstackCOMRAM 000016
mdb_reset@i                              cstackCOMRAM 00001A
mdb_reset@i_1457                         cstackCOMRAM 000019
read_busy@savelatd                       cstackCOMRAM 000014
read_busy@savelate                       cstackCOMRAM 000013
stackhi                                  (abs)        000E87
stacklo                                  (abs)        000080
start                                    init         0000AA
start_initialization                     cinit        00148E
wtemp6                                   temp         000044


FUNCTION INFORMATION:

 *************** function _main *****************
 Defined at:
		line 53 in file "main.c"
 Parameters:    Size  Location     Type
		None
 Auto vars:     Size  Location     Type
		None
 Return value:  Size  Location     Type
                  1    wreg      void 
 Registers used:
		wreg, fsr2l, fsr2h, status,2, status,0, tblptrl, tblptrh, tblptru, prodl, prodh, cstack
 Tracked objects:
		On entry : 
		On exit  : 
		Unchanged: 
 Data sizes:     COMRAM   BANK0   BANK1   BANK2   BANK3   BANK4   BANK5   BANK6   BANK7   BANK8   BANK9  BANK10  BANK11  BANK12  BANK13  BANK14
      Params:         0       0       0       0       0       0       0       0       0       0       0       0       0       0       0       0
      Locals:         0       0       0       0       0       0       0       0       0       0       0       0       0       0       0       0
      Temps:          0       0       0       0       0       0       0       0       0       0       0       0       0       0       0       0
      Totals:         0       0       0       0       0       0       0       0       0       0       0       0       0       0       0       0
Total ram usage:        0 bytes
 Hardware stack levels required when called:    8
 This function calls:
		_SYSTEM_Initialize
		_credit_add
		_credit_subtract
		_displ_credit
		_lcd_init
		_lcd_string
		_vend_init
 This function is called by:
		Startup code after reset
 This function uses a non-reentrant model


 *************** function _vend_init *****************
 Defined at:
		line 17 in file "vend.c"
 Parameters:    Size  Location     Type
		None
 Auto vars:     Size  Location     Type
		None
 Return value:  Size  Location     Type
                  1    wreg      void 
 Registers used:
		wreg, fsr2l, fsr2h, status,2, status,0, tblptrl, tblptrh, tblptru, prodl, prodh, cstack
 Tracked objects:
		On entry : 
		On exit  : 
		Unchanged: 
 Data sizes:     COMRAM   BANK0   BANK1   BANK2   BANK3   BANK4   BANK5   BANK6   BANK7   BANK8   BANK9  BANK10  BANK11  BANK12  BANK13  BANK14
      Params:         0       0       0       0       0       0       0       0       0       0       0       0       0       0       0       0
      Locals:         0       0       0       0       0       0       0       0       0       0       0       0       0       0       0       0
      Temps:          0       0       0       0       0       0       0       0       0       0       0       0       0       0       0       0
      Totals:         0       0       0       0       0       0       0       0       0       0       0       0       0       0       0       0
Total ram usage:        0 bytes
 Hardware stack levels used:    1
 Hardware stack levels required when called:    6
 This function calls:
		_credit_check
		_mdb_noten
		_mdb_reset
 This function is called by:
		_main
 This function uses a non-reentrant model


 *************** function _mdb_reset *****************
 Defined at:
		line 93 in file "vend.c"
 Parameters:    Size  Location     Type
		None
 Auto vars:     Size  Location     Type
  i               1   24[COMRAM] unsigned char 
  i               1   25[COMRAM] unsigned char 
 Return value:  Size  Location     Type
                  1    wreg      unsigned char 
 Registers used:
		wreg, fsr2l, fsr2h, status,2, status,0, tblptrl, tblptrh, tblptru, prodl, prodh, cstack
 Tracked objects:
		On entry : 
		On exit  : 
		Unchanged: 
 Data sizes:     COMRAM   BANK0   BANK1   BANK2   BANK3   BANK4   BANK5   BANK6   BANK7   BANK8   BANK9  BANK10  BANK11  BANK12  BANK13  BANK14
      Params:         0       0       0       0       0       0       0       0       0       0       0       0       0       0       0       0
      Locals:         2       0       0       0       0       0       0       0       0       0       0       0       0       0       0       0
      Temps:          1       0       0       0       0       0       0       0       0       0       0       0       0       0       0       0
      Totals:         3       0       0       0       0       0       0       0       0       0       0       0       0       0       0       0
Total ram usage:        3 bytes
 Hardware stack levels used:    1
 Hardware stack levels required when called:    5
 This function calls:
		_mdb_poll
 This function is called by:
		_vend_init
 This function uses a non-reentrant model


 *************** function _mdb_noten *****************
 Defined at:
		line 112 in file "vend.c"
 Parameters:    Size  Location     Type
		None
 Auto vars:     Size  Location     Type
		None
 Return value:  Size  Location     Type
                  1    wreg      unsigned char 
 Registers used:
		wreg, fsr2l, fsr2h, status,2, status,0, tblptrl, tblptrh, tblptru, prodl, prodh, cstack
 Tracked objects:
		On entry : 
		On exit  : 
		Unchanged: 
 Data sizes:     COMRAM   BANK0   BANK1   BANK2   BANK3   BANK4   BANK5   BANK6   BANK7   BANK8   BANK9  BANK10  BANK11  BANK12  BANK13  BANK14
      Params:         0       0       0       0       0       0       0       0       0       0       0       0       0       0       0       0
      Locals:         0       0       0       0       0       0       0       0       0       0       0       0       0       0       0       0
      Temps:          0       0       0       0       0       0       0       0       0       0       0       0       0       0       0       0
      Totals:         0       0       0       0       0       0       0       0       0       0       0       0       0       0       0       0
Total ram usage:        0 bytes
 Hardware stack levels used:    1
 Hardware stack levels required when called:    5
 This function calls:
		_init_mdbdata
		_mdb_poll
 This function is called by:
		_vend_init
 This function uses a non-reentrant model


 *************** function _mdb_poll *****************
 Defined at:
		line 128 in file "vend.c"
 Parameters:    Size  Location     Type
  slvadd          1    wreg     unsigned char 
  mcount          1   20[COMRAM] unsigned char 
 Auto vars:     Size  Location     Type
  slvadd          1   21[COMRAM] unsigned char 
  i               1   22[COMRAM] unsigned char 
 Return value:  Size  Location     Type
                  1    wreg      unsigned char 
 Registers used:
		wreg, fsr2l, fsr2h, status,2, status,0, prodl, prodh, cstack
 Tracked objects:
		On entry : 
		On exit  : 
		Unchanged: 
 Data sizes:     COMRAM   BANK0   BANK1   BANK2   BANK3   BANK4   BANK5   BANK6   BANK7   BANK8   BANK9  BANK10  BANK11  BANK12  BANK13  BANK14
      Params:         1       0       0       0       0       0       0       0       0       0       0       0       0       0       0       0
      Locals:         2       0       0       0       0       0       0       0       0       0       0       0       0       0       0       0
      Temps:          0       0       0       0       0       0       0       0       0       0       0       0       0       0       0       0
      Totals:         3       0       0       0       0       0       0       0       0       0       0       0       0       0       0       0
Total ram usage:        3 bytes
 Hardware stack levels used:    1
 Hardware stack levels required when called:    4
 This function calls:
		_EUSART1_Read
		_EUSART1_Write
		_TMR1_Initialize
		_init_mdbdata
		_mdb_on
		_mdb_waitr
		_mdb_waitx
 This function is called by:
		_mdb_reset
		_mdb_noten
 This function uses a non-reentrant model


 *************** function _mdb_waitx *****************
 Defined at:
		line 220 in file "vend.c"
 Parameters:    Size  Location     Type
		None
 Auto vars:     Size  Location     Type
		None
 Return value:  Size  Location     Type
                  1    wreg      void 
 Registers used:
		None
 Tracked objects:
		On entry : 
		On exit  : 
		Unchanged: 
 Data sizes:     COMRAM   BANK0   BANK1   BANK2   BANK3   BANK4   BANK5   BANK6   BANK7   BANK8   BANK9  BANK10  BANK11  BANK12  BANK13  BANK14
      Params:         0       0       0       0       0       0       0       0       0       0       0       0       0       0       0       0
      Locals:         0       0       0       0       0       0       0       0       0       0       0       0       0       0       0       0
      Temps:          0       0       0       0       0       0       0       0       0       0       0       0       0       0       0       0
      Totals:         0       0       0       0       0       0       0       0       0       0       0       0       0       0       0       0
Total ram usage:        0 bytes
 Hardware stack levels used:    1
 Hardware stack levels required when called:    2
 This function calls:
		Nothing
 This function is called by:
		_mdb_poll
		_mdb_test
 This function uses a non-reentrant model


 *************** function _mdb_waitr *****************
 Defined at:
		line 228 in file "vend.c"
 Parameters:    Size  Location     Type
		None
 Auto vars:     Size  Location     Type
		None
 Return value:  Size  Location     Type
                  1    wreg      void 
 Registers used:
		None
 Tracked objects:
		On entry : 
		On exit  : 
		Unchanged: 
 Data sizes:     COMRAM   BANK0   BANK1   BANK2   BANK3   BANK4   BANK5   BANK6   BANK7   BANK8   BANK9  BANK10  BANK11  BANK12  BANK13  BANK14
      Params:         0       0       0       0       0       0       0       0       0       0       0       0       0       0       0       0
      Locals:         0       0       0       0       0       0       0       0       0       0       0       0       0       0       0       0
      Temps:          0       0       0       0       0       0       0       0       0       0       0       0       0       0       0       0
      Totals:         0       0       0       0       0       0       0       0       0       0       0       0       0       0       0       0
Total ram usage:        0 bytes
 Hardware stack levels used:    1
 Hardware stack levels required when called:    2
 This function calls:
		Nothing
 This function is called by:
		_mdb_poll
 This function uses a non-reentrant model


 *************** function _mdb_on *****************
 Defined at:
		line 205 in file "vend.c"
 Parameters:    Size  Location     Type
		None
 Auto vars:     Size  Location     Type
		None
 Return value:  Size  Location     Type
                  1    wreg      void 
 Registers used:
		None
 Tracked objects:
		On entry : 
		On exit  : 
		Unchanged: 
 Data sizes:     COMRAM   BANK0   BANK1   BANK2   BANK3   BANK4   BANK5   BANK6   BANK7   BANK8   BANK9  BANK10  BANK11  BANK12  BANK13  BANK14
      Params:         0       0       0       0       0       0       0       0       0       0       0       0       0       0       0       0
      Locals:         0       0       0       0       0       0       0       0       0       0       0       0       0       0       0       0
      Temps:          0       0       0       0       0       0       0       0       0       0       0       0       0       0       0       0
      Totals:         0       0       0       0       0       0       0       0       0       0       0       0       0       0       0       0
Total ram usage:        0 bytes
 Hardware stack levels used:    1
 Hardware stack levels required when called:    2
 This function calls:
		Nothing
 This function is called by:
		_mdb_poll
		_mdb_test
 This function uses a non-reentrant model


 *************** function _init_mdbdata *****************
 Defined at:
		line 85 in file "vend.c"
 Parameters:    Size  Location     Type
  initdata        1    wreg     unsigned char 
 Auto vars:     Size  Location     Type
  initdata        1   18[COMRAM] unsigned char 
  i               1   19[COMRAM] unsigned char 
 Return value:  Size  Location     Type
                  1    wreg      void 
 Registers used:
		wreg, fsr2l, fsr2h, status,2, status,0, prodl, prodh
 Tracked objects:
		On entry : 
		On exit  : 
		Unchanged: 
 Data sizes:     COMRAM   BANK0   BANK1   BANK2   BANK3   BANK4   BANK5   BANK6   BANK7   BANK8   BANK9  BANK10  BANK11  BANK12  BANK13  BANK14
      Params:         0       0       0       0       0       0       0       0       0       0       0       0       0       0       0       0
      Locals:         2       0       0       0       0       0       0       0       0       0       0       0       0       0       0       0
      Temps:          0       0       0       0       0       0       0       0       0       0       0       0       0       0       0       0
      Totals:         2       0       0       0       0       0       0       0       0       0       0       0       0       0       0       0
Total ram usage:        2 bytes
 Hardware stack levels used:    1
 Hardware stack levels required when called:    2
 This function calls:
		Nothing
 This function is called by:
		_mdb_noten
		_mdb_poll
 This function uses a non-reentrant model


 *************** function _EUSART1_Write *****************
 Defined at:
		line 96 in file "mcc_generated_files/eusart1.c"
 Parameters:    Size  Location     Type
  txData          1    wreg     unsigned char 
 Auto vars:     Size  Location     Type
  txData          1   18[COMRAM] unsigned char 
 Return value:  Size  Location     Type
                  1    wreg      void 
 Registers used:
		wreg
 Tracked objects:
		On entry : 
		On exit  : 
		Unchanged: 
 Data sizes:     COMRAM   BANK0   BANK1   BANK2   BANK3   BANK4   BANK5   BANK6   BANK7   BANK8   BANK9  BANK10  BANK11  BANK12  BANK13  BANK14
      Params:         0       0       0       0       0       0       0       0       0       0       0       0       0       0       0       0
      Locals:         1       0       0       0       0       0       0       0       0       0       0       0       0       0       0       0
      Temps:          0       0       0       0       0       0       0       0       0       0       0       0       0       0       0       0
      Totals:         1       0       0       0       0       0       0       0       0       0       0       0       0       0       0       0
Total ram usage:        1 bytes
 Hardware stack levels used:    1
 Hardware stack levels required when called:    2
 This function calls:
		Nothing
 This function is called by:
		_mdb_poll
		_mdb_test
 This function uses a non-reentrant model


 *************** function _EUSART1_Read *****************
 Defined at:
		line 77 in file "mcc_generated_files/eusart1.c"
 Parameters:    Size  Location     Type
		None
 Auto vars:     Size  Location     Type
		None
 Return value:  Size  Location     Type
                  1    wreg      unsigned char 
 Registers used:
		wreg, status,2
 Tracked objects:
		On entry : 
		On exit  : 
		Unchanged: 
 Data sizes:     COMRAM   BANK0   BANK1   BANK2   BANK3   BANK4   BANK5   BANK6   BANK7   BANK8   BANK9  BANK10  BANK11  BANK12  BANK13  BANK14
      Params:         0       0       0       0       0       0       0       0       0       0       0       0       0       0       0       0
      Locals:         0       0       0       0       0       0       0       0       0       0       0       0       0       0       0       0
      Temps:          0       0       0       0       0       0       0       0       0       0       0       0       0       0       0       0
      Totals:         0       0       0       0       0       0       0       0       0       0       0       0       0       0       0       0
Total ram usage:        0 bytes
 Hardware stack levels used:    1
 Hardware stack levels required when called:    2
 This function calls:
		Nothing
 This function is called by:
		_mdb_poll
 This function uses a non-reentrant model


 *************** function _lcd_init *****************
 Defined at:
		line 15 in file "lcd.c"
 Parameters:    Size  Location     Type
		None
 Auto vars:     Size  Location     Type
		None
 Return value:  Size  Location     Type
                  1    wreg      void 
 Registers used:
		wreg, status,2, status,0, tblptrl, tblptrh, tblptru, cstack
 Tracked objects:
		On entry : 
		On exit  : 
		Unchanged: 
 Data sizes:     COMRAM   BANK0   BANK1   BANK2   BANK3   BANK4   BANK5   BANK6   BANK7   BANK8   BANK9  BANK10  BANK11  BANK12  BANK13  BANK14
      Params:         0       0       0       0       0       0       0       0       0       0       0       0       0       0       0       0
      Locals:         0       0       0       0       0       0       0       0       0       0       0       0       0       0       0       0
      Temps:          1       0       0       0       0       0       0       0       0       0       0       0       0       0       0       0
      Totals:         1       0       0       0       0       0       0       0       0       0       0       0       0       0       0       0
Total ram usage:        1 bytes
 Hardware stack levels used:    1
 Hardware stack levels required when called:    7
 This function calls:
		_lcd_clockE
		_lcd_test
		_lcd_write
 This function is called by:
		_main
 This function uses a non-reentrant model


 *************** function _lcd_test *****************
 Defined at:
		line 130 in file "lcd.c"
 Parameters:    Size  Location     Type
		None
 Auto vars:     Size  Location     Type
  character       1   24[COMRAM] unsigned char 
 Return value:  Size  Location     Type
                  1    wreg      void 
 Registers used:
		wreg, status,2, status,0, cstack
 Tracked objects:
		On entry : 
		On exit  : 
		Unchanged: 
 Data sizes:     COMRAM   BANK0   BANK1   BANK2   BANK3   BANK4   BANK5   BANK6   BANK7   BANK8   BANK9  BANK10  BANK11  BANK12  BANK13  BANK14
      Params:         0       0       0       0       0       0       0       0       0       0       0       0       0       0       0       0
      Locals:         1       0       0       0       0       0       0       0       0       0       0       0       0       0       0       0
      Temps:          0       0       0       0       0       0       0       0       0       0       0       0       0       0       0       0
      Totals:         1       0       0       0       0       0       0       0       0       0       0       0       0       0       0       0
Total ram usage:        1 bytes
 Hardware stack levels used:    1
 Hardware stack levels required when called:    6
 This function calls:
		_lcd_writeC
 This function is called by:
		_lcd_init
 This function uses a non-reentrant model


 *************** function _displ_credit *****************
 Defined at:
		line 44 in file "lcd.c"
 Parameters:    Size  Location     Type
		None
 Auto vars:     Size  Location     Type
  cash            1   43[COMRAM] unsigned char 
 Return value:  Size  Location     Type
                  1    wreg      void 
 Registers used:
		wreg, fsr2l, fsr2h, status,2, status,0, tblptrl, tblptrh, tblptru, prodl, prodh, cstack
 Tracked objects:
		On entry : 
		On exit  : 
		Unchanged: 
 Data sizes:     COMRAM   BANK0   BANK1   BANK2   BANK3   BANK4   BANK5   BANK6   BANK7   BANK8   BANK9  BANK10  BANK11  BANK12  BANK13  BANK14
      Params:         0       0       0       0       0       0       0       0       0       0       0       0       0       0       0       0
      Locals:         1       0       0       0       0       0       0       0       0       0       0       0       0       0       0       0
      Temps:          0       0       0       0       0       0       0       0       0       0       0       0       0       0       0       0
      Totals:         1       0       0       0       0       0       0       0       0       0       0       0       0       0       0       0
Total ram usage:        1 bytes
 Hardware stack levels used:    1
 Hardware stack levels required when called:    7
 This function calls:
		_credit_check
		_displ_hex
		_lcd_string
 This function is called by:
		_main
 This function uses a non-reentrant model


 *************** function _lcd_string *****************
 Defined at:
		line 78 in file "lcd.c"
 Parameters:    Size  Location     Type
  lcdstring       2   24[COMRAM] PTR unsigned char 
		 -> credits(13), inscoin(22), 
 Auto vars:     Size  Location     Type
		None
 Return value:  Size  Location     Type
                  1    wreg      void 
 Registers used:
		wreg, status,2, status,0, tblptrl, tblptrh, tblptru, prodl, prodh, cstack
 Tracked objects:
		On entry : 
		On exit  : 
		Unchanged: 
 Data sizes:     COMRAM   BANK0   BANK1   BANK2   BANK3   BANK4   BANK5   BANK6   BANK7   BANK8   BANK9  BANK10  BANK11  BANK12  BANK13  BANK14
      Params:         2       0       0       0       0       0       0       0       0       0       0       0       0       0       0       0
      Locals:         0       0       0       0       0       0       0       0       0       0       0       0       0       0       0       0
      Temps:          2       0       0       0       0       0       0       0       0       0       0       0       0       0       0       0
      Totals:         4       0       0       0       0       0       0       0       0       0       0       0       0       0       0       0
Total ram usage:        4 bytes
 Hardware stack levels used:    1
 Hardware stack levels required when called:    6
 This function calls:
		_lcd_write
		_lcd_writeC
 This function is called by:
		_main
		_displ_credit
 This function uses a non-reentrant model


 *************** function _displ_hex *****************
 Defined at:
		line 53 in file "lcd.c"
 Parameters:    Size  Location     Type
  hexnum          3   28[COMRAM] unsigned um
 Auto vars:     Size  Location     Type
  value           8   31[COMRAM] unsigned char [8]
  hexnumsave      3   39[COMRAM] unsigned um
  i               1   42[COMRAM] char 
 Return value:  Size  Location     Type
                  1    wreg      void 
 Registers used:
		wreg, fsr2l, fsr2h, status,2, status,0, prodl, prodh, cstack
 Tracked objects:
		On entry : 
		On exit  : 
		Unchanged: 
 Data sizes:     COMRAM   BANK0   BANK1   BANK2   BANK3   BANK4   BANK5   BANK6   BANK7   BANK8   BANK9  BANK10  BANK11  BANK12  BANK13  BANK14
      Params:         3       0       0       0       0       0       0       0       0       0       0       0       0       0       0       0
      Locals:        12       0       0       0       0       0       0       0       0       0       0       0       0       0       0       0
      Temps:          0       0       0       0       0       0       0       0       0       0       0       0       0       0       0       0
      Totals:        15       0       0       0       0       0       0       0       0       0       0       0       0       0       0       0
Total ram usage:       15 bytes
 Hardware stack levels used:    1
 Hardware stack levels required when called:    6
 This function calls:
		___ltdiv
		___ltmod
		_lcd_writeC
 This function is called by:
		_displ_credit
[...]
 Parameters:    Size  Location     Type
		None
 Auto vars:     Size  Location     Type
		None
 Return value:  Size  Location     Type
                  1    wreg      void 
 Registers used:
		wreg, status,2, status,0, cstack
 Tracked objects:
		On entry : 
		On exit  : 
		Unchanged: 
 Data sizes:     COMRAM   BANK0   BANK1   BANK2   BANK3   BANK4   BANK5   BANK6   BANK7   BANK8   BANK9  BANK10  BANK11  BANK12  BANK13  BANK14
      Params:         0       0       0       0       0       0       0       0       0       0       0       0       0       0       0       0
      Locals:         0       0       0       0       0       0       0       0       0       0       0       0       0       0       0       0
      Temps:          2       0       0       0       0       0       0       0       0       0       0       0       0       0       0       0
      Totals:         2       0       0       0       0       0       0       0       0       0       0       0       0       0       0       0
Total ram usage:        2 bytes
 Hardware stack levels used:    1
 Hardware stack levels required when called:    3
 This function calls:
		_TMR1_StartTimer
 This function is called by:
		_SYSTEM_Initialize
		_mdb_poll
 This function uses a non-reentrant model


 *************** function _TMR1_StartTimer *****************
 Defined at:
		line 94 in file "mcc_generated_files/tmr1.c"
 Parameters:    Size  Location     Type
		None
 Auto vars:     Size  Location     Type
		None
 Return value:  Size  Location     Type
                  1    wreg      void 
 Registers used:
		None
 Tracked objects:
		On entry : 
		On exit  : 
		Unchanged: 
 Data sizes:     COMRAM   BANK0   BANK1   BANK2   BANK3   BANK4   BANK5   BANK6   BANK7   BANK8   BANK9  BANK10  BANK11  BANK12  BANK13  BANK14
      Params:         0       0       0       0       0       0       0       0       0       0       0       0       0       0       0       0
      Locals:         0       0       0       0       0       0       0       0       0       0       0       0       0       0       0       0
      Temps:          0       0       0       0       0       0       0       0       0       0       0       0       0       0       0       0
      Totals:         0       0       0       0       0       0       0       0       0       0       0       0       0       0       0       0
Total ram usage:        0 bytes
 Hardware stack levels used:    1
 Hardware stack levels required when called:    2
 This function calls:
		Nothing
 This function is called by:
		_TMR1_Initialize
 This function uses a non-reentrant model


 *************** function _PIN_MANAGER_Initialize *****************
 Defined at:
		line 52 in file "mcc_generated_files/pin_manager.c"
 Parameters:    Size  Location     Type
		None
 Auto vars:     Size  Location     Type
  state           1   18[COMRAM] unsigned char 
 Return value:  Size  Location     Type
                  1    wreg      void 
 Registers used:
		wreg, status,2
 Tracked objects:
		On entry : 
		On exit  : 
		Unchanged: 
 Data sizes:     COMRAM   BANK0   BANK1   BANK2   BANK3   BANK4   BANK5   BANK6   BANK7   BANK8   BANK9  BANK10  BANK11  BANK12  BANK13  BANK14
      Params:         0       0       0       0       0       0       0       0       0       0       0       0       0       0       0       0
      Locals:         1       0       0       0       0       0       0       0       0       0       0       0       0       0       0       0
      Temps:          0       0       0       0       0       0       0       0       0       0       0       0       0       0       0       0
      Totals:         1       0       0       0       0       0       0       0       0       0       0       0       0       0       0       0
Total ram usage:        1 bytes
 Hardware stack levels used:    1
 Hardware stack levels required when called:    2
 This function calls:
		Nothing
 This function is called by:
		_SYSTEM_Initialize
 This function uses a non-reentrant model


 *************** function _OSCILLATOR_Initialize *****************
 Defined at:
		line 128 in file "mcc_generated_files/mcc.c"
 Parameters:    Size  Location     Type
		None
 Auto vars:     Size  Location     Type
		None
 Return value:  Size  Location     Type
                  1    wreg      void 
 Registers used:
		wreg, status,2
 Tracked objects:
		On entry : 
		On exit  : 
		Unchanged: 
 Data sizes:     COMRAM   BANK0   BANK1   BANK2   BANK3   BANK4   BANK5   BANK6   BANK7   BANK8   BANK9  BANK10  BANK11  BANK12  BANK13  BANK14
      Params:         0       0       0       0       0       0       0       0       0       0       0       0       0       0       0       0
      Locals:         0       0       0       0       0       0       0       0       0       0       0       0       0       0       0       0
      Temps:          0       0       0       0       0       0       0       0       0       0       0       0       0       0       0       0
      Totals:         0       0       0       0       0       0       0       0       0       0       0       0       0       0       0       0
Total ram usage:        0 bytes
 Hardware stack levels used:    1
 Hardware stack levels required when called:    2
 This function calls:
		Nothing
 This function is called by:
		_SYSTEM_Initialize
 This function uses a non-reentrant model


 *************** function _INTERRUPT_Initialize *****************
 Defined at:
		line 51 in file "mcc_generated_files/interrupt_manager.c"
 Parameters:    Size  Location     Type
		None
 Auto vars:     Size  Location     Type
		None
 Return value:  Size  Location     Type
                  1    wreg      void 
 Registers used:
		None
 Tracked objects:
		On entry : 
		On exit  : 
		Unchanged: 
 Data sizes:     COMRAM   BANK0   BANK1   BANK2   BANK3   BANK4   BANK5   BANK6   BANK7   BANK8   BANK9  BANK10  BANK11  BANK12  BANK13  BANK14
      Params:         0       0       0       0       0       0       0       0       0       0       0       0       0       0       0       0
      Locals:         0       0       0       0       0       0       0       0       0       0       0       0       0       0       0       0
      Temps:          0       0       0       0       0       0       0       0       0       0       0       0       0       0       0       0
      Totals:         0       0       0       0       0       0       0       0       0       0       0       0       0       0       0       0
Total ram usage:        0 bytes
 Hardware stack levels used:    1
 Hardware stack levels required when called:    2
 This function calls:
		Nothing
 This function is called by:
		_SYSTEM_Initialize
 This function uses a non-reentrant model


 *************** function _FVR_Initialize *****************
 Defined at:
		line 57 in file "mcc_generated_files/fvr.c"
 Parameters:    Size  Location     Type
		None
 Auto vars:     Size  Location     Type
		None
 Return value:  Size  Location     Type
                  1    wreg      void 
 Registers used:
		wreg, status,2
 Tracked objects:
		On entry : 
		On exit  : 
		Unchanged: 
 Data sizes:     COMRAM   BANK0   BANK1   BANK2   BANK3   BANK4   BANK5   BANK6   BANK7   BANK8   BANK9  BANK10  BANK11  BANK12  BANK13  BANK14
      Params:         0       0       0       0       0       0       0       0       0       0       0       0       0       0       0       0
      Locals:         0       0       0       0       0       0       0       0       0       0       0       0       0       0       0       0
      Temps:          0       0       0       0       0       0       0       0       0       0       0       0       0       0       0       0
      Totals:         0       0       0       0       0       0       0       0       0       0       0       0       0       0       0       0
Total ram usage:        0 bytes
 Hardware stack levels used:    1
 Hardware stack levels required when called:    2
 This function calls:
		Nothing
 This function is called by:
		_SYSTEM_Initialize
 This function uses a non-reentrant model


 *************** function _EUSART2_Initialize *****************
 Defined at:
		line 55 in file "mcc_generated_files/eusart2.c"
 Parameters:    Size  Location     Type
		None
 Auto vars:     Size  Location     Type
		None
 Return value:  Size  Location     Type
                  1    wreg      void 
 Registers used:
		wreg, status,2
 Tracked objects:
		On entry : 
		On exit  : 
		Unchanged: 
 Data sizes:     COMRAM   BANK0   BANK1   BANK2   BANK3   BANK4   BANK5   BANK6   BANK7   BANK8   BANK9  BANK10  BANK11  BANK12  BANK13  BANK14
      Params:         0       0       0       0       0       0       0       0       0       0       0       0       0       0       0       0
      Locals:         0       0       0       0       0       0       0       0       0       0       0       0       0       0       0       0
      Temps:          0       0       0       0       0       0       0       0       0       0       0       0       0       0       0       0
      Totals:         0       0       0       0       0       0       0       0       0       0       0       0       0       0       0       0
Total ram usage:        0 bytes
 Hardware stack levels used:    1
 Hardware stack levels required when called:    2
 This function calls:
		Nothing
 This function is called by:
		_SYSTEM_Initialize
 This function uses a non-reentrant model


 *************** function _EUSART1_Initialize *****************
 Defined at:
		line 55 in file "mcc_generated_files/eusart1.c"
 Parameters:    Size  Location     Type
		None
 Auto vars:     Size  Location     Type
		None
 Return value:  Size  Location     Type
                  1    wreg      void 
 Registers used:
		wreg, status,2
 Tracked objects:
		On entry : 
		On exit  : 
		Unchanged: 
 Data sizes:     COMRAM   BANK0   BANK1   BANK2   BANK3   BANK4   BANK5   BANK6   BANK7   BANK8   BANK9  BANK10  BANK11  BANK12  BANK13  BANK14
      Params:         0       0       0       0       0       0       0       0       0       0       0       0       0       0       0       0
      Locals:         0       0       0       0       0       0       0       0       0       0       0       0       0       0       0       0
      Temps:          0       0       0       0       0       0       0       0       0       0       0       0       0       0       0       0
      Totals:         0       0       0       0       0       0       0       0       0       0       0       0       0       0       0       0
Total ram usage:        0 bytes
 Hardware stack levels used:    1
 Hardware stack levels required when called:    2
 This function calls:
		Nothing
 This function is called by:
		_SYSTEM_Initialize
 This function uses a non-reentrant model


 *************** function _CMP1_Initialize *****************
 Defined at:
		line 56 in file "mcc_generated_files/cmp1.c"
 Parameters:    Size  Location     Type
		None
 Auto vars:     Size  Location     Type
		None
 Return value:  Size  Location     Type
                  1    wreg      void 
 Registers used:
		wreg, status,2
 Tracked objects:
		On entry : 
		On exit  : 
		Unchanged: 
 Data sizes:     COMRAM   BANK0   BANK1   BANK2   BANK3   BANK4   BANK5   BANK6   BANK7   BANK8   BANK9  BANK10  BANK11  BANK12  BANK13  BANK14
      Params:         0       0       0       0       0       0       0       0       0       0       0       0       0       0       0       0
      Locals:         0       0       0       0       0       0       0       0       0       0       0       0       0       0       0       0
      Temps:          0       0       0       0       0       0       0       0       0       0       0       0       0       0       0       0
      Totals:         0       0       0       0       0       0       0       0       0       0       0       0       0       0       0       0
Total ram usage:        0 bytes
 Hardware stack levels used:    1
 Hardware stack levels required when called:    2
 This function calls:
		Nothing
 This function is called by:
		_SYSTEM_Initialize
 This function uses a non-reentrant model


 *************** function _INTERRUPT_InterruptManagerHigh *****************
 Defined at:
		line 64 in file "mcc_generated_files/interrupt_manager.c"
 Parameters:    Size  Location     Type
		None
 Auto vars:     Size  Location     Type
		None
 Return value:  Size  Location     Type
                  1    wreg      void 
 Registers used:
		cstack
 Tracked objects:
		On entry : 
		On exit  : 
		Unchanged: 
 Data sizes:     COMRAM   BANK0   BANK1   BANK2   BANK3   BANK4   BANK5   BANK6   BANK7   BANK8   BANK9  BANK10  BANK11  BANK12  BANK13  BANK14
      Params:         0       0       0       0       0       0       0       0       0       0       0       0       0       0       0       0
      Locals:         0       0       0       0       0       0       0       0       0       0       0       0       0       0       0       0
      Temps:         18       0       0       0       0       0       0       0       0       0       0       0       0       0       0       0
      Totals:        18       0       0       0       0       0       0       0       0       0       0       0       0       0       0       0
Total ram usage:       18 bytes
 Hardware stack levels used:    1
 Hardware stack levels required when called:    1
 This function calls:
		_PIN_MANAGER_IOC
 This function is called by:
		Interrupt level 2
 This function uses a non-reentrant model


 *************** function _PIN_MANAGER_IOC *****************
 Defined at:
		line 124 in file "mcc_generated_files/pin_manager.c"
 Parameters:    Size  Location     Type
		None
 Auto vars:     Size  Location     Type
		None
 Return value:  Size  Location     Type
                  1    wreg      void 
 Registers used:
		None
 Tracked objects:
		On entry : 
		On exit  : 
		Unchanged: 
 Data sizes:     COMRAM   BANK0   BANK1   BANK2   BANK3   BANK4   BANK5   BANK6   BANK7   BANK8   BANK9  BANK10  BANK11  BANK12  BANK13  BANK14
      Params:         0       0       0       0       0       0       0       0       0       0       0       0       0       0       0       0
      Locals:         0       0       0       0       0       0       0       0       0       0       0       0       0       0       0       0
      Temps:          0       0       0       0       0       0       0       0       0       0       0       0       0       0       0       0
      Totals:         0       0       0       0       0       0       0       0       0       0       0       0       0       0       0       0
Total ram usage:        0 bytes
 Hardware stack levels used:    1
 This function calls:
		Nothing
 This function is called by:
		_INTERRUPT_InterruptManagerHigh
 This function uses a non-reentrant model



MODULE INFORMATION

Module		Function		Class		Link	Load	Size
mcc_generated_files/cmp1.c
		_CMP1_Initialize		CODE           	1726	0000	21

mcc_generated_files/cmp1.c estimated size: 21

mcc_generated_files/eusart2.c
		_EUSART2_Initialize		CODE           	16E2	0000	25

mcc_generated_files/eusart2.c estimated size: 25

mcc_generated_files/fvr.c
		_FVR_Initialize		CODE           	176C	0000	9

mcc_generated_files/fvr.c estimated size: 9

vend.c
		_mdb_reset     		CODE           	130C	0000	99
		_credit_subtract		CODE           	13C2	0000	71
		_mdb_poll      		CODE           	0F52	0000	251
		_mdb_noten     		CODE           	15AA	0000	49
		_mdb_on        		CODE           	1780	0000	7
		_init_mdbdata  		CODE           	162E	0000	39
		_mdb_waitr     		CODE           	177A	0000	7
		_mdb_waitx     		CODE           	1774	0000	7
		_credit_add    		CODE           	1408	0000	69
		_credit_check  		CODE           	1698	0000	27
		_vend_init     		CODE           	1606	0000	41

vend.c estimated size: 667

mcc_generated_files/interrupt_manager.c
		_INTERRUPT_Initialize		CODE           	1764	0000	9
		_INTERRUPT_InterruptManagerHigh		CODE           	0008	0000	163

mcc_generated_files/interrupt_manager.c estimated size: 172

/opt/microchip/xc8/v1.44/sources/common/ltmod.c
		___ltmod       		CODE           	136E	0000	85

/opt/microchip/xc8/v1.44/sources/common/ltmod.c estimated size: 85

mcc_generated_files/pin_manager.c
		_PIN_MANAGER_Initialize		CODE           	10FC	0000	177
		_PIN_MANAGER_IOC		CODE           	1792	0000	7

mcc_generated_files/pin_manager.c estimated size: 184

/opt/microchip/xc8/v1.44/sources/common/ltdiv.c
		___ltdiv       		CODE           	12A2	0000	107

/opt/microchip/xc8/v1.44/sources/common/ltdiv.c estimated size: 107

shared
		_credmem       		SMALLCONST     	0F0B	0000	3
		_note_stacker  		SMALLCONST     	0F1A	0000	2
		_theft_attempt 		SMALLCONST     	0F0D	0000	2
		_cashinv       		SMALLCONST     	0F09	0000	3
		_just_busy     		SMALLCONST     	0F16	0000	2
		_dispoff       		SMALLCONST     	0F23	0000	2
		_note_reset    		SMALLCONST     	0F20	0000	2
		_note_features 		SMALLCONST     	0F19	0000	2
		_note_removed  		SMALLCONST     	0F12	0000	2
		_dsphome       		SMALLCONST     	0F28	0000	2
		_dispfunc1     		SMALLCONST     	0F2D	0000	2
		_dispfunc2     		SMALLCONST     	0F2C	0000	2
		_note_rejected 		SMALLCONST     	0F0E	0000	2
		__initialization		CODE           	148E	0000	43
		_jammed_err    		SMALLCONST     	0F14	0000	2
		_pricestore    		SMALLCONST     	0F03	0000	3
		_dispnormal    		SMALLCONST     	0F27	0000	2
		_note_escrow   		SMALLCONST     	0F1B	0000	2
		_note_poll     		SMALLCONST     	0F1D	0000	2
		_rom_error     		SMALLCONST     	0F15	0000	2
		_dispclr       		SMALLCONST     	0F2A	0000	2
		_credits       		SMALLCONST     	0F44	0000	14
		_sens_error    		SMALLCONST     	0F17	0000	2
		_dispcursor    		SMALLCONST     	0F26	0000	2
		_just_reset    		SMALLCONST     	0F13	0000	2
		_note_setup    		SMALLCONST     	0F1F	0000	2
		_cashbox_err   		SMALLCONST     	0F11	0000	2
		_invalid_escrow		SMALLCONST     	0F0F	0000	2
		_note_type     		SMALLCONST     	0F1C	0000	2
		_cashint       		SMALLCONST     	0F07	0000	3
		_note_security 		SMALLCONST     	0F1E	0000	2
		_dispshleft    		SMALLCONST     	0F24	0000	2
		_dispaddr      		SMALLCONST     	0F29	0000	2
		_venderrors    		SMALLCONST     	0F01	0000	3
		_vendstore     		SMALLCONST     	0F05	0000	3
		_dispon        		SMALLCONST     	0F2B	0000	2
		_dispsl        		SMALLCONST     	0F21	0000	2
		_inscoin       		SMALLCONST     	0F2E	0000	23
		_acept_disabled		SMALLCONST     	0F10	0000	2
		_motr_error    		SMALLCONST     	0F18	0000	2
		_dispsr        		SMALLCONST     	0F22	0000	2
		_dispshright   		SMALLCONST     	0F25	0000	2

shared estimated size: 164

mcc_generated_files/eusart1.c
		_EUSART1_Initialize		CODE           	1710	0000	23
		_EUSART1_Read  		CODE           	173A	0000	19
		_EUSART1_Write 		CODE           	174C	0000	15

mcc_generated_files/eusart1.c estimated size: 57

mcc_generated_files/mcc.c
		_OSCILLATOR_Initialize		CODE           	16CA	0000	25
		_SYSTEM_Initialize		CODE           	1676	0000	35

mcc_generated_files/mcc.c estimated size: 60

mcc_generated_files/tmr1.c
		_TMR1_Initialize		CODE           	1540	0000	57
		_TMR1_StartTimer		CODE           	1798	0000	5

mcc_generated_files/tmr1.c estimated size: 62

lcd.c
		_lcd_clockE    		CODE           	175A	0000	11
		_lcd_clockH    		CODE           	178C	0000	7
		_lcd_clockL    		CODE           	1786	0000	7
		_displ_credit  		CODE           	1654	0000	35
		_lcd_test      		CODE           	16FA	0000	23
		_lcd_write     		CODE           	1578	0000	51
		_lcd_writeC    		CODE           	15DA	0000	45
		_read_busy     		CODE           	144C	0000	67
		_displ_hex     		CODE           	104C	0000	177
		_lcd_string    		CODE           	11AC	0000	131
		_lcd_init      		CODE           	122E	0000	117

lcd.c estimated size: 671

mcc_generated_files/memory.c
		_DATAEE_WriteByte		CODE           	1506	0000	59
		_DATAEE_ReadByte		CODE           	16B2	0000	25

mcc_generated_files/memory.c estimated size: 84

main.c
		_main          		CODE           	14CA	0000	61

main.c estimated size: 61

