Microchip MPLAB XC8 Compiler V1.44 ()

Linker command line:

-W-3 --edf=/opt/microchip/xc8/v1.44/dat/en_msgs.txt -cs \
  -h+dist/default/production/Andre_8Chan_C.X.production.sym \
  --cmf=dist/default/production/Andre_8Chan_C.X.production.cmf -z \
  -Q18F47K40 -o/tmp/xcXrOZ5Vq \
  -Mdist/default/production/Andre_8Chan_C.X.production.map -E1 -ver=XC8 \
  -ASTACK=0B2h-0e87h -pstack=STACK -ACODE=00h-01FFFFh -ACONST=00h-01FFFFh \
  -ASMALLCONST=0F00h-0FFFhx497 -AMEDIUMCONST=0F00h-0FFFFh,010F00h-01FFFFh \
  -ACOMRAM=01h-05Fh -AABS1=00h-0E87h -ABIGRAM=01h-0E87h \
  -ARAM=060h-0FFh,0100h-01FFhx13,0E00h-0E87h -ABANK0=060h-0FFh \
  -ABANK1=0100h-01FFh -ABANK2=0200h-02FFh -ABANK3=0300h-03FFh \
  -ABANK4=0400h-04FFh -ABANK5=0500h-05FFh -ABANK6=0600h-06FFh \
  -ABANK7=0700h-07FFh -ABANK8=0800h-08FFh -ABANK9=0900h-09FFh \
  -ABANK10=0A00h-0AFFh -ABANK11=0B00h-0BFFh -ABANK12=0C00h-0CFFh \
  -ABANK13=0D00h-0DFFh -ABANK14=0E00h-0E87h \
  -ASFR=0E8Dh-0EFFh,0F00h-0F5Fh,0F60h-0FFFh \
  -preset_vec=00h,intcode=08h,intcodelo,powerup,init -pramtop=0F00h \
  -psmallconst=SMALLCONST -pmediumconst=MEDIUMCONST -pconst=CONST \
  -AFARRAM=00h-00h -ACONFIG=0300000h-030000Bh -pconfig=CONFIG \
  -AIDLOC=0200000h-020000Fh -pidloc=IDLOC -AEEDATA=0310000h-03103FFh \
  -peeprom_data=EEDATA \
  -prdata=COMRAM,nvrram=COMRAM,nvbit=COMRAM,rbss=COMRAM,rbit=COMRAM \
  -pfarbss=FARRAM,fardata=FARRAM,nvFARRAM=FARRAM \
  -pintsave_regs=BIGRAM,bigbss=BIGRAM,bigdata=BIGRAM -pbss=RAM \
  -pidata=CODE,irdata=CODE,ibigdata=CODE,ifardata=CODE -prparam=COMRAM \
  /tmp/xcXHbYPcz.obj dist/default/production/Andre_8Chan_C.X.production.obj 

Object code version is 3.11

Machine type is 18F47K40

Call graph: (short form)




                Name                               Link     Load   Length Selector   Space Scale
/tmp/xcXHbYPcz.obj
                init                                 AA       AA        4        4       0
                reset_vec                             0        0        4        0       0
                idloc                            200000   200000       10   200000       0
                config                           300000   300000        C   300000       0
dist/default/production/Andre_8Chan_C.X.production.obj
                intcode                               8        8       A2        4       0
                temp                                 4F       4F        1        B       1
                mediumconst                        FC94     FC94      36C     7E4A       0
                text85                            11ADE    11ADE        6     8000       0
                text83                            11A2A    11A2A       14     8000       0
                text82                            11A9A    11A9A        C     8000       0
                text81                            11A14    11A14       16     8000       0
                text80                            119D0    119D0       18     8000       0
                text79                            11ABE    11ABE        8     8000       0
                text78                            119B8    119B8       18     8000       0
                text77                            10BA4    10BA4       B0     8000       0
                text76                            1196C    1196C       1C     8000       0
                text75                            1184E    1184E       2E     8000       0
                text74                            11656    11656       36     8000       0
                text73                            11620    11620       36     8000       0
                text72                            115EA    115EA       36     8000       0
                text71                            117BE    117BE       32     8000       0
                text70                            119A0    119A0       18     8000       0
                text69                            116F4    116F4       34     8000       0
                text68                            11542    11542       3A     8000       0
                text67                            1187C    1187C       28     8000       0
                text66                            108B4    108B4       C4     8000       0
                text65                            11260    11260       5A     8000       0
                text64                            11310    11310       56     8000       0
                text63                            118EC    118EC       22     8000       0
                text62                            11128    11128       6A     8000       0
                text61                            11366    11366       54     8000       0
                text60                            11A8C    11A8C        E     8000       0
                text59                            11AB6    11AB6        8     8000       0
                text58                            11AAE    11AAE        8     8000       0
                text57                            11448    11448       42     8000       0
                text56                            1178C    1178C       32     8000       0
                text55                            11988    11988       18     8000       0
                text54                            111FA    111FA       66     8000       0
                text53                            10A3A    10A3A       B6     8000       0
                text52                            10AF0    10AF0       B4     8000       0
                text51                            116C0    116C0       34     8000       0
                text50                            10246    10246      106     8000       0
                text49                            117F0    117F0       30     8000       0
                text48                            11AE6    11AE6        2     8000       0
                text47                            112BA    112BA       56     8000       0
                text46                            10F34    10F34       86     8000       0
                text45                            113BA    113BA       4A     8000       0
                text44                            1175A    1175A       32     8000       0
                text43                            10634    10634       E0     8000       0
                text42                            11A7E    11A7E        E     8000       0
                text41                            110B4    110B4       74     8000       0
                text40                            10714    10714       D8     8000       0
                text39                            11AE4    11AE4        2     8000       0
                text38                            114CA    114CA       3E     8000       0
                text37                            107EC    107EC       C8     8000       0
                text36                            11A50    11A50       12     8000       0
                text35                            1148A    1148A       40     8000       0
                text34                            10000    10000      124     8000       0
                text33                            10FBA    10FBA       80     8000       0
                text32                            1157C    1157C       38     8000       0
                text31                            11728    11728       32     8000       0
                text30                            118CA    118CA       22     8000       0
                text29                            1103A    1103A       7A     8000       0
                text28                            10542    10542       F2     8000       0
                text27                            10CFC    10CFC       96     8000       0
                text26                            119FE    119FE       16     8000       0
                text25                            10C54    10C54       A8     8000       0
                text24                            11A3E    11A3E       12     8000       0
                text23                            118A4    118A4       26     8000       0
                text22                            11AD8    11AD8        6     8000       0
                text21                            11A70    11A70        E     8000       0
                text20                            11AD2    11AD2        6     8000       0
                text19                            11A62    11A62        E     8000       0
                text18                            11ACC    11ACC        6     8000       0
                text17                            10448    10448       FA     8000       0
                text16                            10124    10124      122     8000       0
                text15                            11AA6    11AA6        8     8000       0
                text14                            10E20    10E20       8E     8000       0
                text13                            1194E    1194E       1E     8000       0
                text12                            1034C    1034C       FC     8000       0
                text11                            1192E    1192E       20     8000       0
                text10                            11AC6    11AC6        6     8000       0
                text9                             1168C    1168C       34     8000       0
                text8                             11820    11820       2E     8000       0
                text7                             119E8    119E8       16     8000       0
                text6                             11404    11404       44     8000       0
                text5                             11508    11508       3A     8000       0
                text4                             10EAE    10EAE       86     8000       0
                text3                             1190E    1190E       20     8000       0
                text2                             11192    11192       68     8000       0
                text1                             10D92    10D92       8E     8000       0
                text0                             10978    10978       C2     8000       0
                cstackCOMRAMh                         B        B       21        B       1
                cstackBANK0                          9A       9A       10       60       1
                bssBANK0                             60       60       3A       60       1
                bssCOMRAMl                           4E       4E        1        B       1
                dataCOMRAMh                          4D       4D        1        B       1
                bssCOMRAMh                           2C       2C       20        B       1
                cinit                             115B4    115B4       36     8000       0
                nvCOMRAMh                            4C       4C        1        B       1
                nvBANK0                              AA       AA        8       60       1
                idataCOMRAMh                      11AE8    11AE8        1     8000       0

TOTAL           Name                               Link     Load   Length     Space
        CLASS   STACK          

        CLASS   CODE           
                intcode                               8        8       A2         0
                init                                 AA       AA        4         0
                reset_vec                             0        0        4         0
                text85                            11ADE    11ADE        6         0
                text83                            11A2A    11A2A       14         0
                text82                            11A9A    11A9A        C         0
                text81                            11A14    11A14       16         0
                text80                            119D0    119D0       18         0
                text79                            11ABE    11ABE        8         0
                text78                            119B8    119B8       18         0
                text77                            10BA4    10BA4       B0         0
                text76                            1196C    1196C       1C         0
                text75                            1184E    1184E       2E         0
                text74                            11656    11656       36         0
                text73                            11620    11620       36         0
                text72                            115EA    115EA       36         0
                text71                            117BE    117BE       32         0
                text70                            119A0    119A0       18         0
                text69                            116F4    116F4       34         0
                text68                            11542    11542       3A         0
                text67                            1187C    1187C       28         0
                text66                            108B4    108B4       C4         0
                text65                            11260    11260       5A         0
                text64                            11310    11310       56         0
                text63                            118EC    118EC       22         0
                text62                            11128    11128       6A         0
                text61                            11366    11366       54         0
                text60                            11A8C    11A8C        E         0
                text59                            11AB6    11AB6        8         0
                text58                            11AAE    11AAE        8         0
                text57                            11448    11448       42         0
                text56                            1178C    1178C       32         0
                text55                            11988    11988       18         0
                text54                            111FA    111FA       66         0
                text53                            10A3A    10A3A       B6         0
                text52                            10AF0    10AF0       B4         0
                text51                            116C0    116C0       34         0
                text50                            10246    10246      106         0
                text49                            117F0    117F0       30         0
                text48                            11AE6    11AE6        2         0
                text47                            112BA    112BA       56         0
                text46                            10F34    10F34       86         0
                text45                            113BA    113BA       4A         0
                text44                            1175A    1175A       32         0
                text43                            10634    10634       E0         0
                text42                            11A7E    11A7E        E         0
                text41                            110B4    110B4       74         0
                text40                            10714    10714       D8         0
                text39                            11AE4    11AE4        2         0
                text38                            114CA    114CA       3E         0
                text37                            107EC    107EC       C8         0
                text36                            11A50    11A50       12         0
                text35                            1148A    1148A       40         0
                text34                            10000    10000      124         0
                text33                            10FBA    10FBA       80         0
                text32                            1157C    1157C       38         0
                text31                            11728    11728       32         0
                text30                            118CA    118CA       22         0
                text29                            1103A    1103A       7A         0
                text28                            10542    10542       F2         0
                text27                            10CFC    10CFC       96         0
                text26                            119FE    119FE       16         0
                text25                            10C54    10C54       A8         0
                text24                            11A3E    11A3E       12         0
                text23                            118A4    118A4       26         0
                text22                            11AD8    11AD8        6         0
                text21                            11A70    11A70        E         0
                text20                            11AD2    11AD2        6         0
                text19                            11A62    11A62        E         0
                text18                            11ACC    11ACC        6         0
                text17                            10448    10448       FA         0
                text16                            10124    10124      122         0
                text15                            11AA6    11AA6        8         0
                text14                            10E20    10E20       8E         0
                text13                            1194E    1194E       1E         0
                text12                            1034C    1034C       FC         0
                text11                            1192E    1192E       20         0
                text10                            11AC6    11AC6        6         0
                text9                             1168C    1168C       34         0
                text8                             11820    11820       2E         0
                text7                             119E8    119E8       16         0
                text6                             11404    11404       44         0
                text5                             11508    11508       3A         0
                text4                             10EAE    10EAE       86         0
                text3                             1190E    1190E       20         0
                text2                             11192    11192       68         0
                text1                             10D92    10D92       8E         0
                text0                             10978    10978       C2         0
                cinit                             115B4    115B4       36         0
                idataCOMRAMh                      11AE8    11AE8        1         0

        CLASS   CONST          

        CLASS   SMALLCONST     

        CLASS   MEDIUMCONST    
                mediumconst                        FC94     FC94      36C         0

        CLASS   COMRAM         
                temp                                 4F       4F        1         1
                cstackCOMRAMh                         B        B       21         1
                bssCOMRAMl                           4E       4E        1         1
                dataCOMRAMh                          4D       4D        1         1
                bssCOMRAMh                           2C       2C       20         1
                nvCOMRAMh                            4C       4C        1         1

        CLASS   ABS1           
                abs_s1                                3        3        8         1

        CLASS   BIGRAM         

        CLASS   RAM            

        CLASS   BANK0          
                cstackBANK0                          9A       9A       10         1
                bssBANK0                             60       60       3A         1
                nvBANK0                              AA       AA        8         1

        CLASS   BANK1          

        CLASS   BANK2          

        CLASS   BANK3          

        CLASS   BANK4          

        CLASS   BANK5          

        CLASS   BANK6          

        CLASS   BANK7          

        CLASS   BANK8          

        CLASS   BANK9          

        CLASS   BANK10         

        CLASS   BANK11         

        CLASS   BANK12         

        CLASS   BANK13         

        CLASS   BANK14         

        CLASS   SFR            

        CLASS   FARRAM         

        CLASS   CONFIG         
                config                           300000   300000        C         0

        CLASS   IDLOC          
                idloc                            200000   200000       10         0

        CLASS   EEDATA         



SEGMENTS        Name                           Load    Length   Top    Selector   Space  Class

                reset_vec                      000000  000004  000004         0       0  CODE    
                intcode                        000008  0000A6  0000AE         4       0  CODE    
                cstackCOMRAMh                  00000B  000045  000050         B       1  COMRAM  
                bssBANK0                       000060  000052  0000B2        60       1  BANK0   
                mediumconst                    00FC94  00036C  010000      7E4A       0  MEDIUMCO
                text34                         010000  001AE9  011AE9      8000       0  CODE    
                idloc                          200000  000010  200010    200000       0  IDLOC   
                config                         300000  00000C  30000C    300000       0  CONFIG  


UNUSED ADDRESS RANGES

        Name                Unused          Largest block    Delta
        BANK0            0000B2-0000FF               4E
        BANK1            000100-0001FF              100
        BANK10           000A00-000AFF              100
        BANK11           000B00-000BFF              100
        BANK12           000C00-000CFF              100
        BANK13           000D00-000DFF              100
        BANK14           000E00-000E87               88
        BANK2            000200-0002FF              100
        BANK3            000300-0003FF              100
        BANK4            000400-0004FF              100
        BANK5            000500-0005FF              100
        BANK6            000600-0006FF              100
        BANK7            000700-0007FF              100
        BANK8            000800-0008FF              100
        BANK9            000900-0009FF              100
        BIGRAM           000001-000002                2
                         000050-00005F               10
                         0000B2-000E87              DD6
        CODE             000004-000007                4
                         0000AE-00FC93             FBE6
                         011AE9-01FFFF             E517
        COMRAM           000001-000002                2
                         000050-00005F               10
        CONST            000004-000007                4
                         0000AE-00FC93             FBE6
                         011AE9-01FFFF             E517
        EEDATA           310000-3103FF              400
        MEDIUMCONST      000F00-00FC93             ED94
                         011AE9-01FFFF             E517
        RAM              0000B2-000E87              100
        SFR              000E8D-000FFF               73
        SMALLCONST       000F00-00FC93              100
                         011AE9-01FFFF              100
        STACK            0000B2-000E87              DD6

                                  Symbol Table

?___ltdiv                                cstackCOMRAMh 00001D
?___ltmod                                cstackCOMRAMh 00001D
DAC1_SetOutput@inputData                 cstackCOMRAMh 00001D
DATAEE_ReadByte@bAdd                     cstackCOMRAMh 00001D
DATAEE_WriteByte@GIEBitValue             cstackCOMRAMh 000020
DATAEE_WriteByte@bAdd                    cstackCOMRAMh 00001D
DATAEE_WriteByte@bData                   cstackCOMRAMh 00001F
EUSART1_Write@txData                     cstackCOMRAMh 00001D
Hopper_coin@coinval                      cstackBANK0   0000A6
Init_vendmem@chanlink                    cstackCOMRAMh 000021
Init_vendmem@chanlinkbits                cstackCOMRAMh 00001F
Init_vendmem@i                           cstackCOMRAMh 000023
PIN_MANAGER_Initialize@state             cstackCOMRAMh 00001D
Read_NVstore@i                           cstackCOMRAMh 000024
Read_NVstore@storeadd                    cstackCOMRAMh 00001F
Read_NVstore@storemem                    cstackCOMRAMh 000021
Read_NVstore@storesize                   cstackCOMRAMh 000023
Read_Service@senval                      cstackCOMRAMh 00001D
Sensor_set@dacpos                        cstackBANK0   0000A6
Update_Hopcoin@direction                 cstackCOMRAMh 00002A
Update_Hopcoin@newval                    cstackCOMRAMh 00002B
Update_cashaudit@addcash                 cstackCOMRAMh 000027
Write_NVstore@i                          cstackCOMRAMh 000026
Write_NVstore@storeadd                   cstackCOMRAMh 000021
Write_NVstore@storemem                   cstackCOMRAMh 000023
Write_NVstore@storesize                  cstackCOMRAMh 000025
_ANSELA                                  (abs)         000F11
_ANSELB                                  (abs)         000F19
_ANSELC                                  (abs)         000F21
_ANSELD                                  (abs)         000F26
_ANSELE                                  (abs)         000F2E
_Audit                                   text48        011AE6
_BAUD1CON                                (abs)         000F9F
_BAUD1CONbits                            (abs)         000F9F
_BAUD2CON                                (abs)         000E9F
_CM1CON0                                 (abs)         000F39
_CM1CON1                                 (abs)         000F3A
_CM1NCH                                  (abs)         000F3B
_CM1PCH                                  (abs)         000F3C
_CMOUT                                   (abs)         000F3D
_CMOUTbits                               (abs)         000F3D
_CMP1_GetOutputStatus                    text42        011A7E
_CMP1_Initialize                         text83        011A2A
_Clear_cred                              text47        0112BA
_DAC1CON0                                (abs)         000F33
_DAC1CON1                                (abs)         000F34
_DAC1_Initialize                         text82        011A9A
_DAC1_SetOutput                          text15        011AA6
_DATAEE_ReadByte                         text70        0119A0
_DATAEE_WriteByte                        text68        011542
_EUSART1_Initialize                      text81        011A14
_EUSART1_Read                            text24        011A3E
_EUSART1_Write                           text21        011A70
_EUSART2_Initialize                      text80        0119D0
_GIE                                     (abs)         007F97
_Hopper_coin                             text43        010634
_INTCONbits                              (abs)         000FF2
_INTERRUPT_Initialize                    text79        011ABE
_INTERRUPT_InterruptManagerHigh          intcode       000008
_IPR0bits                                (abs)         000EBA
_Init_vendmem                            text14        010E20
_LATA                                    (abs)         000F83
_LATA6                                   (abs)         007C1E
_LATA7                                   (abs)         007C1F
_LATB                                    (abs)         000F84
_LATC                                    (abs)         000F85
_LATCbits                                (abs)         000F85
_LATD                                    (abs)         000F86
_LATE                                    (abs)         000F87
_NVMADRH                                 (abs)         000F7F
_NVMADRL                                 (abs)         000F7E
_NVMCON1bits                             (abs)         000F81
_NVMCON2                                 (abs)         000F82
_NVMDAT                                  (abs)         000F80
_ODCONA                                  (abs)         000F0F
_ODCONB                                  (abs)         000F17
_ODCONC                                  (abs)         000F1F
_ODCOND                                  (abs)         000F24
_ODCONE                                  (abs)         000F2C
_OSCCON1                                 (abs)         000ED8
_OSCCON3                                 (abs)         000EDA
_OSCEN                                   (abs)         000EDC
_OSCFRQ                                  (abs)         000EDE
_OSCILLATOR_Initialize                   text78        0119B8
_OSCTUNE                                 (abs)         000EDD
_PIE0bits                                (abs)         000EC2
_PIN_MANAGER_IOC                         text85        011ADE
_PIN_MANAGER_Initialize                  text77        010BA4
_PIR0bits                                (abs)         000ECA
_PIR3bits                                (abs)         000ECD
_PIR4bits                                (abs)         000ECE
_PIR7bits                                (abs)         000ED1
_PMD0                                    (abs)         000EE1
_PMD1                                    (abs)         000EE2
_PMD2                                    (abs)         000EE3
_PMD3                                    (abs)         000EE4
_PMD4                                    (abs)         000EE5
_PMD5                                    (abs)         000EE6
_PMD_Initialize                          text76        01196C
_PORTA                                   (abs)         000F8D
_PORTD                                   (abs)         000F90
_PPSLOCK                                 (abs)         000EA0
_PPSLOCKbits                             (abs)         000EA0
_RB5PPS                                  (abs)         000EF4
_RC1REG                                  (abs)         000F99
_RC1STA                                  (abs)         000F9D
_RC1STAbits                              (abs)         000F9D
_RC2REG                                  (abs)         000E99
_RC2STA                                  (abs)         000E9D
_RC2STAbits                              (abs)         000E9D
_RC6PPS                                  (abs)         000EFD
_RX1PPSbits                              (abs)         000EB5
_RX2PPSbits                              (abs)         000E8D
_Read_NVstore                            text69        0116F4
_Read_Service                            text36        011A50
_SP1BRGH                                 (abs)         000F9C
_SP1BRGL                                 (abs)         000F9B
_SP2BRGH                                 (abs)         000E9C
_SP2BRGL                                 (abs)         000E9B
_SYSTEM_Initialize                       text71        0117BE
_Sensor_set                              text40        010714
_T0CON0                                  (abs)         000FD5
_T0CON0bits                              (abs)         000FD5
_T0CON1                                  (abs)         000FD6
_T1CLK                                   (abs)         000FD2
_T1CON                                   (abs)         000FCF
_T1CONbits                               (abs)         000FCF
_T1GATE                                  (abs)         000FD1
_T1GCON                                  (abs)         000FD0
_T1GCONbits                              (abs)         000FD0
_T3CLK                                   (abs)         000FCC
_T3CON                                   (abs)         000FC9
_T3CONbits                               (abs)         000FC9
_T3GATE                                  (abs)         000FCB
_T3GCON                                  (abs)         000FCA
_T3GCONbits                              (abs)         000FCA
_T5CLK                                   (abs)         000FC6
_T5CON                                   (abs)         000FC3
_T5CONbits                               (abs)         000FC3
_T5GATE                                  (abs)         000FC5
_T5GCON                                  (abs)         000FC4
_T5GCONbits                              (abs)         000FC4
_TABLAT                                  (abs)         000FF5
_TBLPTRH                                 (abs)         000FF7
_TBLPTRL                                 (abs)         000FF6
_TBLPTRU                                 (abs)         000FF8
_TMR0H                                   (abs)         000FD4
_TMR0L                                   (abs)         000FD3
_TMR0_Initialize                         text75        01184E
_TMR1H                                   (abs)         000FCE
_TMR1L                                   (abs)         000FCD
_TMR1_Initialize                         text74        011656
_TMR3H                                   (abs)         000FC8
_TMR3L                                   (abs)         000FC7
_TMR3_Initialize                         text73        011620
_TMR5H                                   (abs)         000FC2
_TMR5L                                   (abs)         000FC1
_TMR5_Initialize                         text72        0115EA
_TRISA                                   (abs)         000F88
_TRISB                                   (abs)         000F89
_TRISC                                   (abs)         000F8A
_TRISD                                   (abs)         000F8B
_TRISE                                   (abs)         000F8C
_TX1REG                                  (abs)         000F9A
_TX1STA                                  (abs)         000F9E
_TX1STAbits                              (abs)         000F9E
_TX2REG                                  (abs)         000E9A
_TX2STA                                  (abs)         000E9E
_Update_Hopcoin                          text46        010F34
_Update_cashaudit                        text66        0108B4
_Vend_setup                              text38        0114CA
_Vend_timeset                            text39        011AE4
_WPUA                                    (abs)         000F10
_WPUB                                    (abs)         000F18
_WPUC                                    (abs)         000F20
_WPUD                                    (abs)         000F25
_WPUE                                    (abs)         000F2D
_Write_NVstore                           text67        01187C
__CFG_BOREN$SBORDIS                      (abs)         000000
__CFG_BORV$VBOR_2P45                     (abs)         000000
__CFG_CLKOUTEN$OFF                       (abs)         000000
__CFG_CP$OFF                             (abs)         000000
__CFG_CPD$OFF                            (abs)         000000
__CFG_CSWEN$ON                           (abs)         000000
__CFG_DEBUG$OFF                          (abs)         000000
__CFG_EBTR0$OFF                          (abs)         000000
__CFG_EBTR1$OFF                          (abs)         000000
__CFG_EBTR2$OFF                          (abs)         000000
__CFG_EBTR3$OFF                          (abs)         000000
__CFG_EBTR4$OFF                          (abs)         000000
__CFG_EBTR5$OFF                          (abs)         000000
__CFG_EBTR6$OFF                          (abs)         000000
__CFG_EBTR7$OFF                          (abs)         000000
__CFG_EBTRB$OFF                          (abs)         000000
__CFG_FCMEN$ON                           (abs)         000000
__CFG_FEXTOSC$OFF                        (abs)         000000
__CFG_LPBOREN$OFF                        (abs)         000000
__CFG_LVP$ON                             (abs)         000000
__CFG_MCLRE$EXTMCLR                      (abs)         000000
__CFG_PPS1WAY$OFF                        (abs)         000000
__CFG_PWRTE$OFF                          (abs)         000000
__CFG_RSTOSC$HFINTOSC_64MHZ              (abs)         000000
__CFG_SCANE$ON                           (abs)         000000
__CFG_STVREN$ON                          (abs)         000000
__CFG_WDTCCS$SC                          (abs)         000000
__CFG_WDTCPS$WDTCPS_31                   (abs)         000000
__CFG_WDTCWS$WDTCWS_7                    (abs)         000000
__CFG_WDTE$OFF                           (abs)         000000
__CFG_WRT0$OFF                           (abs)         000000
__CFG_WRT1$OFF                           (abs)         000000
__CFG_WRT2$OFF                           (abs)         000000
__CFG_WRT3$OFF                           (abs)         000000
__CFG_WRT4$OFF                           (abs)         000000
__CFG_WRT5$OFF                           (abs)         000000
__CFG_WRT6$OFF                           (abs)         000000
__CFG_WRT7$OFF                           (abs)         000000
__CFG_WRTB$OFF                           (abs)         000000
__CFG_WRTC$OFF                           (abs)         000000
__CFG_WRTD$OFF                           (abs)         000000
__CFG_XINST$OFF                          (abs)         000000
__CFG_ZCD$OFF                            (abs)         000000
__HRAM                                   (abs)         000000
__Habs1                                  abs1          000000
__Hbank0                                 bank0         000000
__Hbank1                                 bank1         000000
__Hbank10                                bank10        000000
__Hbank11                                bank11        000000
__Hbank12                                bank12        000000
__Hbank13                                bank13        000000
__Hbank14                                bank14        000000
__Hbank2                                 bank2         000000
__Hbank3                                 bank3         000000
__Hbank4                                 bank4         000000
__Hbank5                                 bank5         000000
__Hbank6                                 bank6         000000
__Hbank7                                 bank7         000000
__Hbank8                                 bank8         000000
__Hbank9                                 bank9         000000
__Hbigbss                                bigbss        000000
__Hbigdata                               bigdata       000000
__Hbigram                                bigram        000000
__Hbss                                   bss           000000
__HbssBANK0                              bssBANK0      000000
__HbssCOMRAMh                            bssCOMRAMh    000000
__HbssCOMRAMl                            bssCOMRAMl    000000
__Hcinit                                 cinit         000000
__Hclrtext                               clrtext       000000
__Hcomram                                comram        000000
__Hconfig                                config        30000C
__Hconst                                 const         000000
__HcstackBANK0                           cstackBANK0   000000
__HcstackCOMRAMh                         cstackCOMRAMh 000000
__HcstackCOMRAMl                         cstackCOMRAMl 000000
__Hdata                                  data          000000
__HdataCOMRAMh                           dataCOMRAMh   000000
__Heeprom_data                           eeprom_data   000000
__Hfarbss                                farbss        000000
__Hfardata                               fardata       000000
__Hibigdata                              ibigdata      000000
__Hidata                                 idata         000000
__HidataCOMRAMh                          idataCOMRAMh  000000
__Hidloc                                 idloc         200010
__Hifardata                              ifardata      000000
__Hinit                                  init          0000AE
__Hintcode                               intcode       0000AA
__Hintcode_body                          intcode_body  000000
__Hintcodelo                             intcodelo     0000AA
__Hintentry                              intentry      000000
__Hintret                                intret        000000
__Hintsave_regs                          intsave_regs  000000
__Hirdata                                irdata        000000
__Hmediumconst                           mediumconst   010000
__HnvBANK0                               nvBANK0       000000
__HnvCOMRAMh                             nvCOMRAMh     000000
__HnvFARRAM                              nvFARRAM      000000
__Hnvbit                                 nvbit         000000
__Hnvrram                                nvrram        000000
__Hparam                                 rparam        000000
__Hpowerup                               powerup       0000AA
__Hram                                   ram           000000
__Hramtop                                ramtop        000F00
__Hrbit                                  rbit          000000
__Hrbss                                  rbss          000000
__Hrdata                                 rdata         000000
__Hreset_vec                             reset_vec     000004
__Hrparam                                rparam        000000
__Hsfr                                   sfr           000000
__Hsmallconst                            smallconst    000000
__Hspace_0                               (abs)         30000C
__Hspace_1                               (abs)         0000B2
__Hspace_2                               (abs)         000000
__Hstack                                 stack         000000
__Hstruct                                struct        000000
__Htemp                                  temp          000050
__Htext                                  text          000000
__Htext0                                 text0         000000
__Htext1                                 text1         000000
__Htext10                                text10        000000
__Htext11                                text11        000000
__Htext12                                text12        000000
__Htext13                                text13        000000
__Htext14                                text14        000000
__Htext15                                text15        000000
__Htext16                                text16        000000
__Htext17                                text17        000000
__Htext18                                text18        000000
__Htext19                                text19        000000
__Htext2                                 text2         000000
__Htext20                                text20        000000
__Htext21                                text21        000000
__Htext22                                text22        000000
__Htext23                                text23        000000
__Htext24                                text24        000000
__Htext25                                text25        000000
__Htext26                                text26        000000
__Htext27                                text27        000000
__Htext28                                text28        000000
__Htext29                                text29        000000
__Htext3                                 text3         000000
__Htext30                                text30        000000
__Htext31                                text31        000000
__Htext32                                text32        000000
__Htext33                                text33        000000
__Htext34                                text34        000000
__Htext35                                text35        000000
__Htext36                                text36        000000
__Htext37                                text37        000000
__Htext38                                text38        000000
__Htext39                                text39        000000
__Htext4                                 text4         000000
__Htext40                                text40        000000
__Htext41                                text41        000000
__Htext42                                text42        000000
__Htext43                                text43        000000
__Htext44                                text44        000000
__Htext45                                text45        000000
__Htext46                                text46        000000
__Htext47                                text47        000000
__Htext48                                text48        000000
__Htext49                                text49        000000
__Htext5                                 text5         000000
__Htext50                                text50        000000
__Htext51                                text51        000000
__Htext52                                text52        000000
__Htext53                                text53        000000
__Htext54                                text54        000000
__Htext55                                text55        000000
__Htext56                                text56        000000
__Htext57                                text57        000000
__Htext58                                text58        000000
__Htext59                                text59        000000
__Htext6                                 text6         000000
__Htext60                                text60        000000
__Htext61                                text61        000000
__Htext62                                text62        000000
__Htext63                                text63        000000
__Htext64                                text64        000000
__Htext65                                text65        000000
__Htext66                                text66        000000
__Htext67                                text67        000000
__Htext68                                text68        000000
__Htext69                                text69        000000
__Htext7                                 text7         000000
__Htext70                                text70        000000
__Htext71                                text71        000000
__Htext72                                text72        000000
__Htext73                                text73        000000
__Htext74                                text74        000000
__Htext75                                text75        000000
__Htext76                                text76        000000
__Htext77                                text77        000000
__Htext78                                text78        000000
__Htext79                                text79        000000
__Htext8                                 text8         000000
__Htext80                                text80        000000
__Htext81                                text81        000000
__Htext82                                text82        000000
__Htext83                                text83        000000
__Htext85                                text85        000000
__Htext9                                 text9         000000
__LRAM                                   (abs)         000001
__Labs1                                  abs1          000000
__Lbank0                                 bank0         000000
__Lbank1                                 bank1         000000
__Lbank10                                bank10        000000
__Lbank11                                bank11        000000
__Lbank12                                bank12        000000
__Lbank13                                bank13        000000
__Lbank14                                bank14        000000
__Lbank2                                 bank2         000000
__Lbank3                                 bank3         000000
__Lbank4                                 bank4         000000
__Lbank5                                 bank5         000000
__Lbank6                                 bank6         000000
__Lbank7                                 bank7         000000
__Lbank8                                 bank8         000000
__Lbank9                                 bank9         000000
__Lbigbss                                bigbss        000000
__Lbigdata                               bigdata       000000
__Lbigram                                bigram        000000
__Lbss                                   bss           000000
__LbssBANK0                              bssBANK0      000000
__LbssCOMRAMh                            bssCOMRAMh    000000
__LbssCOMRAMl                            bssCOMRAMl    000000
__Lcinit                                 cinit         000000
__Lclrtext                               clrtext       000000
__Lcomram                                comram        000000
__Lconfig                                config        300000
__Lconst                                 const         000000
__LcstackBANK0                           cstackBANK0   000000
__LcstackCOMRAMh                         cstackCOMRAMh 000000
__LcstackCOMRAMl                         cstackCOMRAMl 000000
__Ldata                                  data          000000
__LdataCOMRAMh                           dataCOMRAMh   000000
__Leeprom_data                           eeprom_data   000000
__Lfarbss                                farbss        000000
__Lfardata                               fardata       000000
__Libigdata                              ibigdata      000000
__Lidata                                 idata         000000
__LidataCOMRAMh                          idataCOMRAMh  000000
__Lidloc                                 idloc         200000
__Lifardata                              ifardata      000000
__Linit                                  init          0000AA
__Lintcode                               intcode       000008
__Lintcode_body                          intcode_body  000000
__Lintcodelo                             intcodelo     0000AA
__Lintentry                              intentry      000000
__Lintret                                intret        000000
__Lintsave_regs                          intsave_regs  000000
__Lirdata                                irdata        000000
__Lmediumconst                           mediumconst   00FC94
__LnvBANK0                               nvBANK0       000000
__LnvCOMRAMh                             nvCOMRAMh     000000
__LnvFARRAM                              nvFARRAM      000000
__Lnvbit                                 nvbit         000000
__Lnvrram                                nvrram        000000
__Lparam                                 rparam        000000
__Lpowerup                               powerup       0000AA
__Lram                                   ram           000000
__Lramtop                                ramtop        000F00
__Lrbit                                  rbit          000000
__Lrbss                                  rbss          000000
__Lrdata                                 rdata         000000
__Lreset_vec                             reset_vec     000000
__Lrparam                                rparam        000000
__Lsfr                                   sfr           000000
__Lsmallconst                            smallconst    000000
__Lspace_0                               (abs)         000000
__Lspace_1                               (abs)         000000
__Lspace_2                               (abs)         000000
__Lstack                                 stack         000000
__Lstruct                                struct        000000
__Ltemp                                  temp          00004F
__Ltext                                  text          000000
__Ltext0                                 text0         000000
__Ltext1                                 text1         000000
__Ltext10                                text10        000000
__Ltext11                                text11        000000
__Ltext12                                text12        000000
__Ltext13                                text13        000000
__Ltext14                                text14        000000
__Ltext15                                text15        000000
__Ltext16                                text16        000000
__Ltext17                                text17        000000
__Ltext18                                text18        000000
__Ltext19                                text19        000000
__Ltext2                                 text2         000000
__Ltext20                                text20        000000
__Ltext21                                text21        000000
__Ltext22                                text22        000000
__Ltext23                                text23        000000
__Ltext24                                text24        000000
__Ltext25                                text25        000000
__Ltext26                                text26        000000
__Ltext27                                text27        000000
__Ltext28                                text28        000000
__Ltext29                                text29        000000
__Ltext3                                 text3         000000
__Ltext30                                text30        000000
__Ltext31                                text31        000000
__Ltext32                                text32        000000
__Ltext33                                text33        000000
__Ltext34                                text34        000000
__Ltext35                                text35        000000
__Ltext36                                text36        000000
__Ltext37                                text37        000000
__Ltext38                                text38        000000
__Ltext39                                text39        000000
__Ltext4                                 text4         000000
__Ltext40                                text40        000000
__Ltext41                                text41        000000
__Ltext42                                text42        000000
__Ltext43                                text43        000000
__Ltext44                                text44        000000
__Ltext45                                text45        000000
__Ltext46                                text46        000000
__Ltext47                                text47        000000
__Ltext48                                text48        000000
__Ltext49                                text49        000000
__Ltext5                                 text5         000000
__Ltext50                                text50        000000
__Ltext51                                text51        000000
__Ltext52                                text52        000000
__Ltext53                                text53        000000
__Ltext54                                text54        000000
__Ltext55                                text55        000000
__Ltext56                                text56        000000
__Ltext57                                text57        000000
__Ltext58                                text58        000000
__Ltext59                                text59        000000
__Ltext6                                 text6         000000
__Ltext60                                text60        000000
__Ltext61                                text61        000000
__Ltext62                                text62        000000
__Ltext63                                text63        000000
__Ltext64                                text64        000000
__Ltext65                                text65        000000
__Ltext66                                text66        000000
__Ltext67                                text67        000000
__Ltext68                                text68        000000
__Ltext69                                text69        000000
__Ltext7                                 text7         000000
__Ltext70                                text70        000000
__Ltext71                                text71        000000
__Ltext72                                text72        000000
__Ltext73                                text73        000000
__Ltext74                                text74        000000
__Ltext75                                text75        000000
__Ltext76                                text76        000000
__Ltext77                                text77        000000
__Ltext78                                text78        000000
__Ltext79                                text79        000000
__Ltext8                                 text8         000000
__Ltext80                                text80        000000
__Ltext81                                text81        000000
__Ltext82                                text82        000000
__Ltext83                                text83        000000
__Ltext85                                text85        000000
__Ltext9                                 text9         000000
__S0                                     (abs)         30000C
__S1                                     (abs)         0000B2
__S2                                     (abs)         000000
___inthi_sp                              stack         000000
___intlo_sp                              stack         000000
___ltdiv                                 text62        011128
___ltdiv@counter                         cstackCOMRAMh 000026
___ltdiv@dividend                        cstackCOMRAMh 00001D
___ltdiv@divisor                         cstackCOMRAMh 000020
___ltdiv@quotient                        cstackCOMRAMh 000023
___ltmod                                 text61        011366
___ltmod@counter                         cstackCOMRAMh 000023
___ltmod@dividend                        cstackCOMRAMh 00001D
___ltmod@divisor                         cstackCOMRAMh 000020
___param_bank                            (abs)         000000
___rparam_used                           (abs)         000001
___sp                                    stack         000000
__accesstop                              (abs)         000060
__activetblptr                           (abs)         000003
__end_of_Audit                           text48        011AE8
__end_of_CMP1_GetOutputStatus            text42        011A8C
__end_of_CMP1_Initialize                 text83        011A3E
__end_of_Clear_cred                      text47        011310
__end_of_DAC1_Initialize                 text82        011AA6
__end_of_DAC1_SetOutput                  text15        011AAE
__end_of_DATAEE_ReadByte                 text70        0119B8
__end_of_DATAEE_WriteByte                text68        01157C
__end_of_EUSART1_Initialize              text81        011A2A
__end_of_EUSART1_Read                    text24        011A50
__end_of_EUSART1_Write                   text21        011A7E
__end_of_EUSART2_Initialize              text80        0119E8
__end_of_Hopper_coin                     text43        010714
__end_of_INTERRUPT_Initialize            text79        011AC6
__end_of_INTERRUPT_InterruptManagerHigh  intcode       0000AA
__end_of_Init_vendmem                    text14        010EAE
__end_of_OSCILLATOR_Initialize           text78        0119D0
__end_of_PIN_MANAGER_IOC                 text85        011AE4
__end_of_PIN_MANAGER_Initialize          text77        010C54
__end_of_PMD_Initialize                  text76        011988
__end_of_Read_NVstore                    text69        011728
__end_of_Read_Service                    text36        011A62
__end_of_SYSTEM_Initialize               text71        0117F0
__end_of_Sensor_set                      text40        0107EC
__end_of_TMR0_Initialize                 text75        01187C
__end_of_TMR1_Initialize                 text74        01168C
__end_of_TMR3_Initialize                 text73        011656
__end_of_TMR5_Initialize                 text72        011620
__end_of_Update_Hopcoin                  text46        010FBA
__end_of_Update_cashaudit                text66        010978
__end_of_Vend_setup                      text38        011508
__end_of_Vend_timeset                    text39        011AE6
__end_of_Write_NVstore                   text67        0118A4
__end_of___ltdiv                         text62        011192
__end_of___ltmod                         text61        0113BA
__end_of__initialization                 cinit         0115E0
__end_of_acept_disabled                  mediumconst   00FD84
__end_of_auditmsg                        mediumconst   00FD28
__end_of_butin                           text45        011404
__end_of_butindb                         text44        01178C
__end_of_cashbox_err                     mediumconst   00FD85
__end_of_cashint                         mediumconst   00FD69
__end_of_cashinv                         mediumconst   00FD6B
__end_of_cashoutv                        mediumconst   00FD5D
__end_of_cc_adpoll                       mediumconst   00FD73
__end_of_cc_countrq                      mediumconst   00FD79
__end_of_cc_enable                       mediumconst   00FD7C
__end_of_cc_level                        mediumconst   00FD77
__end_of_cc_newpin                       mediumconst   00FD75
__end_of_cc_pay                          mediumconst   00FD7A
__end_of_cc_pin                          mediumconst   00FD76
__end_of_cc_poll                         mediumconst   00FD72
__end_of_cc_reset                        mediumconst   00FD7E
__end_of_cc_serial                       mediumconst   00FD74
__end_of_cc_status                       mediumconst   00FD7B
__end_of_cc_stop                         mediumconst   00FD78
__end_of_cc_test                         mediumconst   00FD7D
__end_of_cctalk_adpoll                   text11        01194E
__end_of_cctalk_comm                     text12        010448
__end_of_cctalk_init                     text6         011448
__end_of_cctalk_on                       text10        011ACC
__end_of_cctalk_pinenter                 text9         0116C0
__end_of_cctalk_poll                     text8         01184E
__end_of_cctalk_read                     text13        01196C
__end_of_chan1linkbits                   mediumconst   00FD59
__end_of_chan1time                       mediumconst   00FD49
__end_of_chan2linkbits                   mediumconst   00FD57
__end_of_chan2time                       mediumconst   00FD47
__end_of_chan3linkbits                   mediumconst   00FD55
__end_of_chan3time                       mediumconst   00FD45
__end_of_chan4linkbits                   mediumconst   00FD53
__end_of_chan4time                       mediumconst   00FD43
__end_of_chan5linkbits                   mediumconst   00FD51
__end_of_chan5time                       mediumconst   00FD41
__end_of_chan6linkbits                   mediumconst   00FD4F
__end_of_chan6time                       mediumconst   00FD3F
__end_of_chan7linkbits                   mediumconst   00FD4D
__end_of_chan7time                       mediumconst   00FD3D
__end_of_chan8linkbits                   mediumconst   00FD4B
__end_of_chan8time                       mediumconst   00FD3B
__end_of_clrmsg                          mediumconst   00FFF7
__end_of_credclr                         mediumconst   00FCBF
__end_of_credit_add                      text65        0112BA
__end_of_credit_check                    text63        01190E
__end_of_credit_subtract                 text64        011366
__end_of_creditclr                       mediumconst   00FF8F
__end_of_credits                         mediumconst   00FFA9
__end_of_credmem                         mediumconst   00FD6D
__end_of_dacmsg                          mediumconst   00FF9C
__end_of_disabled                        mediumconst   00FFBE
__end_of_dispaddr                        mediumconst   00FDA1
__end_of_dispclr                         mediumconst   00FDA2
__end_of_dispcursor                      mediumconst   00FD9E
__end_of_dispfunc1                       mediumconst   00FDA6
__end_of_dispfunc2                       mediumconst   00FDA5
__end_of_dispfunc3                       mediumconst   00FDA4
__end_of_displ_code                      text50        01034C
__end_of_displ_credit                    text51        0116F4
__end_of_displ_hex                       text53        010AF0
__end_of_displ_nendis                    text31        01175A
__end_of_displ_note                      text32        0115B4
__end_of_displ_noteer                    text49        011820
__end_of_displ_price                     text35        0114CA
__end_of_displ_sens                      text41        011128
__end_of_dispnormal                      mediumconst   00FD9F
__end_of_dispoff                         mediumconst   00FD9B
__end_of_dispon                          mediumconst   00FDA3
__end_of_dispshleft                      mediumconst   00FD9C
__end_of_dispshright                     mediumconst   00FD9D
__end_of_dispsl                          mediumconst   00FD99
__end_of_dispsr                          mediumconst   00FD9A
__end_of_dsphome                         mediumconst   00FDA0
__end_of_enable_notes                    text29        0110B4
__end_of_enabled                         mediumconst   00FFC8
__end_of_enter_service                   text27        010D92
__end_of_eusartmdb_Initialize            text7         0119FE
__end_of_exit                            mediumconst   00FD35
__end_of_fiftyrand                       mediumconst   00FFE9
__end_of_hopadd                          mediumconst   00FD80
__end_of_hopcoin                         mediumconst   00FD5B
__end_of_hoperror                        mediumconst   00FD39
__end_of_hoppcoin                        mediumconst   00FEE7
__end_of_hundredrand                     mediumconst   00FFE1
__end_of_init_mdbdata                    text23        0118CA
__end_of_inithop                         mediumconst   00FF6D
__end_of_initnote                        mediumconst   00FF3D
__end_of_inscoin                         mediumconst   00FF18
__end_of_invalid_escrow                  mediumconst   00FD83
__end_of_jammed_err                      mediumconst   00FD88
__end_of_just_busy                       mediumconst   00FD8A
__end_of_just_reset                      mediumconst   00FD87
__end_of_lcd_clockE                      text60        011A9A
__end_of_lcd_clockH                      text59        011ABE
__end_of_lcd_clockL                      text58        011AB6
__end_of_lcd_dispadd                     text55        0119A0
__end_of_lcd_init                        text25        010CFC
__end_of_lcd_string                      text52        010BA4
__end_of_lcd_test                        text26        011A14
__end_of_lcd_write                       text56        0117BE
__end_of_lcd_writeC                      text54        011260
__end_of_line1                           mediumconst   00FD98
__end_of_line2                           mediumconst   00FD97
__end_of_line3                           mediumconst   00FD96
__end_of_line4                           mediumconst   00FD95
__end_of_main                            text0         010A3A
__end_of_mastadd                         mediumconst   00FD7F
__end_of_mdb_comm                        text17        010542
__end_of_mdb_init                        text2         0111FA
__end_of_mdb_noten                       text5         011542
__end_of_mdb_on                          text22        011ADE
__end_of_mdb_poll                        text16        010246
__end_of_mdb_reset                       text4         010F34
__end_of_mdb_security                    text3         01192E
__end_of_mdb_transmit                    text19        011A70
__end_of_mdb_unlock                      text37        0108B4
__end_of_mdb_waitr                       text18        011AD2
__end_of_mdb_waitx                       text20        011AD8
__end_of_motr_error                      mediumconst   00FD8C
__end_of_nochange                        mediumconst   00FCFE
__end_of_note_escrow                     mediumconst   00FD8F
__end_of_note_features                   mediumconst   00FD8D
__end_of_note_poll                       mediumconst   00FD91
__end_of_note_rejected                   mediumconst   00FD82
__end_of_note_removed                    mediumconst   00FD86
__end_of_note_reset                      mediumconst   00FD94
__end_of_note_security                   mediumconst   00FD92
__end_of_note_setup                      mediumconst   00FD93
__end_of_note_stacker                    mediumconst   00FD8E
__end_of_note_type                       mediumconst   00FD90
__end_of_notebits                        mediumconst   00FD61
__end_of_noteerr                         mediumconst   00FF59
__end_of_notetest                        mediumconst   00FD1B
__end_of_offmsg                          mediumconst   00FFFB
__end_of_onmsg                           mediumconst   00FFFF
__end_of_price_set                       text33        01103A
__end_of_priceexit                       mediumconst   00FCEE
__end_of_pricemsg                        mediumconst   00FD30
__end_of_pricesetm2                      mediumconst   00FEB4
__end_of_pricesetmsg                     mediumconst   00FF7F
__end_of_pricestore                      mediumconst   00FD65
__end_of_read_busy                       text57        01148A
__end_of_rom_error                       mediumconst   00FD89
__end_of_save_notes                      text30        0118EC
__end_of_second1                         mediumconst   00FD71
__end_of_secondadd                       mediumconst   00FD6F
__end_of_sens_error                      mediumconst   00FD8B
__end_of_senset                          mediumconst   00FD0D
__end_of_sensmsg                         mediumconst   00FFB4
__end_of_sensorflags                     mediumconst   00FD37
__end_of_sensval                         mediumconst   00FD5F
__end_of_servmsg                         mediumconst   00FE7B
__end_of_set_notes                       text28        010634
__end_of_set_price                       text34        010124
__end_of_setnotes                        mediumconst   00FE38
__end_of_tenrand                         mediumconst   00FFD1
__end_of_theft_attempt                   mediumconst   00FD81
__end_of_twentyrand                      mediumconst   00FFF1
__end_of_twohundredrand                  mediumconst   00FFD9
__end_of_vend_init                       text1         010E20
__end_of_venderrors                      mediumconst   00FD63
__end_of_vendsetup                       mediumconst   00FDF3
__end_of_vendstore                       mediumconst   00FD67
__end_of_vendtest                        mediumconst   00FCD8
__initialization                         cinit         0115B4
__mediumconst                            mediumconst   00FC94
__pbssBANK0                              bssBANK0      000060
__pbssCOMRAMh                            bssCOMRAMh    00002C
__pbssCOMRAMl                            bssCOMRAMl    00004E
__pcinit                                 cinit         0115B4
__pcstackBANK0                           cstackBANK0   00009A
__pcstackCOMRAMh                         cstackCOMRAMh 00000B
__pcstackCOMRAMl                         cstackCOMRAMl 000000
__pdataCOMRAMh                           dataCOMRAMh   00004D
__pidataCOMRAMh                          idataCOMRAMh  011AE8
__pintcode                               intcode       000008
__pmediumconst                           mediumconst   00FC94
__pnvBANK0                               nvBANK0       0000AA
__pnvCOMRAMh                             nvCOMRAMh     00004C
__ptext0                                 text0         010978
__ptext1                                 text1         010D92
__ptext10                                text10        011AC6
__ptext11                                text11        01192E
__ptext12                                text12        01034C
__ptext13                                text13        01194E
__ptext14                                text14        010E20
__ptext15                                text15        011AA6
__ptext16                                text16        010124
__ptext17                                text17        010448
__ptext18                                text18        011ACC
__ptext19                                text19        011A62
__ptext2                                 text2         011192
__ptext20                                text20        011AD2
__ptext21                                text21        011A70
__ptext22                                text22        011AD8
__ptext23                                text23        0118A4
__ptext24                                text24        011A3E
__ptext25                                text25        010C54
__ptext26                                text26        0119FE
__ptext27                                text27        010CFC
__ptext28                                text28        010542
__ptext29                                text29        01103A
__ptext3                                 text3         01190E
__ptext30                                text30        0118CA
__ptext31                                text31        011728
__ptext32                                text32        01157C
__ptext33                                text33        010FBA
__ptext34                                text34        010000
__ptext35                                text35        01148A
__ptext36                                text36        011A50
__ptext37                                text37        0107EC
__ptext38                                text38        0114CA
__ptext39                                text39        011AE4
__ptext4                                 text4         010EAE
__ptext40                                text40        010714
__ptext41                                text41        0110B4
__ptext42                                text42        011A7E
__ptext43                                text43        010634
__ptext44                                text44        01175A
__ptext45                                text45        0113BA
__ptext46                                text46        010F34
__ptext47                                text47        0112BA
__ptext48                                text48        011AE6
__ptext49                                text49        0117F0
__ptext5                                 text5         011508
__ptext50                                text50        010246
__ptext51                                text51        0116C0
__ptext52                                text52        010AF0
__ptext53                                text53        010A3A
__ptext54                                text54        0111FA
__ptext55                                text55        011988
__ptext56                                text56        01178C
__ptext57                                text57        011448
__ptext58                                text58        011AAE
__ptext59                                text59        011AB6
__ptext6                                 text6         011404
__ptext60                                text60        011A8C
__ptext61                                text61        011366
__ptext62                                text62        011128
__ptext63                                text63        0118EC
__ptext64                                text64        011310
__ptext65                                text65        011260
__ptext66                                text66        0108B4
__ptext67                                text67        01187C
__ptext68                                text68        011542
__ptext69                                text69        0116F4
__ptext7                                 text7         0119E8
__ptext70                                text70        0119A0
__ptext71                                text71        0117BE
__ptext72                                text72        0115EA
__ptext73                                text73        011620
__ptext74                                text74        011656
__ptext75                                text75        01184E
__ptext76                                text76        01196C
__ptext77                                text77        010BA4
__ptext78                                text78        0119B8
__ptext79                                text79        011ABE
__ptext8                                 text8         011820
__ptext80                                text80        0119D0
__ptext81                                text81        011A14
__ptext82                                text82        011A9A
__ptext83                                text83        011A2A
__ptext85                                text85        011ADE
__ptext9                                 text9         01168C
__ramtop                                 ramtop        000F00
__size_of_Audit                          (abs)         000000
__size_of_CMP1_GetOutputStatus           (abs)         000000
__size_of_CMP1_Initialize                (abs)         000000
__size_of_Clear_cred                     (abs)         000000
__size_of_DAC1_Initialize                (abs)         000000
__size_of_DAC1_SetOutput                 (abs)         000000
__size_of_DATAEE_ReadByte                (abs)         000000
__size_of_DATAEE_WriteByte               (abs)         000000
__size_of_EUSART1_Initialize             (abs)         000000
__size_of_EUSART1_Read                   (abs)         000000
__size_of_EUSART1_Write                  (abs)         000000
__size_of_EUSART2_Initialize             (abs)         000000
__size_of_Hopper_coin                    (abs)         000000
__size_of_INTERRUPT_Initialize           (abs)         000000
__size_of_INTERRUPT_InterruptManagerHigh (abs)         000000
__size_of_Init_vendmem                   (abs)         000000
__size_of_OSCILLATOR_Initialize          (abs)         000000
__size_of_PIN_MANAGER_IOC                (abs)         000000
__size_of_PIN_MANAGER_Initialize         (abs)         000000
__size_of_PMD_Initialize                 (abs)         000000
__size_of_Read_NVstore                   (abs)         000000
__size_of_Read_Service                   (abs)         000000
__size_of_SYSTEM_Initialize              (abs)         000000
__size_of_Sensor_set                     (abs)         000000
__size_of_TMR0_Initialize                (abs)         000000
__size_of_TMR1_Initialize                (abs)         000000
__size_of_TMR3_Initialize                (abs)         000000
__size_of_TMR5_Initialize                (abs)         000000
__size_of_Update_Hopcoin                 (abs)         000000
__size_of_Update_cashaudit               (abs)         000000
__size_of_Vend_setup                     (abs)         000000
__size_of_Vend_timeset                   (abs)         000000
__size_of_Write_NVstore                  (abs)         000000
__size_of___ltdiv                        (abs)         000000
__size_of___ltmod                        (abs)         000000
__size_of_butin                          (abs)         000000
__size_of_butindb                        (abs)         000000
__size_of_cctalk_adpoll                  (abs)         000000
__size_of_cctalk_comm                    (abs)         000000
__size_of_cctalk_init                    (abs)         000000
__size_of_cctalk_on                      (abs)         000000
__size_of_cctalk_pinenter                (abs)         000000
__size_of_cctalk_poll                    (abs)         000000
__size_of_cctalk_read                    (abs)         000000
[...]
Total ram usage:        0 bytes
 Hardware stack levels used:    1
 Hardware stack levels required when called:    2
 This function calls:
		Nothing
 This function is called by:
		_SYSTEM_Initialize
 This function uses a non-reentrant model


 *************** function _EUSART2_Initialize *****************
 Defined at:
		line 53 in file "mcc_generated_files/eusart2.c"
 Parameters:    Size  Location     Type
		None
 Auto vars:     Size  Location     Type
		None
 Return value:  Size  Location     Type
                  1    wreg      void 
 Registers used:
		wreg, status,2
 Tracked objects:
		On entry : 
		On exit  : 
		Unchanged: 
 Data sizes:    COMRAMh COMRAMl   BANK0   BANK1   BANK2   BANK3   BANK4   BANK5   BANK6   BANK7   BANK8   BANK9  BANK10  BANK11  BANK12  BANK13  BANK14
      Params:         0       0       0       0       0       0       0       0       0       0       0       0       0       0       0       0       0
      Locals:         0       0       0       0       0       0       0       0       0       0       0       0       0       0       0       0       0
      Temps:          0       0       0       0       0       0       0       0       0       0       0       0       0       0       0       0       0
      Totals:         0       0       0       0       0       0       0       0       0       0       0       0       0       0       0       0       0
Total ram usage:        0 bytes
 Hardware stack levels used:    1
 Hardware stack levels required when called:    2
 This function calls:
		Nothing
 This function is called by:
		_SYSTEM_Initialize
 This function uses a non-reentrant model


 *************** function _EUSART1_Initialize *****************
 Defined at:
		line 53 in file "mcc_generated_files/eusart1.c"
 Parameters:    Size  Location     Type
		None
 Auto vars:     Size  Location     Type
		None
 Return value:  Size  Location     Type
                  1    wreg      void 
 Registers used:
		wreg, status,2
 Tracked objects:
		On entry : 
		On exit  : 
		Unchanged: 
 Data sizes:    COMRAMh COMRAMl   BANK0   BANK1   BANK2   BANK3   BANK4   BANK5   BANK6   BANK7   BANK8   BANK9  BANK10  BANK11  BANK12  BANK13  BANK14
      Params:         0       0       0       0       0       0       0       0       0       0       0       0       0       0       0       0       0
      Locals:         0       0       0       0       0       0       0       0       0       0       0       0       0       0       0       0       0
      Temps:          0       0       0       0       0       0       0       0       0       0       0       0       0       0       0       0       0
      Totals:         0       0       0       0       0       0       0       0       0       0       0       0       0       0       0       0       0
Total ram usage:        0 bytes
 Hardware stack levels used:    1
 Hardware stack levels required when called:    2
 This function calls:
		Nothing
 This function is called by:
		_SYSTEM_Initialize
 This function uses a non-reentrant model


 *************** function _DAC1_Initialize *****************
 Defined at:
		line 57 in file "mcc_generated_files/dac1.c"
 Parameters:    Size  Location     Type
		None
 Auto vars:     Size  Location     Type
		None
 Return value:  Size  Location     Type
                  1    wreg      void 
 Registers used:
		wreg, status,2
 Tracked objects:
		On entry : 
		On exit  : 
		Unchanged: 
 Data sizes:    COMRAMh COMRAMl   BANK0   BANK1   BANK2   BANK3   BANK4   BANK5   BANK6   BANK7   BANK8   BANK9  BANK10  BANK11  BANK12  BANK13  BANK14
      Params:         0       0       0       0       0       0       0       0       0       0       0       0       0       0       0       0       0
      Locals:         0       0       0       0       0       0       0       0       0       0       0       0       0       0       0       0       0
      Temps:          0       0       0       0       0       0       0       0       0       0       0       0       0       0       0       0       0
      Totals:         0       0       0       0       0       0       0       0       0       0       0       0       0       0       0       0       0
Total ram usage:        0 bytes
 Hardware stack levels used:    1
 Hardware stack levels required when called:    2
 This function calls:
		Nothing
 This function is called by:
		_SYSTEM_Initialize
		_mdb_unlock
 This function uses a non-reentrant model


 *************** function _CMP1_Initialize *****************
 Defined at:
		line 57 in file "mcc_generated_files/cmp1.c"
 Parameters:    Size  Location     Type
		None
 Auto vars:     Size  Location     Type
		None
 Return value:  Size  Location     Type
                  1    wreg      void 
 Registers used:
		wreg, status,2
 Tracked objects:
		On entry : 
		On exit  : 
		Unchanged: 
 Data sizes:    COMRAMh COMRAMl   BANK0   BANK1   BANK2   BANK3   BANK4   BANK5   BANK6   BANK7   BANK8   BANK9  BANK10  BANK11  BANK12  BANK13  BANK14
      Params:         0       0       0       0       0       0       0       0       0       0       0       0       0       0       0       0       0
      Locals:         0       0       0       0       0       0       0       0       0       0       0       0       0       0       0       0       0
      Temps:          0       0       0       0       0       0       0       0       0       0       0       0       0       0       0       0       0
      Totals:         0       0       0       0       0       0       0       0       0       0       0       0       0       0       0       0       0
Total ram usage:        0 bytes
 Hardware stack levels used:    1
 Hardware stack levels required when called:    2
 This function calls:
		Nothing
 This function is called by:
		_SYSTEM_Initialize
		_mdb_unlock
 This function uses a non-reentrant model


 *************** function _INTERRUPT_InterruptManagerHigh *****************
 Defined at:
		line 64 in file "mcc_generated_files/interrupt_manager.c"
 Parameters:    Size  Location     Type
		None
 Auto vars:     Size  Location     Type
		None
 Return value:  Size  Location     Type
                  1    wreg      void 
 Registers used:
		cstack
 Tracked objects:
		On entry : 
		On exit  : 
		Unchanged: 
 Data sizes:    COMRAMh COMRAMl   BANK0   BANK1   BANK2   BANK3   BANK4   BANK5   BANK6   BANK7   BANK8   BANK9  BANK10  BANK11  BANK12  BANK13  BANK14
      Params:         0       0       0       0       0       0       0       0       0       0       0       0       0       0       0       0       0
      Locals:         0       0       0       0       0       0       0       0       0       0       0       0       0       0       0       0       0
      Temps:         18       0       0       0       0       0       0       0       0       0       0       0       0       0       0       0       0
      Totals:        18       0       0       0       0       0       0       0       0       0       0       0       0       0       0       0       0
Total ram usage:       18 bytes
 Hardware stack levels used:    1
 Hardware stack levels required when called:    1
 This function calls:
		_PIN_MANAGER_IOC
 This function is called by:
		Interrupt level 2
 This function uses a non-reentrant model


 *************** function _PIN_MANAGER_IOC *****************
 Defined at:
		line 124 in file "mcc_generated_files/pin_manager.c"
 Parameters:    Size  Location     Type
		None
 Auto vars:     Size  Location     Type
		None
 Return value:  Size  Location     Type
                  1    wreg      void 
 Registers used:
		None
 Tracked objects:
		On entry : 
		On exit  : 
		Unchanged: 
 Data sizes:    COMRAMh COMRAMl   BANK0   BANK1   BANK2   BANK3   BANK4   BANK5   BANK6   BANK7   BANK8   BANK9  BANK10  BANK11  BANK12  BANK13  BANK14
      Params:         0       0       0       0       0       0       0       0       0       0       0       0       0       0       0       0       0
      Locals:         0       0       0       0       0       0       0       0       0       0       0       0       0       0       0       0       0
      Temps:          0       0       0       0       0       0       0       0       0       0       0       0       0       0       0       0       0
      Totals:         0       0       0       0       0       0       0       0       0       0       0       0       0       0       0       0       0
Total ram usage:        0 bytes
 Hardware stack levels used:    1
 This function calls:
		Nothing
 This function is called by:
		_INTERRUPT_InterruptManagerHigh
 This function uses a non-reentrant model



MODULE INFORMATION

Module		Function		Class		Link	Load	Size
mcc_generated_files/cmp1.c
		_CMP1_Initialize		CODE           	11A2A	0000	21
		_CMP1_GetOutputStatus		CODE           	11A7E	0000	15

mcc_generated_files/cmp1.c estimated size: 36

mcc_generated_files/eusart2.c
		_EUSART2_Initialize		CODE           	119D0	0000	25

mcc_generated_files/eusart2.c estimated size: 25

vend.c
		_Vend_timeset  		CODE           	11AE4	0000	3
		_Init_vendmem  		CODE           	10E20	0000	143
		_Clear_cred    		CODE           	112BA	0000	87
		_Update_cashaudit		CODE           	108B4	0000	197
		_Read_NVstore  		CODE           	116F4	0000	53
		_Read_Service  		CODE           	11A50	0000	19
		_set_price     		CODE           	10000	0000	293
		_Update_Hopcoin		CODE           	10F34	0000	135
		_butindb       		CODE           	1175A	0000	51
		_credit_subtract		CODE           	11310	0000	87
		_Sensor_set    		CODE           	10714	0000	217
		_Audit         		CODE           	11AE6	0000	3
		_butin         		CODE           	113BA	0000	75
		_Hopper_coin   		CODE           	10634	0000	225
		_Write_NVstore 		CODE           	1187C	0000	41
		_credit_add    		CODE           	11260	0000	91
		_Vend_setup    		CODE           	114CA	0000	63
		_credit_check  		CODE           	118EC	0000	35
		_price_set     		CODE           	10FBA	0000	129
		_vend_init     		CODE           	10D92	0000	143

vend.c estimated size: 2090

cctalk.c
		_cctalk_on     		CODE           	11AC6	0000	7
		_cctalk_read   		CODE           	1194E	0000	31
		_cctalk_comm   		CODE           	1034C	0000	253
		_cctalk_poll   		CODE           	11820	0000	47
		_cctalk_init   		CODE           	11404	0000	69
		_cctalk_adpoll 		CODE           	1192E	0000	33
		_cctalk_pinenter		CODE           	1168C	0000	53

cctalk.c estimated size: 493

mcc_generated_files/interrupt_manager.c
		_INTERRUPT_Initialize		CODE           	11ABE	0000	9
		_INTERRUPT_InterruptManagerHigh		CODE           	0008	0000	163

mcc_generated_files/interrupt_manager.c estimated size: 172

/opt/microchip/xc8/v1.44/sources/common/ltmod.c
		___ltmod       		CODE           	11366	0000	85

/opt/microchip/xc8/v1.44/sources/common/ltmod.c estimated size: 85

mcc_generated_files/tmr0.c
		_TMR0_Initialize		CODE           	1184E	0000	47

mcc_generated_files/tmr0.c estimated size: 47

mcc_generated_files/pin_manager.c
		_PIN_MANAGER_Initialize		CODE           	10BA4	0000	177
		_PIN_MANAGER_IOC		CODE           	11ADE	0000	7

mcc_generated_files/pin_manager.c estimated size: 184

/opt/microchip/xc8/v1.44/sources/common/ltdiv.c
		___ltdiv       		CODE           	11128	0000	107

/opt/microchip/xc8/v1.44/sources/common/ltdiv.c estimated size: 107

mcc_generated_files/tmr5.c
		_TMR5_Initialize		CODE           	115EA	0000	55

mcc_generated_files/tmr5.c estimated size: 55

shared
		_credmem       		MEDIUMCONST    	FD6B	0000	3
		_cc_test       		MEDIUMCONST    	FD7C	0000	2
		_sensval       		MEDIUMCONST    	FD5D	0000	3
		_cc_serial     		MEDIUMCONST    	FD73	0000	2
		_dacmsg        		MEDIUMCONST    	FF8F	0000	14
		_cc_level      		MEDIUMCONST    	FD76	0000	2
		_note_stacker  		MEDIUMCONST    	FD8D	0000	2
		_chan4time     		MEDIUMCONST    	FD41	0000	3
		_notebits      		MEDIUMCONST    	FD5F	0000	3
		_notetest      		MEDIUMCONST    	FD0D	0000	15
		_mastadd       		MEDIUMCONST    	FD7E	0000	2
		_credclr       		MEDIUMCONST    	FC95	0000	43
		_chan2linkbits 		MEDIUMCONST    	FD55	0000	3
		_chan8linkbits 		MEDIUMCONST    	FD49	0000	3
		_cc_newpin     		MEDIUMCONST    	FD74	0000	2
		_vendsetup     		MEDIUMCONST    	FDA6	0000	78
		_inithop       		MEDIUMCONST    	FF59	0000	21
		_pricesetm2    		MEDIUMCONST    	FE7B	0000	58
		_theft_attempt 		MEDIUMCONST    	FD80	0000	2
		_disabled      		MEDIUMCONST    	FFB4	0000	11
		_cashinv       		MEDIUMCONST    	FD69	0000	3
		_just_busy     		MEDIUMCONST    	FD89	0000	2
		_pricesetmsg   		MEDIUMCONST    	FF6D	0000	19
		_hundredrand   		MEDIUMCONST    	FFD9	0000	9
		_exit          		MEDIUMCONST    	FD30	0000	6
		_nochange      		MEDIUMCONST    	FCEE	0000	17
		_enabled       		MEDIUMCONST    	FFBE	0000	11
		_cashoutv      		MEDIUMCONST    	FD5B	0000	3
		_chan5time     		MEDIUMCONST    	FD3F	0000	3
		_sensmsg       		MEDIUMCONST    	FFA9	0000	12
		_hoperror      		MEDIUMCONST    	FD37	0000	3
		_cc_pay        		MEDIUMCONST    	FD79	0000	2
		_second1       		MEDIUMCONST    	FD6F	0000	3
		_chan3linkbits 		MEDIUMCONST    	FD53	0000	3
		_noteerr       		MEDIUMCONST    	FF3D	0000	29
		_hopadd        		MEDIUMCONST    	FD7F	0000	2
		_line1         		MEDIUMCONST    	FD97	0000	2
		_dispoff       		MEDIUMCONST    	FD9A	0000	2
		_secondadd     		MEDIUMCONST    	FD6D	0000	3
		_tenrand       		MEDIUMCONST    	FFC8	0000	10
		_cc_status     		MEDIUMCONST    	FD7A	0000	2
		_note_reset    		MEDIUMCONST    	FD93	0000	2
		_senset        		MEDIUMCONST    	FCFE	0000	16
		_note_features 		MEDIUMCONST    	FD8C	0000	2
		_setnotes      		MEDIUMCONST    	FDF3	0000	70
		_note_removed  		MEDIUMCONST    	FD85	0000	2
		_cc_stop       		MEDIUMCONST    	FD77	0000	2
		_offmsg        		MEDIUMCONST    	FFF7	0000	5
		_priceexit     		MEDIUMCONST    	FCD8	0000	23
		_chan6time     		MEDIUMCONST    	FD3D	0000	3
		_dsphome       		MEDIUMCONST    	FD9F	0000	2
		_dispfunc1     		MEDIUMCONST    	FDA5	0000	2
		_dispfunc2     		MEDIUMCONST    	FDA4	0000	2
		_dispfunc3     		MEDIUMCONST    	FDA3	0000	2
		_hoppcoin      		MEDIUMCONST    	FEB4	0000	52
		_chan4linkbits 		MEDIUMCONST    	FD51	0000	3
		_note_rejected 		MEDIUMCONST    	FD81	0000	2
		__initialization		CODE           	115B4	0000	45
		_jammed_err    		MEDIUMCONST    	FD87	0000	2
		_line2         		MEDIUMCONST    	FD96	0000	2
		_pricestore    		MEDIUMCONST    	FD63	0000	3
		_cc_poll       		MEDIUMCONST    	FD71	0000	2
		_auditmsg      		MEDIUMCONST    	FD1B	0000	14
		_dispnormal    		MEDIUMCONST    	FD9E	0000	2
		_note_escrow   		MEDIUMCONST    	FD8E	0000	2
		_note_poll     		MEDIUMCONST    	FD90	0000	2
		_fiftyrand     		MEDIUMCONST    	FFE1	0000	9
		_rom_error     		MEDIUMCONST    	FD88	0000	2
		_cc_reset      		MEDIUMCONST    	FD7D	0000	2
		_chan1time     		MEDIUMCONST    	FD47	0000	3
		_dispclr       		MEDIUMCONST    	FDA1	0000	2
		_creditclr     		MEDIUMCONST    	FF7F	0000	17
		_chan7time     		MEDIUMCONST    	FD3B	0000	3
		_credits       		MEDIUMCONST    	FF9C	0000	14
		_sensorflags   		MEDIUMCONST    	FD35	0000	3
		_sens_error    		MEDIUMCONST    	FD8A	0000	2
		_twohundredrand		MEDIUMCONST    	FFD1	0000	9
		_vendtest      		MEDIUMCONST    	FCBF	0000	26
		_chan5linkbits 		MEDIUMCONST    	FD4F	0000	3
		_line3         		MEDIUMCONST    	FD95	0000	2
		_servmsg       		MEDIUMCONST    	FE38	0000	68
		_twentyrand    		MEDIUMCONST    	FFE9	0000	9
		_dispcursor    		MEDIUMCONST    	FD9D	0000	2
		_just_reset    		MEDIUMCONST    	FD86	0000	2
		_note_setup    		MEDIUMCONST    	FD92	0000	2
		_cashbox_err   		MEDIUMCONST    	FD84	0000	2
		_pricemsg      		MEDIUMCONST    	FD28	0000	9
		_chan2time     		MEDIUMCONST    	FD45	0000	3
		_cc_enable     		MEDIUMCONST    	FD7B	0000	2
		_invalid_escrow		MEDIUMCONST    	FD82	0000	2
		_chan8time     		MEDIUMCONST    	FD39	0000	3
		_cc_adpoll     		MEDIUMCONST    	FD72	0000	2
		_hopcoin       		MEDIUMCONST    	FD59	0000	3
		_note_type     		MEDIUMCONST    	FD8F	0000	2
		_cashint       		MEDIUMCONST    	FD67	0000	3
		_chan6linkbits 		MEDIUMCONST    	FD4D	0000	3
		_line4         		MEDIUMCONST    	FD94	0000	2
		_note_security 		MEDIUMCONST    	FD91	0000	2
		_dispshleft    		MEDIUMCONST    	FD9B	0000	2
		_dispaddr      		MEDIUMCONST    	FDA0	0000	2
		_venderrors    		MEDIUMCONST    	FD61	0000	3
		_cc_pin        		MEDIUMCONST    	FD75	0000	2
		_cc_countrq    		MEDIUMCONST    	FD78	0000	2
		_vendstore     		MEDIUMCONST    	FD65	0000	3
		_dispon        		MEDIUMCONST    	FDA2	0000	2
		_dispsl        		MEDIUMCONST    	FD98	0000	2
		_inscoin       		MEDIUMCONST    	FEE7	0000	50
		_acept_disabled		MEDIUMCONST    	FD83	0000	2
		_onmsg         		MEDIUMCONST    	FFFB	0000	5
		_chan3time     		MEDIUMCONST    	FD43	0000	3
		_clrmsg        		MEDIUMCONST    	FFF1	0000	7
		_motr_error    		MEDIUMCONST    	FD8B	0000	2
		_initnote      		MEDIUMCONST    	FF18	0000	38
		_chan1linkbits 		MEDIUMCONST    	FD57	0000	3
		_dispsr        		MEDIUMCONST    	FD99	0000	2
		_dispshright   		MEDIUMCONST    	FD9C	0000	2
		_chan7linkbits 		MEDIUMCONST    	FD4B	0000	3

shared estimated size: 1035

mcc_generated_files/eusart1.c
		_EUSART1_Initialize		CODE           	11A14	0000	23
		_EUSART1_Read  		CODE           	11A3E	0000	19
		_EUSART1_Write 		CODE           	11A70	0000	15

mcc_generated_files/eusart1.c estimated size: 57

eusart_mdb.c
		_eusartmdb_Initialize		CODE           	119E8	0000	23

eusart_mdb.c estimated size: 23

mcc_generated_files/mcc.c
		_PMD_Initialize		CODE           	1196C	0000	29
		_OSCILLATOR_Initialize		CODE           	119B8	0000	25
		_SYSTEM_Initialize		CODE           	117BE	0000	51

mcc_generated_files/mcc.c estimated size: 105

mcc_generated_files/tmr3.c
		_TMR3_Initialize		CODE           	11620	0000	55

mcc_generated_files/tmr3.c estimated size: 55

mcc_generated_files/tmr1.c
		_TMR1_Initialize		CODE           	11656	0000	55

mcc_generated_files/tmr1.c estimated size: 55

lcd.c
		_lcd_dispadd   		CODE           	11988	0000	25
		_displ_price   		CODE           	1148A	0000	65
		_displ_code    		CODE           	10246	0000	263
		_displ_sens    		CODE           	110B4	0000	117
		_lcd_clockE    		CODE           	11A8C	0000	15
		_lcd_clockH    		CODE           	11AB6	0000	9
		_lcd_clockL    		CODE           	11AAE	0000	9
		_displ_credit  		CODE           	116C0	0000	53
		_lcd_test      		CODE           	119FE	0000	23
		_lcd_write     		CODE           	1178C	0000	51
		_lcd_writeC    		CODE           	111FA	0000	103
		_read_busy     		CODE           	11448	0000	67
		_displ_hex     		CODE           	10A3A	0000	183
		_displ_note    		CODE           	1157C	0000	57
		_lcd_string    		CODE           	10AF0	0000	181
		_lcd_init      		CODE           	10C54	0000	169
		_displ_noteer  		CODE           	117F0	0000	49
		_displ_nendis  		CODE           	11728	0000	51

lcd.c estimated size: 1490

mcc_generated_files/memory.c
		_DATAEE_WriteByte		CODE           	11542	0000	59
		_DATAEE_ReadByte		CODE           	119A0	0000	25

mcc_generated_files/memory.c estimated size: 84

mdb.c
		_mdb_unlock    		CODE           	107EC	0000	201
		_mdb_reset     		CODE           	10EAE	0000	135
		_mdb_security  		CODE           	1190E	0000	33
		_mdb_poll      		CODE           	10124	0000	291
		_set_notes     		CODE           	10542	0000	243
		_mdb_noten     		CODE           	11508	0000	59
		_mdb_on        		CODE           	11AD8	0000	7
		_save_notes    		CODE           	118CA	0000	35
		_mdb_transmit  		CODE           	11A62	0000	15
		_init_mdbdata  		CODE           	118A4	0000	39
		_mdb_waitr     		CODE           	11ACC	0000	7
		_mdb_waitx     		CODE           	11AD2	0000	7
		_enable_notes  		CODE           	1103A	0000	123
		_mdb_init      		CODE           	11192	0000	105
		_mdb_comm      		CODE           	10448	0000	251

mdb.c estimated size: 1551

mcc_generated_files/dac1.c
		_DAC1_SetOutput		CODE           	11AA6	0000	9
		_DAC1_Initialize		CODE           	11A9A	0000	13

mcc_generated_files/dac1.c estimated size: 22

main.c
		_main          		CODE           	10978	0000	195
		_enter_service 		CODE           	10CFC	0000	151

main.c estimated size: 346

